Archive member included to satisfy reference by file (symbol)

C:\Repository\RISKYKVM\firmware\src\Udisk_Lib\libRV3UFI.a(CHRV3MAI.o)
                              ./Udisk_Lib/CH32V103UFI.o (CHRV3IntStatus)
C:\Repository\RISKYKVM\firmware\src\Udisk_Lib\libRV3UFI.a(CHRV3BYT.o)
                              ./User/Host_IAP/usb_host_iap.o (CHRV3ByteRead)
c:/mounriver/mounriver_studio/toolchain/risc-v embedded gcc/bin/../lib/gcc/riscv-none-embed/8.2.0/../../../../riscv-none-embed/lib/rv32imac/ilp32\libg_nano.a(lib_a-memcpy.o)
                              ./User/USB_Host/ch32v20x_usbfs_host.o (memcpy)
c:/mounriver/mounriver_studio/toolchain/risc-v embedded gcc/bin/../lib/gcc/riscv-none-embed/8.2.0/../../../../riscv-none-embed/lib/rv32imac/ilp32\libg_nano.a(lib_a-memset.o)
                              ./User/Host_IAP/usb_host_iap.o (memset)
c:/mounriver/mounriver_studio/toolchain/risc-v embedded gcc/bin/../lib/gcc/riscv-none-embed/8.2.0/../../../../riscv-none-embed/lib/rv32imac/ilp32\libg_nano.a(lib_a-printf.o)
                              ./User/Host_IAP/usb_host_iap.o (printf)
c:/mounriver/mounriver_studio/toolchain/risc-v embedded gcc/bin/../lib/gcc/riscv-none-embed/8.2.0/../../../../riscv-none-embed/lib/rv32imac/ilp32\libg_nano.a(lib_a-putchar.o)
                              ./User/Host_IAP/usb_host_iap.o (putchar)
c:/mounriver/mounriver_studio/toolchain/risc-v embedded gcc/bin/../lib/gcc/riscv-none-embed/8.2.0/../../../../riscv-none-embed/lib/rv32imac/ilp32\libg_nano.a(lib_a-puts.o)
                              ./User/Host_IAP/usb_host_iap.o (puts)
c:/mounriver/mounriver_studio/toolchain/risc-v embedded gcc/bin/../lib/gcc/riscv-none-embed/8.2.0/../../../../riscv-none-embed/lib/rv32imac/ilp32\libg_nano.a(lib_a-strcpy.o)
                              ./User/Host_IAP/usb_host_iap.o (strcpy)
c:/mounriver/mounriver_studio/toolchain/risc-v embedded gcc/bin/../lib/gcc/riscv-none-embed/8.2.0/../../../../riscv-none-embed/lib/rv32imac/ilp32\libg_nano.a(lib_a-strlen.o)
                              ./User/Host_IAP/usb_host_iap.o (strlen)
c:/mounriver/mounriver_studio/toolchain/risc-v embedded gcc/bin/../lib/gcc/riscv-none-embed/8.2.0/../../../../riscv-none-embed/lib/rv32imac/ilp32\libg_nano.a(lib_a-wbuf.o)
                              c:/mounriver/mounriver_studio/toolchain/risc-v embedded gcc/bin/../lib/gcc/riscv-none-embed/8.2.0/../../../../riscv-none-embed/lib/rv32imac/ilp32\libg_nano.a(lib_a-puts.o) (__swbuf_r)
c:/mounriver/mounriver_studio/toolchain/risc-v embedded gcc/bin/../lib/gcc/riscv-none-embed/8.2.0/../../../../riscv-none-embed/lib/rv32imac/ilp32\libg_nano.a(lib_a-wsetup.o)
                              c:/mounriver/mounriver_studio/toolchain/risc-v embedded gcc/bin/../lib/gcc/riscv-none-embed/8.2.0/../../../../riscv-none-embed/lib/rv32imac/ilp32\libg_nano.a(lib_a-puts.o) (__swsetup_r)
c:/mounriver/mounriver_studio/toolchain/risc-v embedded gcc/bin/../lib/gcc/riscv-none-embed/8.2.0/../../../../riscv-none-embed/lib/rv32imac/ilp32\libg_nano.a(lib_a-fflush.o)
                              c:/mounriver/mounriver_studio/toolchain/risc-v embedded gcc/bin/../lib/gcc/riscv-none-embed/8.2.0/../../../../riscv-none-embed/lib/rv32imac/ilp32\libg_nano.a(lib_a-wbuf.o) (_fflush_r)
c:/mounriver/mounriver_studio/toolchain/risc-v embedded gcc/bin/../lib/gcc/riscv-none-embed/8.2.0/../../../../riscv-none-embed/lib/rv32imac/ilp32\libg_nano.a(lib_a-findfp.o)
                              c:/mounriver/mounriver_studio/toolchain/risc-v embedded gcc/bin/../lib/gcc/riscv-none-embed/8.2.0/../../../../riscv-none-embed/lib/rv32imac/ilp32\libg_nano.a(lib_a-printf.o) (__sinit)
c:/mounriver/mounriver_studio/toolchain/risc-v embedded gcc/bin/../lib/gcc/riscv-none-embed/8.2.0/../../../../riscv-none-embed/lib/rv32imac/ilp32\libg_nano.a(lib_a-fwalk.o)
                              c:/mounriver/mounriver_studio/toolchain/risc-v embedded gcc/bin/../lib/gcc/riscv-none-embed/8.2.0/../../../../riscv-none-embed/lib/rv32imac/ilp32\libg_nano.a(lib_a-findfp.o) (_fwalk)
c:/mounriver/mounriver_studio/toolchain/risc-v embedded gcc/bin/../lib/gcc/riscv-none-embed/8.2.0/../../../../riscv-none-embed/lib/rv32imac/ilp32\libg_nano.a(lib_a-impure.o)
                              c:/mounriver/mounriver_studio/toolchain/risc-v embedded gcc/bin/../lib/gcc/riscv-none-embed/8.2.0/../../../../riscv-none-embed/lib/rv32imac/ilp32\libg_nano.a(lib_a-fflush.o) (_global_impure_ptr)
c:/mounriver/mounriver_studio/toolchain/risc-v embedded gcc/bin/../lib/gcc/riscv-none-embed/8.2.0/../../../../riscv-none-embed/lib/rv32imac/ilp32\libg_nano.a(lib_a-makebuf.o)
                              c:/mounriver/mounriver_studio/toolchain/risc-v embedded gcc/bin/../lib/gcc/riscv-none-embed/8.2.0/../../../../riscv-none-embed/lib/rv32imac/ilp32\libg_nano.a(lib_a-wsetup.o) (__smakebuf_r)
c:/mounriver/mounriver_studio/toolchain/risc-v embedded gcc/bin/../lib/gcc/riscv-none-embed/8.2.0/../../../../riscv-none-embed/lib/rv32imac/ilp32\libg_nano.a(lib_a-nano-freer.o)
[...]
Memory Configuration

Name             Origin             Length             Attributes
FLASH            0x0000000000000000 0x0000000000008000 xr
RAM              0x0000000020000000 0x0000000000005000 xrw
*default*        0x0000000000000000 0xffffffffffffffff

Linker script and memory map

LOAD ./User/USB_Host/ch32v20x_usbfs_host.o
LOAD ./User/Host_IAP/usb_host_iap.o
LOAD ./User/ch32v20x_it.o
LOAD ./User/main.o
LOAD ./User/system_ch32v20x.o
LOAD ./User/utils.o
LOAD ./Udisk_Lib/CH32V103UFI.o
LOAD ./Startup/startup_ch32v20x_D6.o
LOAD ./Peripheral/src/ch32v20x_adc.o
LOAD ./Peripheral/src/ch32v20x_bkp.o
LOAD ./Peripheral/src/ch32v20x_can.o
LOAD ./Peripheral/src/ch32v20x_crc.o
LOAD ./Peripheral/src/ch32v20x_dbgmcu.o
LOAD ./Peripheral/src/ch32v20x_dma.o
LOAD ./Peripheral/src/ch32v20x_exti.o
LOAD ./Peripheral/src/ch32v20x_flash.o
LOAD ./Peripheral/src/ch32v20x_gpio.o
LOAD ./Peripheral/src/ch32v20x_i2c.o
LOAD ./Peripheral/src/ch32v20x_iwdg.o
LOAD ./Peripheral/src/ch32v20x_misc.o
LOAD ./Peripheral/src/ch32v20x_opa.o
LOAD ./Peripheral/src/ch32v20x_pwr.o
LOAD ./Peripheral/src/ch32v20x_rcc.o
LOAD ./Peripheral/src/ch32v20x_rtc.o
LOAD ./Peripheral/src/ch32v20x_spi.o
LOAD ./Peripheral/src/ch32v20x_tim.o
LOAD ./Peripheral/src/ch32v20x_usart.o
LOAD ./Peripheral/src/ch32v20x_wwdg.o
LOAD ./Debug/debug.o
LOAD ./Core/core_riscv.o
LOAD C:\Repository\RISKYKVM\firmware\src\Udisk_Lib\libRV3UFI.a
LOAD c:/mounriver/mounriver_studio/toolchain/risc-v embedded gcc/bin/../lib/gcc/riscv-none-embed/8.2.0/rv32imac/ilp32\libgcc.a
LOAD c:/mounriver/mounriver_studio/toolchain/risc-v embedded gcc/bin/../lib/gcc/riscv-none-embed/8.2.0/../../../../riscv-none-embed/lib/rv32imac/ilp32\libg_nano.a
LOAD c:/mounriver/mounriver_studio/toolchain/risc-v embedded gcc/bin/../lib/gcc/riscv-none-embed/8.2.0/../../../../riscv-none-embed/lib/rv32imac/ilp32\libc_nano.a
LOAD c:/mounriver/mounriver_studio/toolchain/risc-v embedded gcc/bin/../lib/gcc/riscv-none-embed/8.2.0/rv32imac/ilp32\libgcc.a
START GROUP
LOAD c:/mounriver/mounriver_studio/toolchain/risc-v embedded gcc/bin/../lib/gcc/riscv-none-embed/8.2.0/rv32imac/ilp32\libgcc.a
LOAD c:/mounriver/mounriver_studio/toolchain/risc-v embedded gcc/bin/../lib/gcc/riscv-none-embed/8.2.0/../../../../riscv-none-embed/lib/rv32imac/ilp32\libc_nano.a
LOAD c:/mounriver/mounriver_studio/toolchain/risc-v embedded gcc/bin/../lib/gcc/riscv-none-embed/8.2.0/../../../../riscv-none-embed/lib/rv32imac/ilp32\libnosys.a
END GROUP
START GROUP
LOAD c:/mounriver/mounriver_studio/toolchain/risc-v embedded gcc/bin/../lib/gcc/riscv-none-embed/8.2.0/rv32imac/ilp32\libgcc.a
LOAD c:/mounriver/mounriver_studio/toolchain/risc-v embedded gcc/bin/../lib/gcc/riscv-none-embed/8.2.0/../../../../riscv-none-embed/lib/rv32imac/ilp32\libc_nano.a
LOAD c:/mounriver/mounriver_studio/toolchain/risc-v embedded gcc/bin/../lib/gcc/riscv-none-embed/8.2.0/../../../../riscv-none-embed/lib/rv32imac/ilp32\libnosys.a
END GROUP
                0x0000000000000800                __stack_size = 0x800
                [!provide]                        PROVIDE (_stack_size = __stack_size)
                0x0000000000008000                PROVIDE (_bootloader_limit = (ORIGIN (FLASH) + LENGTH (FLASH)))

.init           0x0000000000000000       0x38
                0x0000000000000000                _sinit = .
                0x0000000000000000                . = ALIGN (0x4)
 *(SORT_NONE(.init))
 .init          0x0000000000000000       0x38 ./Startup/startup_ch32v20x_D6.o
                0x0000000000000000                _start
                0x0000000000000038                . = ALIGN (0x4)
                0x0000000000000038                _einit = .

.vector         0x0000000000000038      0x108
 *(.vector)
 .vector        0x0000000000000038       0xfc ./Startup/startup_ch32v20x_D6.o
                0x0000000000000140                . = ALIGN (0x40)
 *fill*         0x0000000000000134        0xc 

.text           0x0000000000000140     0x4a84
                0x0000000000000140                . = ALIGN (0x4)
 *(.text)
 .text          0x0000000000000140       0xa8 c:/mounriver/mounriver_studio/toolchain/risc-v embedded gcc/bin/../lib/gcc/riscv-none-embed/8.2.0/../../../../riscv-none-embed/lib/rv32imac/ilp32\libg_nano.a(lib_a-memset.o)
                0x0000000000000140                memset
 *(.text.*)
 .text.USBFSH_SetSelfSpeed.part.0
                0x00000000000001e8       0x26 ./User/USB_Host/ch32v20x_usbfs_host.o
 .text.USBFS_RCC_Init
                0x000000000000020e       0x46 ./User/USB_Host/ch32v20x_usbfs_host.o
                0x000000000000020e                USBFS_RCC_Init
 .text.USBFS_Host_Init
                0x0000000000000254       0x58 ./User/USB_Host/ch32v20x_usbfs_host.o
                0x0000000000000254                USBFS_Host_Init
 .text.USBFSH_CheckRootHubPortStatus
                0x00000000000002ac       0x36 ./User/USB_Host/ch32v20x_usbfs_host.o
                0x00000000000002ac                USBFSH_CheckRootHubPortStatus
 .text.USBFSH_CheckRootHubPortEnable
                0x00000000000002e2        0xc ./User/USB_Host/ch32v20x_usbfs_host.o
                0x00000000000002e2                USBFSH_CheckRootHubPortEnable
 .text.USBFSH_CheckRootHubPortSpeed
                0x00000000000002ee       0x12 ./User/USB_Host/ch32v20x_usbfs_host.o
                0x00000000000002ee                USBFSH_CheckRootHubPortSpeed
 .text.USBFSH_SetSelfAddr
                0x0000000000000300       0x18 ./User/USB_Host/ch32v20x_usbfs_host.o
                0x0000000000000300                USBFSH_SetSelfAddr
 .text.USBFSH_SetSelfSpeed
                0x0000000000000318       0x16 ./User/USB_Host/ch32v20x_usbfs_host.o
                0x0000000000000318                USBFSH_SetSelfSpeed
 .text.USBFSH_ResetRootHubPort
                0x000000000000032e       0x58 ./User/USB_Host/ch32v20x_usbfs_host.o
                0x000000000000032e                USBFSH_ResetRootHubPort
 .text.USBFSH_EnableRootHubPort
                0x0000000000000386       0x5e ./User/USB_Host/ch32v20x_usbfs_host.o
                0x0000000000000386                USBFSH_EnableRootHubPort
 .text.USBFSH_Transact
                0x00000000000003e4      0x11a ./User/USB_Host/ch32v20x_usbfs_host.o
                0x00000000000003e4                USBFSH_Transact
 .text.USBFSH_CtrlTransfer
                0x00000000000004fe      0x1b4 ./User/USB_Host/ch32v20x_usbfs_host.o
                0x00000000000004fe                USBFSH_CtrlTransfer
 .text.USBFSH_GetDeviceDescr
                0x00000000000006b2       0x54 ./User/USB_Host/ch32v20x_usbfs_host.o
                0x00000000000006b2                USBFSH_GetDeviceDescr
 .text.USBFSH_GetConfigDescr
                0x0000000000000706       0x96 ./User/USB_Host/ch32v20x_usbfs_host.o
                0x0000000000000706                USBFSH_GetConfigDescr
 .text.USBFSH_SetUsbAddress
                0x000000000000079c       0x40 ./User/USB_Host/ch32v20x_usbfs_host.o
                0x000000000000079c                USBFSH_SetUsbAddress
 .text.USBFSH_SetUsbConfig
                0x00000000000007dc       0x1c ./User/USB_Host/ch32v20x_usbfs_host.o
                0x00000000000007dc                USBFSH_SetUsbConfig
 .text.USBFSH_ClearEndpStall
                0x00000000000007f8       0x1c ./User/USB_Host/ch32v20x_usbfs_host.o
                0x00000000000007f8                USBFSH_ClearEndpStall
 .text.IAP_Flash_Read
                0x0000000000000814       0x5a ./User/Host_IAP/usb_host_iap.o
                0x0000000000000814                IAP_Flash_Read
 .text.IAP_Flash_Write
                0x000000000000086e      0x116 ./User/Host_IAP/usb_host_iap.o
                0x000000000000086e                IAP_Flash_Write
 .text.IAP_Flash_Verify
                0x0000000000000984       0x56 ./User/Host_IAP/usb_host_iap.o
                0x0000000000000984                IAP_Flash_Verify
 .text.IAP_Flash_Program
                0x00000000000009da       0x48 ./User/Host_IAP/usb_host_iap.o
                0x00000000000009da                IAP_Flash_Program
 .text.IAP_Jump_APP
                0x0000000000000a22       0x12 ./User/Host_IAP/usb_host_iap.o
                0x0000000000000a22                IAP_Jump_APP
 .text.mStopIfError
                0x0000000000000a34       0x18 ./User/Host_IAP/usb_host_iap.o
                0x0000000000000a34                mStopIfError
 .text.IAP_Initialization
                0x0000000000000a4c       0x66 ./User/Host_IAP/usb_host_iap.o
                0x0000000000000a4c                IAP_Initialization
 .text.USBH_EnumRootDevice
                0x0000000000000ab2      0x210 ./User/Host_IAP/usb_host_iap.o
                0x0000000000000ab2                USBH_EnumRootDevice
 .text.IAP_USBH_PreDeal
                0x0000000000000cc2       0xc8 ./User/Host_IAP/usb_host_iap.o
                0x0000000000000cc2                IAP_USBH_PreDeal
 .text.IAP_Main_Deal
                0x0000000000000d8a      0x344 ./User/Host_IAP/usb_host_iap.o
                0x0000000000000d8a                IAP_Main_Deal
 .text.NMI_Handler
                0x00000000000010ce        0x4 ./User/ch32v20x_it.o
                0x00000000000010ce                NMI_Handler
 .text.HardFault_Handler
                0x00000000000010d2        0x2 ./User/ch32v20x_it.o
                0x00000000000010d2                HardFault_Handler
 .text.SW_Handler
                0x00000000000010d4        0x6 ./User/ch32v20x_it.o
                0x00000000000010d4                SW_Handler
 .text.startup.main
                0x00000000000010da       0x38 ./User/main.o
                0x00000000000010da                main
 .text.SystemInit
                0x0000000000001112       0xa8 ./User/system_ch32v20x.o
                0x0000000000001112                SystemInit
 .text.blinkLed
                0x00000000000011ba       0x48 ./User/utils.o
                0x00000000000011ba                blinkLed
 .text.InitStuff
                0x0000000000001202       0x6c ./User/utils.o
                0x0000000000001202                InitStuff
 .text.DeInitStuff
                0x000000000000126e       0x14 ./User/utils.o
                0x000000000000126e                DeInitStuff
 .text.USBHostTransact
                0x0000000000001282      0x12c ./Udisk_Lib/CH32V103UFI.o
                0x0000000000001282                USBHostTransact
 .text.HostCtrlTransfer
                0x00000000000013ae       0x20 ./Udisk_Lib/CH32V103UFI.o
                0x00000000000013ae                HostCtrlTransfer
 .text.CtrlGetConfigDescrTB
                0x00000000000013ce       0x1e ./Udisk_Lib/CH32V103UFI.o
                0x00000000000013ce                CtrlGetConfigDescrTB
 .text.CtrlSetUsbConfig
                0x00000000000013ec        0xa ./Udisk_Lib/CH32V103UFI.o
                0x00000000000013ec                CtrlSetUsbConfig
 .text.CtrlClearEndpStall
                0x00000000000013f6        0xa ./Udisk_Lib/CH32V103UFI.o
                0x00000000000013f6                CtrlClearEndpStall
 .text.CHRV3ReadSector
                0x0000000000001400       0xde ./Udisk_Lib/CH32V103UFI.o
                0x0000000000001400                CHRV3ReadSector
 .text.CHRV3WriteSector
                0x00000000000014de       0xdc ./Udisk_Lib/CH32V103UFI.o
                0x00000000000014de                CHRV3WriteSector
 .text.CHRV3DiskConnect
                0x00000000000015ba       0x42 ./Udisk_Lib/CH32V103UFI.o
                0x00000000000015ba                CHRV3DiskConnect
 .text.xFileNameEnumer
                0x00000000000015fc        0x2 ./Udisk_Lib/CH32V103UFI.o
                0x00000000000015fc                xFileNameEnumer
 .text.CHRV3LibInit
                0x00000000000015fe       0x72 ./Udisk_Lib/CH32V103UFI.o
                0x00000000000015fe                CHRV3LibInit
 .text.mDelaymS
                0x0000000000001670        0x2 ./Udisk_Lib/CH32V103UFI.o
                0x0000000000001670                mDelaymS
 .text.vector_handler
                0x0000000000001672       0x6c ./Startup/startup_ch32v20x_D6.o
                0x0000000000001676                Ecall_M_Mode_Handler
                0x0000000000001678                Ecall_U_Mode_Handler
                0x000000000000167a                Break_Point_Handler
                0x000000000000167c                SysTick_Handler
                0x0000000000001680                WWDG_IRQHandler
                0x0000000000001682                PVD_IRQHandler
                0x0000000000001684                TAMPER_IRQHandler
                0x0000000000001686                RTC_IRQHandler
                0x0000000000001688                FLASH_IRQHandler
                0x000000000000168a                RCC_IRQHandler
                0x000000000000168c                EXTI0_IRQHandler
                0x000000000000168e                EXTI1_IRQHandler
                0x0000000000001690                EXTI2_IRQHandler
                0x0000000000001692                EXTI3_IRQHandler
                0x0000000000001694                EXTI4_IRQHandler
                0x0000000000001696                DMA1_Channel1_IRQHandler
                0x0000000000001698                DMA1_Channel2_IRQHandler
                0x000000000000169a                DMA1_Channel3_IRQHandler
                0x000000000000169c                DMA1_Channel4_IRQHandler
                0x000000000000169e                DMA1_Channel5_IRQHandler
                0x00000000000016a0                DMA1_Channel6_IRQHandler
                0x00000000000016a2                DMA1_Channel7_IRQHandler
                0x00000000000016a4                ADC1_2_IRQHandler
                0x00000000000016a6                USB_HP_CAN1_TX_IRQHandler
                0x00000000000016a8                USB_LP_CAN1_RX0_IRQHandler
                0x00000000000016aa                CAN1_RX1_IRQHandler
                0x00000000000016ac                CAN1_SCE_IRQHandler
                0x00000000000016ae                EXTI9_5_IRQHandler
                0x00000000000016b0                TIM1_BRK_IRQHandler
                0x00000000000016b2                TIM1_UP_IRQHandler
                0x00000000000016b4                TIM1_TRG_COM_IRQHandler
                0x00000000000016b6                TIM1_CC_IRQHandler
                0x00000000000016b8                TIM2_IRQHandler
                0x00000000000016ba                TIM3_IRQHandler
                0x00000000000016bc                TIM4_IRQHandler
                0x00000000000016be                I2C1_EV_IRQHandler
                0x00000000000016c0                I2C1_ER_IRQHandler
                0x00000000000016c2                I2C2_EV_IRQHandler
                0x00000000000016c4                I2C2_ER_IRQHandler
                0x00000000000016c6                SPI1_IRQHandler
                0x00000000000016c8                SPI2_IRQHandler
                0x00000000000016ca                USART1_IRQHandler
                0x00000000000016cc                USART2_IRQHandler
                0x00000000000016ce                USART3_IRQHandler
                0x00000000000016d0                EXTI15_10_IRQHandler
                0x00000000000016d2                RTCAlarm_IRQHandler
                0x00000000000016d4                USBWakeUp_IRQHandler
                0x00000000000016d6                USBHD_IRQHandler
                0x00000000000016d8                USBHDWakeUp_IRQHandler
                0x00000000000016da                UART4_IRQHandler
                0x00000000000016dc                DMA1_Channel8_IRQHandler
 .text.handle_reset
                0x00000000000016de       0x7a ./Startup/startup_ch32v20x_D6.o
                0x00000000000016de                handle_reset
 .text.FLASH_Unlock_Fast
                0x0000000000001758       0x1e ./Peripheral/src/ch32v20x_flash.o
                0x0000000000001758                FLASH_Unlock_Fast
 .text.FLASH_Lock_Fast
                0x0000000000001776        0xe ./Peripheral/src/ch32v20x_flash.o
                0x0000000000001776                FLASH_Lock_Fast
 .text.FLASH_ErasePage_Fast
                0x0000000000001784       0x2e ./Peripheral/src/ch32v20x_flash.o
                0x0000000000001784                FLASH_ErasePage_Fast
 .text.FLASH_ProgramPage_Fast
                0x00000000000017b2       0x64 ./Peripheral/src/ch32v20x_flash.o
                0x00000000000017b2                FLASH_ProgramPage_Fast
 .text.GPIO_Init
                0x0000000000001816       0xf8 ./Peripheral/src/ch32v20x_gpio.o
                0x0000000000001816                GPIO_Init
 .text.GPIO_ReadInputDataBit
                0x000000000000190e       0x1a ./Peripheral/src/ch32v20x_gpio.o
                0x000000000000190e                GPIO_ReadInputDataBit
 .text.GPIO_WriteBit
                0x0000000000001928       0x1a ./Peripheral/src/ch32v20x_gpio.o
                0x0000000000001928                GPIO_WriteBit
 .text.RCC_USBCLKConfig
                0x0000000000001942       0x1a ./Peripheral/src/ch32v20x_rcc.o
                0x0000000000001942                RCC_USBCLKConfig
 .text.RCC_AHBPeriphClockCmd
                0x000000000000195c       0x1e ./Peripheral/src/ch32v20x_rcc.o
                0x000000000000195c                RCC_AHBPeriphClockCmd
 .text.RCC_APB2PeriphClockCmd
                0x000000000000197a       0x1e ./Peripheral/src/ch32v20x_rcc.o
                0x000000000000197a                RCC_APB2PeriphClockCmd
 .text.Delay_Init
                0x0000000000001998       0x2a ./Debug/debug.o
                0x0000000000001998                Delay_Init
 .text.Delay_Us
                0x00000000000019c2       0x36 ./Debug/debug.o
                0x00000000000019c2                Delay_Us
 .text.Delay_Ms
                0x00000000000019f8       0x36 ./Debug/debug.o
                0x00000000000019f8                Delay_Ms
 .text.USART_Printf_Init
                0x0000000000001a2e        0x2 ./Debug/debug.o
                0x0000000000001a2e                USART_Printf_Init
 .text._write   0x0000000000001a30        0x4 ./Debug/debug.o
                0x0000000000001a30                _write
 .text._sbrk    0x0000000000001a34       0x26 ./Debug/debug.o
                0x0000000000001a34                _sbrk
 .text.mBulkOnlyReset
                0x0000000000001a5a       0x9a C:\Repository\RISKYKVM\firmware\src\Udisk_Lib\libRV3UFI.a(CHRV3MAI.o)
 .text.mUpdateStatus.part.1
                0x0000000000001af4       0x1a C:\Repository\RISKYKVM\firmware\src\Udisk_Lib\libRV3UFI.a(CHRV3MAI.o)
 .text.mReadSectorFAT
                0x0000000000001b0e       0x62 C:\Repository\RISKYKVM\firmware\src\Udisk_Lib\libRV3UFI.a(CHRV3MAI.o)
                0x0000000000001b0e                mReadSectorFAT
 .text.mReadSectorFDT
                0x0000000000001b70       0x62 C:\Repository\RISKYKVM\firmware\src\Udisk_Lib\libRV3UFI.a(CHRV3MAI.o)
                0x0000000000001b70                mReadSectorFDT
 .text.mWriteSectorFAT
                0x0000000000001bd2       0x46 C:\Repository\RISKYKVM\firmware\src\Udisk_Lib\libRV3UFI.a(CHRV3MAI.o)
                0x0000000000001bd2                mWriteSectorFAT
 .text.mWriteSectorFDT
                0x0000000000001c18       0x46 C:\Repository\RISKYKVM\firmware\src\Udisk_Lib\libRV3UFI.a(CHRV3MAI.o)
                0x0000000000001c18                mWriteSectorFDT
 .text.mClusterToLba
                0x0000000000001c5e       0x20 C:\Repository\RISKYKVM\firmware\src\Udisk_Lib\libRV3UFI.a(CHRV3MAI.o)
                0x0000000000001c5e                mClusterToLba
 .text.CHRV3GetVer
                0x0000000000001c7e        0x4 C:\Repository\RISKYKVM\firmware\src\Udisk_Lib\libRV3UFI.a(CHRV3MAI.o)
                0x0000000000001c7e                CHRV3GetVer
 .text.mUpdateStatus
                0x0000000000001c82       0x1a C:\Repository\RISKYKVM\firmware\src\Udisk_Lib\libRV3UFI.a(CHRV3MAI.o)
                0x0000000000001c82                mUpdateStatus
 .text.CHRV3BulkOnlyCmd
                0x0000000000001c9c      0x2c4 C:\Repository\RISKYKVM\firmware\src\Udisk_Lib\libRV3UFI.a(CHRV3MAI.o)
                0x0000000000001c9c                CHRV3BulkOnlyCmd
 .text.mReqDiskSense
                0x0000000000001f60       0xac C:\Repository\RISKYKVM\firmware\src\Udisk_Lib\libRV3UFI.a(CHRV3MAI.o)
 .text.mGetDiskSize
                0x000000000000200c      0x14a C:\Repository\RISKYKVM\firmware\src\Udisk_Lib\libRV3UFI.a(CHRV3MAI.o)
 .text.CHRV3AnalyzeError
                0x0000000000002156       0xb6 C:\Repository\RISKYKVM\firmware\src\Udisk_Lib\libRV3UFI.a(CHRV3MAI.o)
                0x0000000000002156                CHRV3AnalyzeError
 .text.CHRV3s10
                0x000000000000220c      0x310 C:\Repository\RISKYKVM\firmware\src\Udisk_Lib\libRV3UFI.a(CHRV3MAI.o)
 .text.CHRV3DiskReady
                0x000000000000251c       0xec C:\Repository\RISKYKVM\firmware\src\Udisk_Lib\libRV3UFI.a(CHRV3MAI.o)
                0x000000000000251c                CHRV3DiskReady
 .text.CHRV3s11
                0x0000000000002608      0x42e C:\Repository\RISKYKVM\firmware\src\Udisk_Lib\libRV3UFI.a(CHRV3MAI.o)
                0x0000000000002608                CHRV3s11
 .text.mSaveFatSector
                0x0000000000002a36       0x7e C:\Repository\RISKYKVM\firmware\src\Udisk_Lib\libRV3UFI.a(CHRV3MAI.o)
                0x0000000000002a36                mSaveFatSector
 .text.CHRV3s20
                0x0000000000002ab4      0x27c C:\Repository\RISKYKVM\firmware\src\Udisk_Lib\libRV3UFI.a(CHRV3MAI.o)
                0x0000000000002ab4                CHRV3s20
 .text.CHRV3FileOpen
                0x0000000000002d30      0x4d2 C:\Repository\RISKYKVM\firmware\src\Udisk_Lib\libRV3UFI.a(CHRV3MAI.o)
                0x0000000000002d30                CHRV3FileOpen
 .text.mModifyFileSize
                0x0000000000003202       0x50 C:\Repository\RISKYKVM\firmware\src\Udisk_Lib\libRV3UFI.a(CHRV3MAI.o)
                0x0000000000003202                mModifyFileSize
 .text.CHRV3FileClose
                0x0000000000003252       0xa8 C:\Repository\RISKYKVM\firmware\src\Udisk_Lib\libRV3UFI.a(CHRV3MAI.o)
                0x0000000000003252                CHRV3FileClose
 .text.CHRV3s25.part.0
                0x00000000000032fa       0x20 C:\Repository\RISKYKVM\firmware\src\Udisk_Lib\libRV3UFI.a(CHRV3BYT.o)
 .text.CHRV3ByteRead
                0x000000000000331a      0x232 C:\Repository\RISKYKVM\firmware\src\Udisk_Lib\libRV3UFI.a(CHRV3BYT.o)
                0x000000000000331a                CHRV3ByteRead
 .text.printf   0x000000000000354c       0x40 c:/mounriver/mounriver_studio/toolchain/risc-v embedded gcc/bin/../lib/gcc/riscv-none-embed/8.2.0/../../../../riscv-none-embed/lib/rv32imac/ilp32\libg_nano.a(lib_a-printf.o)
                0x000000000000354c                iprintf
                0x000000000000354c                printf
 .text.putchar  0x000000000000358c       0x2a c:/mounriver/mounriver_studio/toolchain/risc-v embedded gcc/bin/../lib/gcc/riscv-none-embed/8.2.0/../../../../riscv-none-embed/lib/rv32imac/ilp32\libg_nano.a(lib_a-putchar.o)
                0x000000000000358c                putchar
 .text._puts_r  0x00000000000035b6       0xda c:/mounriver/mounriver_studio/toolchain/risc-v embedded gcc/bin/../lib/gcc/riscv-none-embed/8.2.0/../../../../riscv-none-embed/lib/rv32imac/ilp32\libg_nano.a(lib_a-puts.o)
                0x00000000000035b6                _puts_r
 .text.puts     0x0000000000003690        0xc c:/mounriver/mounriver_studio/toolchain/risc-v embedded gcc/bin/../lib/gcc/riscv-none-embed/8.2.0/../../../../riscv-none-embed/lib/rv32imac/ilp32\libg_nano.a(lib_a-puts.o)
                0x0000000000003690                puts
 .text.strcpy   0x000000000000369c       0x12 c:/mounriver/mounriver_studio/toolchain/risc-v embedded gcc/bin/../lib/gcc/riscv-none-embed/8.2.0/../../../../riscv-none-embed/lib/rv32imac/ilp32\libg_nano.a(lib_a-strcpy.o)
                0x000000000000369c                strcpy
 .text.strlen   0x00000000000036ae       0x12 c:/mounriver/mounriver_studio/toolchain/risc-v embedded gcc/bin/../lib/gcc/riscv-none-embed/8.2.0/../../../../riscv-none-embed/lib/rv32imac/ilp32\libg_nano.a(lib_a-strlen.o)
                0x00000000000036ae                strlen
 .text.__swbuf_r
                0x00000000000036c0       0xc0 c:/mounriver/mounriver_studio/toolchain/risc-v embedded gcc/bin/../lib/gcc/riscv-none-embed/8.2.0/../../../../riscv-none-embed/lib/rv32imac/ilp32\libg_nano.a(lib_a-wbuf.o)
                0x00000000000036c0                __swbuf_r
 .text.__swsetup_r
                0x0000000000003780      0x10c c:/mounriver/mounriver_studio/toolchain/risc-v embedded gcc/bin/../lib/gcc/riscv-none-embed/8.2.0/../../../../riscv-none-embed/lib/rv32imac/ilp32\libg_nano.a(lib_a-wsetup.o)
                0x0000000000003780                __swsetup_r
 .text.__sflush_r
                0x000000000000388c      0x13c c:/mounriver/mounriver_studio/toolchain/risc-v embedded gcc/bin/../lib/gcc/riscv-none-embed/8.2.0/../../../../riscv-none-embed/lib/rv32imac/ilp32\libg_nano.a(lib_a-fflush.o)
                0x000000000000388c                __sflush_r
 .text._fflush_r
                0x00000000000039c8       0x66 c:/mounriver/mounriver_studio/toolchain/risc-v embedded gcc/bin/../lib/gcc/riscv-none-embed/8.2.0/../../../../riscv-none-embed/lib/rv32imac/ilp32\libg_nano.a(lib_a-fflush.o)
                0x00000000000039c8                _fflush_r
 .text.std      0x0000000000003a2e       0x6a c:/mounriver/mounriver_studio/toolchain/risc-v embedded gcc/bin/../lib/gcc/riscv-none-embed/8.2.0/../../../../riscv-none-embed/lib/rv32imac/ilp32\libg_nano.a(lib_a-findfp.o)
 .text._cleanup_r
                0x0000000000003a98        0xa c:/mounriver/mounriver_studio/toolchain/risc-v embedded gcc/bin/../lib/gcc/riscv-none-embed/8.2.0/../../../../riscv-none-embed/lib/rv32imac/ilp32\libg_nano.a(lib_a-findfp.o)
                0x0000000000003a98                _cleanup_r
 .text.__sfmoreglue
                0x0000000000003aa2       0x46 c:/mounriver/mounriver_studio/toolchain/risc-v embedded gcc/bin/../lib/gcc/riscv-none-embed/8.2.0/../../../../riscv-none-embed/lib/rv32imac/ilp32\libg_nano.a(lib_a-findfp.o)
                0x0000000000003aa2                __sfmoreglue
 .text.__sinit  0x0000000000003ae8       0x6c c:/mounriver/mounriver_studio/toolchain/risc-v embedded gcc/bin/../lib/gcc/riscv-none-embed/8.2.0/../../../../riscv-none-embed/lib/rv32imac/ilp32\libg_nano.a(lib_a-findfp.o)
                0x0000000000003ae8                __sinit
 .text.__sfp    0x0000000000003b54       0xa0 c:/mounriver/mounriver_studio/toolchain/risc-v embedded gcc/bin/../lib/gcc/riscv-none-embed/8.2.0/../../../../riscv-none-embed/lib/rv32imac/ilp32\libg_nano.a(lib_a-findfp.o)
                0x0000000000003b54                __sfp
 .text._fwalk_reent
                0x0000000000003bf4       0x6c c:/mounriver/mounriver_studio/toolchain/risc-v embedded gcc/bin/../lib/gcc/riscv-none-embed/8.2.0/../../../../riscv-none-embed/lib/rv32imac/ilp32\libg_nano.a(lib_a-fwalk.o)
                0x0000000000003bf4                _fwalk_reent
 .text.__swhatbuf_r
                0x0000000000003c60       0x5a c:/mounriver/mounriver_studio/toolchain/risc-v embedded gcc/bin/../lib/gcc/riscv-none-embed/8.2.0/../../../../riscv-none-embed/lib/rv32imac/ilp32\libg_nano.a(lib_a-makebuf.o)
                0x0000000000003c60                __swhatbuf_r
 .text.__smakebuf_r
                0x0000000000003cba       0xa0 c:/mounriver/mounriver_studio/toolchain/risc-v embedded gcc/bin/../lib/gcc/riscv-none-embed/8.2.0/../../../../riscv-none-embed/lib/rv32imac/ilp32\libg_nano.a(lib_a-makebuf.o)
                0x0000000000003cba                __smakebuf_r
 .text._free_r  0x0000000000003d5a       0xa8 c:/mounriver/mounriver_studio/toolchain/risc-v embedded gcc/bin/../lib/gcc/riscv-none-embed/8.2.0/../../../../riscv-none-embed/lib/rv32imac/ilp32\libg_nano.a(lib_a-nano-freer.o)
                0x0000000000003d5a                _free_r
 .text._malloc_r
                0x0000000000003e02       0xd8 c:/mounriver/mounriver_studio/toolchain/risc-v embedded gcc/bin/../lib/gcc/riscv-none-embed/8.2.0/../../../../riscv-none-embed/lib/rv32imac/ilp32\libg_nano.a(lib_a-nano-mallocr.o)
                0x0000000000003e02                _malloc_r
 .text.__sfputc_r
                0x0000000000003eda       0x2a c:/mounriver/mounriver_studio/toolchain/risc-v embedded gcc/bin/../lib/gcc/riscv-none-embed/8.2.0/../../../../riscv-none-embed/lib/rv32imac/ilp32\libg_nano.a(lib_a-nano-vfprintf.o)
 .text.__sfputs_r
                0x0000000000003f04       0x44 c:/mounriver/mounriver_studio/toolchain/risc-v embedded gcc/bin/../lib/gcc/riscv-none-embed/8.2.0/../../../../riscv-none-embed/lib/rv32imac/ilp32\libg_nano.a(lib_a-nano-vfprintf.o)
                0x0000000000003f04                __sfputs_r
 .text._vfprintf_r
                0x0000000000003f48      0x29e c:/mounriver/mounriver_studio/toolchain/risc-v embedded gcc/bin/../lib/gcc/riscv-none-embed/8.2.0/../../../../riscv-none-embed/lib/rv32imac/ilp32\libg_nano.a(lib_a-nano-vfprintf.o)
                0x0000000000003f48                _vfprintf_r
                0x0000000000003f48                _vfiprintf_r
 .text._printf_common
                0x00000000000041e6      0x10c c:/mounriver/mounriver_studio/toolchain/risc-v embedded gcc/bin/../lib/gcc/riscv-none-embed/8.2.0/../../../../riscv-none-embed/lib/rv32imac/ilp32\libg_nano.a(lib_a-nano-vfprintf_i.o)
                0x00000000000041e6                _printf_common
 .text._printf_i
                0x00000000000042f2      0x2aa c:/mounriver/mounriver_studio/toolchain/risc-v embedded gcc/bin/../lib/gcc/riscv-none-embed/8.2.0/../../../../riscv-none-embed/lib/rv32imac/ilp32\libg_nano.a(lib_a-nano-vfprintf_i.o)
                0x00000000000042f2                _printf_i
 .text._putc_r  0x000000000000459c       0x86 c:/mounriver/mounriver_studio/toolchain/risc-v embedded gcc/bin/../lib/gcc/riscv-none-embed/8.2.0/../../../../riscv-none-embed/lib/rv32imac/ilp32\libg_nano.a(lib_a-putc.o)
                0x000000000000459c                _putc_r
 .text._sbrk_r  0x0000000000004622       0x2a c:/mounriver/mounriver_studio/toolchain/risc-v embedded gcc/bin/../lib/gcc/riscv-none-embed/8.2.0/../../../../riscv-none-embed/lib/rv32imac/ilp32\libg_nano.a(lib_a-sbrkr.o)
                0x0000000000004622                _sbrk_r
 .text.__sread  0x000000000000464c       0x30 c:/mounriver/mounriver_studio/toolchain/risc-v embedded gcc/bin/../lib/gcc/riscv-none-embed/8.2.0/../../../../riscv-none-embed/lib/rv32imac/ilp32\libg_nano.a(lib_a-stdio.o)
                0x000000000000464c                __sread
 .text.__swrite
                0x000000000000467c       0x4e c:/mounriver/mounriver_studio/toolchain/risc-v embedded gcc/bin/../lib/gcc/riscv-none-embed/8.2.0/../../../../riscv-none-embed/lib/rv32imac/ilp32\libg_nano.a(lib_a-stdio.o)
                0x000000000000467c                __swrite
 .text.__sseek  0x00000000000046ca       0x36 c:/mounriver/mounriver_studio/toolchain/risc-v embedded gcc/bin/../lib/gcc/riscv-none-embed/8.2.0/../../../../riscv-none-embed/lib/rv32imac/ilp32\libg_nano.a(lib_a-stdio.o)
                0x00000000000046ca                __sseek
 .text.__sclose
                0x0000000000004700        0x6 c:/mounriver/mounriver_studio/toolchain/risc-v embedded gcc/bin/../lib/gcc/riscv-none-embed/8.2.0/../../../../riscv-none-embed/lib/rv32imac/ilp32\libg_nano.a(lib_a-stdio.o)
                0x0000000000004700                __sclose
 .text._write_r
                0x0000000000004706       0x2e c:/mounriver/mounriver_studio/toolchain/risc-v embedded gcc/bin/../lib/gcc/riscv-none-embed/8.2.0/../../../../riscv-none-embed/lib/rv32imac/ilp32\libg_nano.a(lib_a-writer.o)
                0x0000000000004706                _write_r
 .text._close_r
                0x0000000000004734       0x28 c:/mounriver/mounriver_studio/toolchain/risc-v embedded gcc/bin/../lib/gcc/riscv-none-embed/8.2.0/../../../../riscv-none-embed/lib/rv32imac/ilp32\libg_nano.a(lib_a-closer.o)
                0x0000000000004734                _close_r
 .text._fstat_r
                0x000000000000475c       0x2a c:/mounriver/mounriver_studio/toolchain/risc-v embedded gcc/bin/../lib/gcc/riscv-none-embed/8.2.0/../../../../riscv-none-embed/lib/rv32imac/ilp32\libg_nano.a(lib_a-fstatr.o)
                0x000000000000475c                _fstat_r
 .text._isatty_r
                0x0000000000004786       0x28 c:/mounriver/mounriver_studio/toolchain/risc-v embedded gcc/bin/../lib/gcc/riscv-none-embed/8.2.0/../../../../riscv-none-embed/lib/rv32imac/ilp32\libg_nano.a(lib_a-isattyr.o)
                0x0000000000004786                _isatty_r
 .text._lseek_r
                0x00000000000047ae       0x2c c:/mounriver/mounriver_studio/toolchain/risc-v embedded gcc/bin/../lib/gcc/riscv-none-embed/8.2.0/../../../../riscv-none-embed/lib/rv32imac/ilp32\libg_nano.a(lib_a-lseekr.o)
                0x00000000000047ae                _lseek_r
 .text.memchr   0x00000000000047da       0x1a c:/mounriver/mounriver_studio/toolchain/risc-v embedded gcc/bin/../lib/gcc/riscv-none-embed/8.2.0/../../../../riscv-none-embed/lib/rv32imac/ilp32\libg_nano.a(lib_a-memchr.o)
                0x00000000000047da                memchr
 .text.__malloc_lock
                0x00000000000047f4        0x2 c:/mounriver/mounriver_studio/toolchain/risc-v embedded gcc/bin/../lib/gcc/riscv-none-embed/8.2.0/../../../../riscv-none-embed/lib/rv32imac/ilp32\libg_nano.a(lib_a-mlock.o)
                0x00000000000047f4                __malloc_lock
 .text.__malloc_unlock
                0x00000000000047f6        0x2 c:/mounriver/mounriver_studio/toolchain/risc-v embedded gcc/bin/../lib/gcc/riscv-none-embed/8.2.0/../../../../riscv-none-embed/lib/rv32imac/ilp32\libg_nano.a(lib_a-mlock.o)
                0x00000000000047f6                __malloc_unlock
 .text._read_r  0x00000000000047f8       0x2c c:/mounriver/mounriver_studio/toolchain/risc-v embedded gcc/bin/../lib/gcc/riscv-none-embed/8.2.0/../../../../riscv-none-embed/lib/rv32imac/ilp32\libg_nano.a(lib_a-readr.o)
                0x00000000000047f8                _read_r
 .text._close   0x0000000000004824        0xc c:/mounriver/mounriver_studio/toolchain/risc-v embedded gcc/bin/../lib/gcc/riscv-none-embed/8.2.0/../../../../riscv-none-embed/lib/rv32imac/ilp32\libnosys.a(close.o)
                0x0000000000004824                _close
 .text._fstat   0x0000000000004830        0xc c:/mounriver/mounriver_studio/toolchain/risc-v embedded gcc/bin/../lib/gcc/riscv-none-embed/8.2.0/../../../../riscv-none-embed/lib/rv32imac/ilp32\libnosys.a(fstat.o)
                0x0000000000004830                _fstat
 .text._isatty  0x000000000000483c        0xc c:/mounriver/mounriver_studio/toolchain/risc-v embedded gcc/bin/../lib/gcc/riscv-none-embed/8.2.0/../../../../riscv-none-embed/lib/rv32imac/ilp32\libnosys.a(isatty.o)
                0x000000000000483c                _isatty
 .text._lseek   0x0000000000004848        0xc c:/mounriver/mounriver_studio/toolchain/risc-v embedded gcc/bin/../lib/gcc/riscv-none-embed/8.2.0/../../../../riscv-none-embed/lib/rv32imac/ilp32\libnosys.a(lseek.o)
                0x0000000000004848                _lseek
 .text._read    0x0000000000004854        0xc c:/mounriver/mounriver_studio/toolchain/risc-v embedded gcc/bin/../lib/gcc/riscv-none-embed/8.2.0/../../../../riscv-none-embed/lib/rv32imac/ilp32\libnosys.a(read.o)
                0x0000000000004854                _read
 *(.rodata)
 *(.rodata*)
 .rodata.IAP_Initialization.str1.4
                0x0000000000004860       0x5c ./User/Host_IAP/usb_host_iap.o
 .rodata.IAP_Main_Deal.str1.4
                0x00000000000048bc      0x167 ./User/Host_IAP/usb_host_iap.o
 *fill*         0x0000000000004a23        0x1 
 .rodata.IAP_USBH_PreDeal.str1.4
                0x0000000000004a24       0x84 ./User/Host_IAP/usb_host_iap.o
 .rodata.USBH_EnumRootDevice.str1.4
                0x0000000000004aa8       0x5a ./User/Host_IAP/usb_host_iap.o
 *fill*         0x0000000000004b02        0x2 
 .rodata.mStopIfError.str1.4
                0x0000000000004b04        0xd ./User/Host_IAP/usb_host_iap.o
 *fill*         0x0000000000004b11        0x3 
 .rodata.CHRV3LibInit.str1.4
                0x0000000000004b14       0x12 ./Udisk_Lib/CH32V103UFI.o
 *fill*         0x0000000000004b26        0x2 
 .rodata.__sf_fake_stderr
                0x0000000000004b28       0x20 c:/mounriver/mounriver_studio/toolchain/risc-v embedded gcc/bin/../lib/gcc/riscv-none-embed/8.2.0/../../../../riscv-none-embed/lib/rv32imac/ilp32\libg_nano.a(lib_a-findfp.o)
                0x0000000000004b28                __sf_fake_stderr
 .rodata.__sf_fake_stdin
                0x0000000000004b48       0x20 c:/mounriver/mounriver_studio/toolchain/risc-v embedded gcc/bin/../lib/gcc/riscv-none-embed/8.2.0/../../../../riscv-none-embed/lib/rv32imac/ilp32\libg_nano.a(lib_a-findfp.o)
                0x0000000000004b48                __sf_fake_stdin
 .rodata.__sf_fake_stdout
                0x0000000000004b68       0x20 c:/mounriver/mounriver_studio/toolchain/risc-v embedded gcc/bin/../lib/gcc/riscv-none-embed/8.2.0/../../../../riscv-none-embed/lib/rv32imac/ilp32\libg_nano.a(lib_a-findfp.o)
                0x0000000000004b68                __sf_fake_stdout
 .rodata._vfprintf_r.str1.4
                0x0000000000004b88       0x13 c:/mounriver/mounriver_studio/toolchain/risc-v embedded gcc/bin/../lib/gcc/riscv-none-embed/8.2.0/../../../../riscv-none-embed/lib/rv32imac/ilp32\libg_nano.a(lib_a-nano-vfprintf.o)
 *fill*         0x0000000000004b9b        0x1 
 .rodata._printf_i.str1.4
                0x0000000000004b9c       0x28 c:/mounriver/mounriver_studio/toolchain/risc-v embedded gcc/bin/../lib/gcc/riscv-none-embed/8.2.0/../../../../riscv-none-embed/lib/rv32imac/ilp32\libg_nano.a(lib_a-nano-vfprintf_i.o)
                                         0x25 (size before relaxing)
 *(.gnu.linkonce.t.*)
                0x0000000000004bc4                . = ALIGN (0x4)

.rela.dyn       0x0000000000004bc4        0x0
 .rela.text.USBFS_Host_Init
                0x0000000000004bc4        0x0 ./User/USB_Host/ch32v20x_usbfs_host.o
 .rela.text.USBFSH_CtrlTransfer
                0x0000000000004bc4        0x0 ./User/USB_Host/ch32v20x_usbfs_host.o
 .rela.text.USBFSH_GetDeviceDescr
                0x0000000000004bc4        0x0 ./User/USB_Host/ch32v20x_usbfs_host.o
 .rela.text.USBFSH_GetConfigDescr
                0x0000000000004bc4        0x0 ./User/USB_Host/ch32v20x_usbfs_host.o
 .rela.text.USBFSH_SetUsbAddress
                0x0000000000004bc4        0x0 ./User/USB_Host/ch32v20x_usbfs_host.o
 .rela.text.USBFSH_SetUsbConfig
                0x0000000000004bc4        0x0 ./User/USB_Host/ch32v20x_usbfs_host.o
 .rela.text.USBFSH_ClearEndpStall
                0x0000000000004bc4        0x0 ./User/USB_Host/ch32v20x_usbfs_host.o
 .rela.text.IAP_Flash_Read
                0x0000000000004bc4        0x0 ./User/USB_Host/ch32v20x_usbfs_host.o
 .rela.text.IAP_Flash_Write
                0x0000000000004bc4        0x0 ./User/USB_Host/ch32v20x_usbfs_host.o
 .rela.text.IAP_Flash_Verify
                0x0000000000004bc4        0x0 ./User/USB_Host/ch32v20x_usbfs_host.o
 .rela.text.IAP_Flash_Program
                0x0000000000004bc4        0x0 ./User/USB_Host/ch32v20x_usbfs_host.o
 .rela.text.IAP_Jump_APP
                0x0000000000004bc4        0x0 ./User/USB_Host/ch32v20x_usbfs_host.o
 .rela.text.IAP_Initialization
                0x0000000000004bc4        0x0 ./User/USB_Host/ch32v20x_usbfs_host.o
 .rela.text.USBH_EnumRootDevice
                0x0000000000004bc4        0x0 ./User/USB_Host/ch32v20x_usbfs_host.o
 .rela.text.IAP_USBH_PreDeal
                0x0000000000004bc4        0x0 ./User/USB_Host/ch32v20x_usbfs_host.o
 .rela.text.IAP_Main_Deal
                0x0000000000004bc4        0x0 ./User/USB_Host/ch32v20x_usbfs_host.o
 .rela.text.SW_Handler
                0x0000000000004bc4        0x0 ./User/USB_Host/ch32v20x_usbfs_host.o
 .rela.text.HostCtrlTransfer
                0x0000000000004bc4        0x0 ./User/USB_Host/ch32v20x_usbfs_host.o
 .rela.text.CtrlGetConfigDescrTB
                0x0000000000004bc4        0x0 ./User/USB_Host/ch32v20x_usbfs_host.o
 .rela.text.CtrlSetUsbConfig
                0x0000000000004bc4        0x0 ./User/USB_Host/ch32v20x_usbfs_host.o
 .rela.text.CtrlClearEndpStall
                0x0000000000004bc4        0x0 ./User/USB_Host/ch32v20x_usbfs_host.o
 .rela.text.CHRV3ReadSector
                0x0000000000004bc4        0x0 ./User/USB_Host/ch32v20x_usbfs_host.o
 .rela.text.CHRV3WriteSector
                0x0000000000004bc4        0x0 ./User/USB_Host/ch32v20x_usbfs_host.o
 .rela.text.CHRV3DiskConnect
                0x0000000000004bc4        0x0 ./User/USB_Host/ch32v20x_usbfs_host.o
 .rela.text.CHRV3LibInit
                0x0000000000004bc4        0x0 ./User/USB_Host/ch32v20x_usbfs_host.o
 .rela.init     0x0000000000004bc4        0x0 ./User/USB_Host/ch32v20x_usbfs_host.o
 .rela.vector   0x0000000000004bc4        0x0 ./User/USB_Host/ch32v20x_usbfs_host.o
 .rela.text.handle_reset
                0x0000000000004bc4        0x0 ./User/USB_Host/ch32v20x_usbfs_host.o
 .rela.text._sbrk
                0x0000000000004bc4        0x0 ./User/USB_Host/ch32v20x_usbfs_host.o
 .rela.sdata.curbrk.4576
                0x0000000000004bc4        0x0 ./User/USB_Host/ch32v20x_usbfs_host.o
 .rela.text.mBulkOnlyReset
                0x0000000000004bc4        0x0 ./User/USB_Host/ch32v20x_usbfs_host.o
 .rela.text.mUpdateStatus.part.1
                0x0000000000004bc4        0x0 ./User/USB_Host/ch32v20x_usbfs_host.o
 .rela.text.mReadSectorFAT
                0x0000000000004bc4        0x0 ./User/USB_Host/ch32v20x_usbfs_host.o
 .rela.text.mReadSectorFDT
                0x0000000000004bc4        0x0 ./User/USB_Host/ch32v20x_usbfs_host.o
 .rela.text.mWriteSectorFAT
                0x0000000000004bc4        0x0 ./User/USB_Host/ch32v20x_usbfs_host.o
 .rela.text.mWriteSectorFDT
                0x0000000000004bc4        0x0 ./User/USB_Host/ch32v20x_usbfs_host.o
 .rela.text.mClusterToLba
                0x0000000000004bc4        0x0 ./User/USB_Host/ch32v20x_usbfs_host.o
 .rela.text.mUpdateStatus
                0x0000000000004bc4        0x0 ./User/USB_Host/ch32v20x_usbfs_host.o
 .rela.text.CHRV3BulkOnlyCmd
                0x0000000000004bc4        0x0 ./User/USB_Host/ch32v20x_usbfs_host.o
 .rela.text.mReqDiskSense
                0x0000000000004bc4        0x0 ./User/USB_Host/ch32v20x_usbfs_host.o
 .rela.text.mGetDiskSize
                0x0000000000004bc4        0x0 ./User/USB_Host/ch32v20x_usbfs_host.o
 .rela.text.CHRV3AnalyzeError
                0x0000000000004bc4        0x0 ./User/USB_Host/ch32v20x_usbfs_host.o
 .rela.text.CHRV3s10
                0x0000000000004bc4        0x0 ./User/USB_Host/ch32v20x_usbfs_host.o
 .rela.text.CHRV3DiskReady
                0x0000000000004bc4        0x0 ./User/USB_Host/ch32v20x_usbfs_host.o
 .rela.text.CHRV3s11
                0x0000000000004bc4        0x0 ./User/USB_Host/ch32v20x_usbfs_host.o
 .rela.text.mSaveFatSector
                0x0000000000004bc4        0x0 ./User/USB_Host/ch32v20x_usbfs_host.o
 .rela.text.CHRV3s20
                0x0000000000004bc4        0x0 ./User/USB_Host/ch32v20x_usbfs_host.o
 .rela.text.CHRV3FileOpen
                0x0000000000004bc4        0x0 ./User/USB_Host/ch32v20x_usbfs_host.o
 .rela.text.mModifyFileSize
                0x0000000000004bc4        0x0 ./User/USB_Host/ch32v20x_usbfs_host.o
 .rela.text.CHRV3FileClose
                0x0000000000004bc4        0x0 ./User/USB_Host/ch32v20x_usbfs_host.o
 .rela.text.CHRV3s25.part.0
                0x0000000000004bc4        0x0 ./User/USB_Host/ch32v20x_usbfs_host.o
 .rela.text.CHRV3ByteRead
                0x0000000000004bc4        0x0 ./User/USB_Host/ch32v20x_usbfs_host.o
 .rela.text._vfprintf_r
                0x0000000000004bc4        0x0 ./User/USB_Host/ch32v20x_usbfs_host.o
 .rela.text._sbrk_r
                0x0000000000004bc4        0x0 ./User/USB_Host/ch32v20x_usbfs_host.o
 .rela.text._write_r
                0x0000000000004bc4        0x0 ./User/USB_Host/ch32v20x_usbfs_host.o
 .rela.text._close_r
                0x0000000000004bc4        0x0 ./User/USB_Host/ch32v20x_usbfs_host.o
 .rela.text._fstat_r
                0x0000000000004bc4        0x0 ./User/USB_Host/ch32v20x_usbfs_host.o
 .rela.text._isatty_r
                0x0000000000004bc4        0x0 ./User/USB_Host/ch32v20x_usbfs_host.o
 .rela.text._lseek_r
                0x0000000000004bc4        0x0 ./User/USB_Host/ch32v20x_usbfs_host.o
 .rela.text._read_r
                0x0000000000004bc4        0x0 ./User/USB_Host/ch32v20x_usbfs_host.o
 .rela.text._close
                0x0000000000004bc4        0x0 ./User/USB_Host/ch32v20x_usbfs_host.o
 .rela.text._fstat
                0x0000000000004bc4        0x0 ./User/USB_Host/ch32v20x_usbfs_host.o
 .rela.text._isatty
                0x0000000000004bc4        0x0 ./User/USB_Host/ch32v20x_usbfs_host.o
 .rela.text._lseek
                0x0000000000004bc4        0x0 ./User/USB_Host/ch32v20x_usbfs_host.o
 .rela.text._read
                0x0000000000004bc4        0x0 ./User/USB_Host/ch32v20x_usbfs_host.o

.fini           0x0000000000004bc4        0x0
 *(SORT_NONE(.fini))
                0x0000000000004bc4                . = ALIGN (0x4)
                [!provide]                        PROVIDE (_etext = .)
                [!provide]                        PROVIDE (_eitcm = .)

.preinit_array  0x0000000000004bc4        0x0
                [!provide]                        PROVIDE (__preinit_array_start = .)
 *(.preinit_array)
                [!provide]                        PROVIDE (__preinit_array_end = .)

.init_array     0x0000000000004bc4        0x0
                [!provide]                        PROVIDE (__init_array_start = .)
 *(SORT_BY_INIT_PRIORITY(.init_array.*) SORT_BY_INIT_PRIORITY(.ctors.*))
 *(.init_array EXCLUDE_FILE(*crtend?.o *crtend.o *crtbegin?.o *crtbegin.o) .ctors)
                [!provide]                        PROVIDE (__init_array_end = .)

.fini_array     0x0000000000004bc4        0x0
                [!provide]                        PROVIDE (__fini_array_start = .)
 *(SORT_BY_INIT_PRIORITY(.fini_array.*) SORT_BY_INIT_PRIORITY(.dtors.*))
 *(.fini_array EXCLUDE_FILE(*crtend?.o *crtend.o *crtbegin?.o *crtbegin.o) .dtors)
                [!provide]                        PROVIDE (__fini_array_end = .)

.ctors
 *crtbegin.o(.ctors)
 *crtbegin?.o(.ctors)
 *(EXCLUDE_FILE(*crtend?.o *crtend.o) .ctors)
 *(SORT_BY_NAME(.ctors.*))
 *(.ctors)

.dtors
 *crtbegin.o(.dtors)
 *crtbegin?.o(.dtors)
 *(EXCLUDE_FILE(*crtend?.o *crtend.o) .dtors)
 *(SORT_BY_NAME(.dtors.*))
 *(.dtors)

.dalign         0x0000000020000000        0x0 load address 0x0000000000004bc4
                0x0000000020000000                . = ALIGN (0x4)
                0x0000000020000000                PROVIDE (_data_vma = .)

.dlalign        0x0000000000004bc4        0x0
                0x0000000000004bc4                . = ALIGN (0x4)
                0x0000000000004bc4                PROVIDE (_data_lma = .)

.data           0x0000000020000000       0x98 load address 0x0000000000004bc4
 *(.gnu.linkonce.r.*)
 *(.data .data.*)
 .data.impure_data
                0x0000000020000000       0x60 c:/mounriver/mounriver_studio/toolchain/risc-v embedded gcc/bin/../lib/gcc/riscv-none-embed/8.2.0/../../../../riscv-none-embed/lib/rv32imac/ilp32\libg_nano.a(lib_a-impure.o)
 *(.gnu.linkonce.d.*)
                0x0000000020000060                . = ALIGN (0x8)
                0x0000000020000860                PROVIDE (__global_pointer$ = (. + 0x800))
 *(.sdata .sdata.*)
 .sdata.SystemCoreClock
                0x0000000020000060        0x4 ./User/system_ch32v20x.o
                0x0000000020000060                SystemCoreClock
 .sdata.curbrk.4576
                0x0000000020000064        0x4 ./Debug/debug.o
 .sdata._impure_ptr
                0x0000000020000068        0x4 c:/mounriver/mounriver_studio/toolchain/risc-v embedded gcc/bin/../lib/gcc/riscv-none-embed/8.2.0/../../../../riscv-none-embed/lib/rv32imac/ilp32\libg_nano.a(lib_a-impure.o)
                0x0000000020000068                _impure_ptr
 *(.sdata2.*)
 .sdata2.SetupClearEndpStall
                0x000000002000006c        0x8 ./User/USB_Host/ch32v20x_usbfs_host.o
 .sdata2.SetupGetCfgDesc
                0x0000000020000074        0x8 ./User/USB_Host/ch32v20x_usbfs_host.o
 .sdata2.SetupGetDevDesc
                0x000000002000007c        0x8 ./User/USB_Host/ch32v20x_usbfs_host.o
 .sdata2.SetupSetAddr
                0x0000000020000084        0x8 ./User/USB_Host/ch32v20x_usbfs_host.o
 .sdata2.SetupSetConfig
                0x000000002000008c        0x8 ./User/USB_Host/ch32v20x_usbfs_host.o
 .sdata2._global_impure_ptr
                0x0000000020000094        0x4 c:/mounriver/mounriver_studio/toolchain/risc-v embedded gcc/bin/../lib/gcc/riscv-none-embed/8.2.0/../../../../riscv-none-embed/lib/rv32imac/ilp32\libg_nano.a(lib_a-impure.o)
                0x0000000020000094                _global_impure_ptr
 *(.gnu.linkonce.s.*)
                0x0000000020000098                . = ALIGN (0x8)
 *(.srodata.cst16)
 *(.srodata.cst8)
 *(.srodata.cst4)
 *(.srodata.cst2)
 *(.srodata .srodata.*)
                0x0000000020000098                . = ALIGN (0x4)
                0x0000000020000098                PROVIDE (_edata = .)

.bss            0x0000000020000098      0x9b8 load address 0x0000000000004c5c
                0x0000000020000098                . = ALIGN (0x4)
                0x0000000020000098                PROVIDE (_sbss = .)
 *(.sbss*)
 .sbss.op_flag.5343
                0x0000000020000098        0x1 ./User/Host_IAP/usb_host_iap.o
 .sbss.MCU_Version
                0x0000000020000099        0x1 ./Peripheral/src/ch32v20x_gpio.o
                0x0000000020000099                MCU_Version
 .sbss.p_ms     0x000000002000009a        0x2 ./Debug/debug.o
 .sbss.p_us     0x000000002000009c        0x1 ./Debug/debug.o
 *fill*         0x000000002000009d        0x3 
 .sbss.__malloc_free_list
                0x00000000200000a0        0x4 c:/mounriver/mounriver_studio/toolchain/risc-v embedded gcc/bin/../lib/gcc/riscv-none-embed/8.2.0/../../../../riscv-none-embed/lib/rv32imac/ilp32\libg_nano.a(lib_a-nano-mallocr.o)
                0x00000000200000a0                __malloc_free_list
 .sbss.__malloc_sbrk_start
                0x00000000200000a4        0x4 c:/mounriver/mounriver_studio/toolchain/risc-v embedded gcc/bin/../lib/gcc/riscv-none-embed/8.2.0/../../../../riscv-none-embed/lib/rv32imac/ilp32\libg_nano.a(lib_a-nano-mallocr.o)
                0x00000000200000a4                __malloc_sbrk_start
 *(.gnu.linkonce.sb.*)
 *(.bss*)
 *(.gnu.linkonce.b.*)
 *(COMMON*)
 COMMON         0x00000000200000a8       0x80 ./User/USB_Host/ch32v20x_usbfs_host.o
                0x00000000200000a8                RxBuffer
                0x00000000200000e8                TxBuffer
 COMMON         0x0000000020000128      0x654 ./User/Host_IAP/usb_host_iap.o
                0x0000000020000128                Flash_Operation_Key1
                0x000000002000012c                HostCtl
                0x0000000020000238                IAPLoadBuffer
                0x0000000020000638                DevDesc_Buf
                0x000000002000064c                IAP_WriteIn_Count
                0x0000000020000650                RootHubDev
                0x0000000020000670                IAP_WriteIn_Length
                0x0000000020000674                Flash_Operation_Key0
                0x0000000020000678                Com_Buffer
                0x0000000020000778                IAP_Load_Addr_Offset
 COMMON         0x000000002000077c      0x240 ./Udisk_Lib/CH32V103UFI.o
                0x000000002000077c                DISK_BASE_BUF
                0x000000002000097c                mCmdParam
 COMMON         0x00000000200009bc       0x90 C:\Repository\RISKYKVM\firmware\src\Udisk_Lib\libRV3UFI.a(CHRV3MAI.o)
                0x00000000200009bc                pTX_LEN_REG
                0x00000000200009c0                mLinkClusSource
                0x00000000200009c4                mDiskSecPerClusB
                0x00000000200009c8                pDISK_FAT_BUF
                0x00000000200009cc                mFatSecChanged
                0x00000000200009cd                CHRV3vDiskFat
                0x00000000200009d0                CHRV3vDiskRoot
                0x00000000200009d4                CHRV3vStartCluster
                0x00000000200009d8                mValue
                0x00000000200009dc                pTX_DMA_A_REG
                0x00000000200009e0                pDISK_BASE_BUF
                0x00000000200009e4                CHRV3vCurrentOffset
                0x00000000200009e8                pRX_LEN_REG
                0x00000000200009ec                mDiskBulkOutEndp
                0x00000000200009f0                mDiskRsvdSecEnd
                0x00000000200009f4                CHRV3vLbaCurrent
                0x00000000200009f8                CHRV3DiskStatus
                0x00000000200009fc                mTempAddrPoint
                0x0000000020000a00                CHRV3IntStatus
                0x0000000020000a04                mDiskFatSize
                0x0000000020000a08                CHRV3vFileSize
                0x0000000020000a0c                CHRV3vSectorSize
                0x0000000020000a0e                CHRV3vFdtOffset
                0x0000000020000a10                CHRV3vSubClassIs6
                0x0000000020000a14                mCurrentCluster
                0x0000000020000a18                CHRV3vFdtLba
                0x0000000020000a1c                CHRV3vStartLba
                0x0000000020000a20                CHRV3vSecPerClus
                0x0000000020000a22                CHRV3vPacketSize
                0x0000000020000a24                mLinkEndOfClus
                0x0000000020000a26                mDiskInfoSec
                0x0000000020000a28                CHRV3vCurrentLun
                0x0000000020000a2c                mDiskTotalClus
                0x0000000020000a30                mLbaBufferFAT
                0x0000000020000a34                CHRV3vDataStart
                0x0000000020000a38                mCurrentName
                0x0000000020000a3c                mDiskBulkInEndp
                0x0000000020000a3d                CHRV3vSectorSizeB
                0x0000000020000a40                mLbaBufferFDT
                0x0000000020000a44                pRX_DMA_A_REG
                0x0000000020000a48                mDiskInterfNumber
                0x0000000020000a49                mCurSecOffset
                0x0000000020000a4a                mFileSizeChanged
                0x0000000020000a4b                mSaveDevEndpTog
 COMMON         0x0000000020000a4c        0x4 c:/mounriver/mounriver_studio/toolchain/risc-v embedded gcc/bin/../lib/gcc/riscv-none-embed/8.2.0/../../../../riscv-none-embed/lib/rv32imac/ilp32\libg_nano.a(lib_a-reent.o)
                0x0000000020000a4c                errno
                0x0000000020000a50                . = ALIGN (0x4)
                0x0000000020000a50                PROVIDE (_ebss = .)
                0x0000000020000a50                PROVIDE (_end = _ebss)
                [!provide]                        PROVIDE (end = .)

.stack          0x0000000020004800      0x800
                0x0000000020004800                PROVIDE (_heap_end = .)
                0x0000000020004800                . = ALIGN (0x4)
                [!provide]                        PROVIDE (_susrstack = .)
                0x0000000020005000                . = (. + __stack_size)
 *fill*         0x0000000020004800      0x800 
                0x0000000020005000                PROVIDE (_eusrstack = .)
OUTPUT(Bootloader.elf elf32-littleriscv)

.debug_info     0x0000000000000000     0xd2c3
 .debug_info    0x0000000000000000     0x1a80 ./User/USB_Host/ch32v20x_usbfs_host.o
 .debug_info    0x0000000000001a80     0x239c ./User/Host_IAP/usb_host_iap.o
 .debug_info    0x0000000000003e1c      0x974 ./User/ch32v20x_it.o
 .debug_info    0x0000000000004790     0x13f6 ./User/main.o
 .debug_info    0x0000000000005b86      0xb3b ./User/system_ch32v20x.o
 .debug_info    0x00000000000066c1      0xd95 ./User/utils.o
 .debug_info    0x0000000000007456     0x1aa0 ./Udisk_Lib/CH32V103UFI.o
 .debug_info    0x0000000000008ef6       0x22 ./Startup/startup_ch32v20x_D6.o
 .debug_info    0x0000000000008f18     0x13c0 ./Peripheral/src/ch32v20x_flash.o
 .debug_info    0x000000000000a2d8     0x10d9 ./Peripheral/src/ch32v20x_gpio.o
 .debug_info    0x000000000000b3b1     0x125c ./Peripheral/src/ch32v20x_rcc.o
 .debug_info    0x000000000000c60d      0xcb6 ./Debug/debug.o

.debug_abbrev   0x0000000000000000     0x24e5
 .debug_abbrev  0x0000000000000000      0x4a9 ./User/USB_Host/ch32v20x_usbfs_host.o
 .debug_abbrev  0x00000000000004a9      0x54a ./User/Host_IAP/usb_host_iap.o
 .debug_abbrev  0x00000000000009f3      0x1cf ./User/ch32v20x_it.o
 .debug_abbrev  0x0000000000000bc2      0x26b ./User/main.o
 .debug_abbrev  0x0000000000000e2d      0x2b0 ./User/system_ch32v20x.o
 .debug_abbrev  0x00000000000010dd      0x2ac ./User/utils.o
 .debug_abbrev  0x0000000000001389      0x3bc ./Udisk_Lib/CH32V103UFI.o
 .debug_abbrev  0x0000000000001745       0x12 ./Startup/startup_ch32v20x_D6.o
 .debug_abbrev  0x0000000000001757      0x42c ./Peripheral/src/ch32v20x_flash.o
 .debug_abbrev  0x0000000000001b83      0x34b ./Peripheral/src/ch32v20x_gpio.o
 .debug_abbrev  0x0000000000001ece      0x351 ./Peripheral/src/ch32v20x_rcc.o
 .debug_abbrev  0x000000000000221f      0x2c6 ./Debug/debug.o

.debug_loc      0x0000000000000000     0x2f79
 .debug_loc     0x0000000000000000      0x832 ./User/USB_Host/ch32v20x_usbfs_host.o
 .debug_loc     0x0000000000000832      0xa05 ./User/Host_IAP/usb_host_iap.o
 .debug_loc     0x0000000000001237       0xac ./User/system_ch32v20x.o
 .debug_loc     0x00000000000012e3       0x98 ./User/utils.o
 .debug_loc     0x000000000000137b      0x392 ./Udisk_Lib/CH32V103UFI.o
 .debug_loc     0x000000000000170d      0x837 ./Peripheral/src/ch32v20x_flash.o
 .debug_loc     0x0000000000001f44      0x805 ./Peripheral/src/ch32v20x_gpio.o
 .debug_loc     0x0000000000002749      0x797 ./Peripheral/src/ch32v20x_rcc.o
 .debug_loc     0x0000000000002ee0       0x99 ./Debug/debug.o

.debug_aranges  0x0000000000000000      0x5c8
 .debug_aranges
                0x0000000000000000       0xb8 ./User/USB_Host/ch32v20x_usbfs_host.o
 .debug_aranges
                0x00000000000000b8       0x98 ./User/Host_IAP/usb_host_iap.o
 .debug_aranges
                0x0000000000000150       0x30 ./User/ch32v20x_it.o
 .debug_aranges
                0x0000000000000180       0x20 ./User/main.o
 .debug_aranges
                0x00000000000001a0       0x28 ./User/system_ch32v20x.o
 .debug_aranges
                0x00000000000001c8       0x30 ./User/utils.o
 .debug_aranges
                0x00000000000001f8       0x88 ./Udisk_Lib/CH32V103UFI.o
 .debug_aranges
                0x0000000000000280       0x30 ./Startup/startup_ch32v20x_D6.o
 .debug_aranges
                0x00000000000002b0      0x100 ./Peripheral/src/ch32v20x_flash.o
 .debug_aranges
                0x00000000000003b0       0xa8 ./Peripheral/src/ch32v20x_gpio.o
 .debug_aranges
                0x0000000000000458      0x128 ./Peripheral/src/ch32v20x_rcc.o
 .debug_aranges
                0x0000000000000580       0x48 ./Debug/debug.o

.debug_ranges   0x0000000000000000      0x588
 .debug_ranges  0x0000000000000000       0xc0 ./User/USB_Host/ch32v20x_usbfs_host.o
 .debug_ranges  0x00000000000000c0       0xe8 ./User/Host_IAP/usb_host_iap.o
 .debug_ranges  0x00000000000001a8       0x20 ./User/ch32v20x_it.o
 .debug_ranges  0x00000000000001c8       0x10 ./User/main.o
 .debug_ranges  0x00000000000001d8       0x18 ./User/system_ch32v20x.o
 .debug_ranges  0x00000000000001f0       0x20 ./User/utils.o
 .debug_ranges  0x0000000000000210       0x78 ./Udisk_Lib/CH32V103UFI.o
 .debug_ranges  0x0000000000000288       0x28 ./Startup/startup_ch32v20x_D6.o
 .debug_ranges  0x00000000000002b0       0xf0 ./Peripheral/src/ch32v20x_flash.o
 .debug_ranges  0x00000000000003a0       0x98 ./Peripheral/src/ch32v20x_gpio.o
 .debug_ranges  0x0000000000000438      0x118 ./Peripheral/src/ch32v20x_rcc.o
 .debug_ranges  0x0000000000000550       0x38 ./Debug/debug.o

.debug_line     0x0000000000000000     0x93f6
 .debug_line    0x0000000000000000     0x14ca ./User/USB_Host/ch32v20x_usbfs_host.o
 .debug_line    0x00000000000014ca     0x185f ./User/Host_IAP/usb_host_iap.o
 .debug_line    0x0000000000002d29      0x252 ./User/ch32v20x_it.o
 .debug_line    0x0000000000002f7b      0x3ed ./User/main.o
 .debug_line    0x0000000000003368      0x587 ./User/system_ch32v20x.o
 .debug_line    0x00000000000038ef      0x523 ./User/utils.o
 .debug_line    0x0000000000003e12      0xf38 ./Udisk_Lib/CH32V103UFI.o
 .debug_line    0x0000000000004d4a      0x253 ./Startup/startup_ch32v20x_D6.o
 .debug_line    0x0000000000004f9d     0x1d12 ./Peripheral/src/ch32v20x_flash.o
 .debug_line    0x0000000000006caf     0x105c ./Peripheral/src/ch32v20x_gpio.o
 .debug_line    0x0000000000007d0b     0x1165 ./Peripheral/src/ch32v20x_rcc.o
 .debug_line    0x0000000000008e70      0x586 ./Debug/debug.o

.debug_str      0x0000000000000000     0x2442
 .debug_str     0x0000000000000000      0xd08 ./User/USB_Host/ch32v20x_usbfs_host.o
                                        0xde8 (size before relaxing)
 .debug_str     0x0000000000000d08      0x672 ./User/Host_IAP/usb_host_iap.o
                                       0x1071 (size before relaxing)
 .debug_str     0x000000000000137a       0x3f ./User/ch32v20x_it.o
                                        0x5a9 (size before relaxing)
 .debug_str     0x00000000000013b9       0x75 ./User/main.o
                                        0xc43 (size before relaxing)
 .debug_str     0x000000000000142e       0xf3 ./User/system_ch32v20x.o
                                        0x688 (size before relaxing)
 .debug_str     0x0000000000001521      0x179 ./User/utils.o
                                        0x7f2 (size before relaxing)
 .debug_str     0x000000000000169a      0x1f8 ./Udisk_Lib/CH32V103UFI.o
                                        0xff4 (size before relaxing)
 .debug_str     0x0000000000001892       0x2d ./Startup/startup_ch32v20x_D6.o
                                         0x5c (size before relaxing)
 .debug_str     0x00000000000018bf      0x451 ./Peripheral/src/ch32v20x_flash.o
                                        0xa9e (size before relaxing)
 .debug_str     0x0000000000001d10      0x250 ./Peripheral/src/ch32v20x_gpio.o
                                        0x986 (size before relaxing)
 .debug_str     0x0000000000001f60      0x3d8 ./Peripheral/src/ch32v20x_rcc.o
                                        0xac5 (size before relaxing)
 .debug_str     0x0000000000002338      0x10a ./Debug/debug.o
                                        0x7fa (size before relaxing)

.comment        0x0000000000000000       0x33
 .comment       0x0000000000000000       0x33 ./User/USB_Host/ch32v20x_usbfs_host.o
                                         0x34 (size before relaxing)
 .comment       0x0000000000000033       0x34 ./User/Host_IAP/usb_host_iap.o
 .comment       0x0000000000000033       0x34 ./User/ch32v20x_it.o
 .comment       0x0000000000000033       0x34 ./User/main.o
 .comment       0x0000000000000033       0x34 ./User/system_ch32v20x.o
 .comment       0x0000000000000033       0x34 ./User/utils.o
 .comment       0x0000000000000033       0x34 ./Udisk_Lib/CH32V103UFI.o
 .comment       0x0000000000000033       0x34 ./Peripheral/src/ch32v20x_flash.o
 .comment       0x0000000000000033       0x34 ./Peripheral/src/ch32v20x_gpio.o
 .comment       0x0000000000000033       0x34 ./Peripheral/src/ch32v20x_rcc.o
 .comment       0x0000000000000033       0x34 ./Debug/debug.o
 .comment       0x0000000000000033       0x34 C:\Repository\RISKYKVM\firmware\src\Udisk_Lib\libRV3UFI.a(CHRV3MAI.o)
 .comment       0x0000000000000033       0x34 C:\Repository\RISKYKVM\firmware\src\Udisk_Lib\libRV3UFI.a(CHRV3BYT.o)

.debug_frame    0x0000000000000000     0x191c
 .debug_frame   0x0000000000000000      0x2b4 ./User/USB_Host/ch32v20x_usbfs_host.o
 .debug_frame   0x00000000000002b4      0x2a0 ./User/Host_IAP/usb_host_iap.o
 .debug_frame   0x0000000000000554       0x40 ./User/ch32v20x_it.o
 .debug_frame   0x0000000000000594       0x28 ./User/main.o
 .debug_frame   0x00000000000005bc       0x30 ./User/system_ch32v20x.o
 .debug_frame   0x00000000000005ec       0x80 ./User/utils.o
 .debug_frame   0x000000000000066c      0x1c4 ./Udisk_Lib/CH32V103UFI.o
 .debug_frame   0x0000000000000830      0x2fc ./Peripheral/src/ch32v20x_flash.o
 .debug_frame   0x0000000000000b2c      0x150 ./Peripheral/src/ch32v20x_gpio.o
 .debug_frame   0x0000000000000c7c      0x240 ./Peripheral/src/ch32v20x_rcc.o
 .debug_frame   0x0000000000000ebc       0x70 ./Debug/debug.o
 .debug_frame   0x0000000000000f2c       0x54 c:/mounriver/mounriver_studio/toolchain/risc-v embedded gcc/bin/../lib/gcc/riscv-none-embed/8.2.0/../../../../riscv-none-embed/lib/rv32imac/ilp32\libg_nano.a(lib_a-printf.o)
 .debug_frame   0x0000000000000f80       0x50 c:/mounriver/mounriver_studio/toolchain/risc-v embedded gcc/bin/../lib/gcc/riscv-none-embed/8.2.0/../../../../riscv-none-embed/lib/rv32imac/ilp32\libg_nano.a(lib_a-putchar.o)
 .debug_frame   0x0000000000000fd0       0x54 c:/mounriver/mounriver_studio/toolchain/risc-v embedded gcc/bin/../lib/gcc/riscv-none-embed/8.2.0/../../../../riscv-none-embed/lib/rv32imac/ilp32\libg_nano.a(lib_a-puts.o)
 .debug_frame   0x0000000000001024       0x20 c:/mounriver/mounriver_studio/toolchain/risc-v embedded gcc/bin/../lib/gcc/riscv-none-embed/8.2.0/../../../../riscv-none-embed/lib/rv32imac/ilp32\libg_nano.a(lib_a-strcpy.o)
 .debug_frame   0x0000000000001044       0x20 c:/mounriver/mounriver_studio/toolchain/risc-v embedded gcc/bin/../lib/gcc/riscv-none-embed/8.2.0/../../../../riscv-none-embed/lib/rv32imac/ilp32\libg_nano.a(lib_a-strlen.o)
 .debug_frame   0x0000000000001064       0x50 c:/mounriver/mounriver_studio/toolchain/risc-v embedded gcc/bin/../lib/gcc/riscv-none-embed/8.2.0/../../../../riscv-none-embed/lib/rv32imac/ilp32\libg_nano.a(lib_a-wbuf.o)
 .debug_frame   0x00000000000010b4       0x3c c:/mounriver/mounriver_studio/toolchain/risc-v embedded gcc/bin/../lib/gcc/riscv-none-embed/8.2.0/../../../../riscv-none-embed/lib/rv32imac/ilp32\libg_nano.a(lib_a-wsetup.o)
 .debug_frame   0x00000000000010f0       0x7c c:/mounriver/mounriver_studio/toolchain/risc-v embedded gcc/bin/../lib/gcc/riscv-none-embed/8.2.0/../../../../riscv-none-embed/lib/rv32imac/ilp32\libg_nano.a(lib_a-fflush.o)
 .debug_frame   0x000000000000116c      0x148 c:/mounriver/mounriver_studio/toolchain/risc-v embedded gcc/bin/../lib/gcc/riscv-none-embed/8.2.0/../../../../riscv-none-embed/lib/rv32imac/ilp32\libg_nano.a(lib_a-findfp.o)
 .debug_frame   0x00000000000012b4       0x88 c:/mounriver/mounriver_studio/toolchain/risc-v embedded gcc/bin/../lib/gcc/riscv-none-embed/8.2.0/../../../../riscv-none-embed/lib/rv32imac/ilp32\libg_nano.a(lib_a-fwalk.o)
 .debug_frame   0x000000000000133c       0x64 c:/mounriver/mounriver_studio/toolchain/risc-v embedded gcc/bin/../lib/gcc/riscv-none-embed/8.2.0/../../../../riscv-none-embed/lib/rv32imac/ilp32\libg_nano.a(lib_a-makebuf.o)
 .debug_frame   0x00000000000013a0       0x40 c:/mounriver/mounriver_studio/toolchain/risc-v embedded gcc/bin/../lib/gcc/riscv-none-embed/8.2.0/../../../../riscv-none-embed/lib/rv32imac/ilp32\libg_nano.a(lib_a-nano-freer.o)
 .debug_frame   0x00000000000013e0       0x40 c:/mounriver/mounriver_studio/toolchain/risc-v embedded gcc/bin/../lib/gcc/riscv-none-embed/8.2.0/../../../../riscv-none-embed/lib/rv32imac/ilp32\libg_nano.a(lib_a-nano-mallocr.o)
 .debug_frame   0x0000000000001420       0xd0 c:/mounriver/mounriver_studio/toolchain/risc-v embedded gcc/bin/../lib/gcc/riscv-none-embed/8.2.0/../../../../riscv-none-embed/lib/rv32imac/ilp32\libg_nano.a(lib_a-nano-vfprintf.o)
 .debug_frame   0x00000000000014f0       0x8c c:/mounriver/mounriver_studio/toolchain/risc-v embedded gcc/bin/../lib/gcc/riscv-none-embed/8.2.0/../../../../riscv-none-embed/lib/rv32imac/ilp32\libg_nano.a(lib_a-nano-vfprintf_i.o)
 .debug_frame   0x000000000000157c       0x4c c:/mounriver/mounriver_studio/toolchain/risc-v embedded gcc/bin/../lib/gcc/riscv-none-embed/8.2.0/../../../../riscv-none-embed/lib/rv32imac/ilp32\libg_nano.a(lib_a-putc.o)
 .debug_frame   0x00000000000015c8       0x30 c:/mounriver/mounriver_studio/toolchain/risc-v embedded gcc/bin/../lib/gcc/riscv-none-embed/8.2.0/../../../../riscv-none-embed/lib/rv32imac/ilp32\libg_nano.a(lib_a-sbrkr.o)
 .debug_frame   0x00000000000015f8       0xa4 c:/mounriver/mounriver_studio/toolchain/risc-v embedded gcc/bin/../lib/gcc/riscv-none-embed/8.2.0/../../../../riscv-none-embed/lib/rv32imac/ilp32\libg_nano.a(lib_a-stdio.o)
 .debug_frame   0x000000000000169c       0x30 c:/mounriver/mounriver_studio/toolchain/risc-v embedded gcc/bin/../lib/gcc/riscv-none-embed/8.2.0/../../../../riscv-none-embed/lib/rv32imac/ilp32\libg_nano.a(lib_a-writer.o)
 .debug_frame   0x00000000000016cc       0x30 c:/mounriver/mounriver_studio/toolchain/risc-v embedded gcc/bin/../lib/gcc/riscv-none-embed/8.2.0/../../../../riscv-none-embed/lib/rv32imac/ilp32\libg_nano.a(lib_a-closer.o)
 .debug_frame   0x00000000000016fc       0x30 c:/mounriver/mounriver_studio/toolchain/risc-v embedded gcc/bin/../lib/gcc/riscv-none-embed/8.2.0/../../../../riscv-none-embed/lib/rv32imac/ilp32\libg_nano.a(lib_a-fstatr.o)
 .debug_frame   0x000000000000172c       0x30 c:/mounriver/mounriver_studio/toolchain/risc-v embedded gcc/bin/../lib/gcc/riscv-none-embed/8.2.0/../../../../riscv-none-embed/lib/rv32imac/ilp32\libg_nano.a(lib_a-isattyr.o)
 .debug_frame   0x000000000000175c       0x30 c:/mounriver/mounriver_studio/toolchain/risc-v embedded gcc/bin/../lib/gcc/riscv-none-embed/8.2.0/../../../../riscv-none-embed/lib/rv32imac/ilp32\libg_nano.a(lib_a-lseekr.o)
 .debug_frame   0x000000000000178c       0x20 c:/mounriver/mounriver_studio/toolchain/risc-v embedded gcc/bin/../lib/gcc/riscv-none-embed/8.2.0/../../../../riscv-none-embed/lib/rv32imac/ilp32\libg_nano.a(lib_a-memchr.o)
 .debug_frame   0x00000000000017ac       0x30 c:/mounriver/mounriver_studio/toolchain/risc-v embedded gcc/bin/../lib/gcc/riscv-none-embed/8.2.0/../../../../riscv-none-embed/lib/rv32imac/ilp32\libg_nano.a(lib_a-mlock.o)
 .debug_frame   0x00000000000017dc       0x30 c:/mounriver/mounriver_studio/toolchain/risc-v embedded gcc/bin/../lib/gcc/riscv-none-embed/8.2.0/../../../../riscv-none-embed/lib/rv32imac/ilp32\libg_nano.a(lib_a-readr.o)
 .debug_frame   0x000000000000180c       0x70 c:/mounriver/mounriver_studio/toolchain/risc-v embedded gcc/bin/../lib/gcc/riscv-none-embed/8.2.0/../../../../riscv-none-embed/lib/rv32imac/ilp32\libg_nano.a(lib_a-reent.o)
 .debug_frame   0x000000000000187c       0x20 c:/mounriver/mounriver_studio/toolchain/risc-v embedded gcc/bin/../lib/gcc/riscv-none-embed/8.2.0/../../../../riscv-none-embed/lib/rv32imac/ilp32\libnosys.a(close.o)
 .debug_frame   0x000000000000189c       0x20 c:/mounriver/mounriver_studio/toolchain/risc-v embedded gcc/bin/../lib/gcc/riscv-none-embed/8.2.0/../../../../riscv-none-embed/lib/rv32imac/ilp32\libnosys.a(fstat.o)
 .debug_frame   0x00000000000018bc       0x20 c:/mounriver/mounriver_studio/toolchain/risc-v embedded gcc/bin/../lib/gcc/riscv-none-embed/8.2.0/../../../../riscv-none-embed/lib/rv32imac/ilp32\libnosys.a(isatty.o)
 .debug_frame   0x00000000000018dc       0x20 c:/mounriver/mounriver_studio/toolchain/risc-v embedded gcc/bin/../lib/gcc/riscv-none-embed/8.2.0/../../../../riscv-none-embed/lib/rv32imac/ilp32\libnosys.a(lseek.o)
 .debug_frame   0x00000000000018fc       0x20 c:/mounriver/mounriver_studio/toolchain/risc-v embedded gcc/bin/../lib/gcc/riscv-none-embed/8.2.0/../../../../riscv-none-embed/lib/rv32imac/ilp32\libnosys.a(read.o)

.stab           0x0000000000000000       0x84
 .stab          0x0000000000000000       0x24 c:/mounriver/mounriver_studio/toolchain/risc-v embedded gcc/bin/../lib/gcc/riscv-none-embed/8.2.0/../../../../riscv-none-embed/lib/rv32imac/ilp32\libnosys.a(close.o)
 .stab          0x0000000000000024       0x18 c:/mounriver/mounriver_studio/toolchain/risc-v embedded gcc/bin/../lib/gcc/riscv-none-embed/8.2.0/../../../../riscv-none-embed/lib/rv32imac/ilp32\libnosys.a(fstat.o)
                                         0x24 (size before relaxing)
 .stab          0x000000000000003c       0x18 c:/mounriver/mounriver_studio/toolchain/risc-v embedded gcc/bin/../lib/gcc/riscv-none-embed/8.2.0/../../../../riscv-none-embed/lib/rv32imac/ilp32\libnosys.a(isatty.o)
                                         0x24 (size before relaxing)
 .stab          0x0000000000000054       0x18 c:/mounriver/mounriver_studio/toolchain/risc-v embedded gcc/bin/../lib/gcc/riscv-none-embed/8.2.0/../../../../riscv-none-embed/lib/rv32imac/ilp32\libnosys.a(lseek.o)
                                         0x24 (size before relaxing)
 .stab          0x000000000000006c       0x18 c:/mounriver/mounriver_studio/toolchain/risc-v embedded gcc/bin/../lib/gcc/riscv-none-embed/8.2.0/../../../../riscv-none-embed/lib/rv32imac/ilp32\libnosys.a(read.o)
                                         0x24 (size before relaxing)

.stabstr        0x0000000000000000      0x117
 .stabstr       0x0000000000000000      0x117 c:/mounriver/mounriver_studio/toolchain/risc-v embedded gcc/bin/../lib/gcc/riscv-none-embed/8.2.0/../../../../riscv-none-embed/lib/rv32imac/ilp32\libnosys.a(close.o)
