Archive member included to satisfy reference by file (symbol)

c:/mounriver/mounriver_studio/toolchain/risc-v embedded gcc/bin/../lib/gcc/riscv-none-embed/8.2.0/../../../../riscv-none-embed/lib/rv32imac/ilp32\libg_nano.a(lib_a-memchr.o)
                              ./User/USB_Host/app_km.o (memchr)
c:/mounriver/mounriver_studio/toolchain/risc-v embedded gcc/bin/../lib/gcc/riscv-none-embed/8.2.0/../../../../riscv-none-embed/lib/rv32imac/ilp32\libg_nano.a(lib_a-memcpy.o)
                              ./User/USB_Host/ch32v20x_usbfs_host.o (memcpy)
c:/mounriver/mounriver_studio/toolchain/risc-v embedded gcc/bin/../lib/gcc/riscv-none-embed/8.2.0/../../../../riscv-none-embed/lib/rv32imac/ilp32\libg_nano.a(lib_a-memset.o)
                              ./User/USB_Host/app_km.o (memset)

Allocating common symbols
Common symbol       size              file

keybd_report_data   0x10              ./User/USB_Host/usb_keyboard.o
keybd_info          0xe               ./User/USB_Host/usb_keyboard.o
charToSend          0x1               ./User/keyboard.o
USBFS_RX_Buf        0x40              ./User/USB_Host/ch32v20x_usbfs_host.o
HostCtl             0x1554            ./User/USB_Host/app_km.o
mouse_info          0xa               ./User/USB_Host/usb_mouse.o
gamepad_info        0x2               ./User/USB_Host/usb_gamepad.o
DevDesc_Buf         0x12              ./User/USB_Host/app_km.o
RootHubDev          0x1f              ./User/USB_Host/app_km.o
mouse_report_data   0x8               ./User/USB_Host/usb_mouse.o
Com_Buf             0x400             ./User/USB_Host/app_km.o
USBFS_TX_Buf        0x40              ./User/USB_Host/ch32v20x_usbfs_host.o
ScrollBuffer        0x8c              ./User/mouse.o

Discarded input sections

 .text          0x0000000000000000        0x0 ./User/USB_Host/app_km.o
 .data          0x0000000000000000        0x0 ./User/USB_Host/app_km.o
 .bss           0x0000000000000000        0x0 ./User/USB_Host/app_km.o
 .text.USBH_AnalyseType
                0x0000000000000000       0x58 ./User/USB_Host/app_km.o
 .text.KM_DealHidReportDesc
                0x0000000000000000      0x112 ./User/USB_Host/app_km.o
 .text.HUB_Port_PreEnum1
                0x0000000000000000       0xa4 ./User/USB_Host/app_km.o
 .text.HUB_CheckPortSpeed
                0x0000000000000000       0x3a ./User/USB_Host/app_km.o
 .text.KB_SetReport
                0x0000000000000000       0xa4 ./User/USB_Host/app_km.o
 .text          0x0000000000000000        0x0 ./User/USB_Host/ch32v20x_usbfs_host.o
 .data          0x0000000000000000        0x0 ./User/USB_Host/ch32v20x_usbfs_host.o
 .bss           0x0000000000000000        0x0 ./User/USB_Host/ch32v20x_usbfs_host.o
 .text.USBFSH_CheckRootHubPortEnable
                0x0000000000000000        0xc ./User/USB_Host/ch32v20x_usbfs_host.o
 .text.USBFSH_CheckRootHubPortSpeed
                0x0000000000000000       0x12 ./User/USB_Host/ch32v20x_usbfs_host.o
 .text          0x0000000000000000        0x0 ./User/USB_Host/usb_gamepad.o
 .data          0x0000000000000000        0x0 ./User/USB_Host/usb_gamepad.o
 .bss           0x0000000000000000        0x0 ./User/USB_Host/usb_gamepad.o
 .text.GamepadDecode
                0x0000000000000000      0x35c ./User/USB_Host/usb_gamepad.o
 .text          0x0000000000000000        0x0 ./User/USB_Host/usb_hid_reportparser.o
 .data          0x0000000000000000        0x0 ./User/USB_Host/usb_hid_reportparser.o
 .bss           0x0000000000000000        0x0 ./User/USB_Host/usb_hid_reportparser.o
 .text.report_is_usable
                0x0000000000000000       0x3a ./User/USB_Host/usb_hid_reportparser.o
 .text          0x0000000000000000        0x0 ./User/USB_Host/usb_host_hid.o
 .data          0x0000000000000000        0x0 ./User/USB_Host/usb_host_hid.o
 .bss           0x0000000000000000        0x0 ./User/USB_Host/usb_host_hid.o
 .text          0x0000000000000000        0x0 ./User/USB_Host/usb_host_hub.o
 .data          0x0000000000000000        0x0 ./User/USB_Host/usb_host_hub.o
 .bss           0x0000000000000000        0x0 ./User/USB_Host/usb_host_hub.o
 .text          0x0000000000000000        0x0 ./User/USB_Host/usb_keyboard.o
 .data          0x0000000000000000        0x0 ./User/USB_Host/usb_keyboard.o
 .bss           0x0000000000000000        0x0 ./User/USB_Host/usb_keyboard.o
 .text          0x0000000000000000        0x0 ./User/USB_Host/usb_mouse.o
 .data          0x0000000000000000        0x0 ./User/USB_Host/usb_mouse.o
 .bss           0x0000000000000000        0x0 ./User/USB_Host/usb_mouse.o
 .text.USB_MouseDecode
                0x0000000000000000      0x204 ./User/USB_Host/usb_mouse.o
 .text          0x0000000000000000        0x0 ./User/ch32v20x_it.o
 .data          0x0000000000000000        0x0 ./User/ch32v20x_it.o
 .bss           0x0000000000000000        0x0 ./User/ch32v20x_it.o
 .text          0x0000000000000000        0x0 ./User/gamepad.o
 .data          0x0000000000000000        0x0 ./User/gamepad.o
[...]
Memory Configuration

Name             Origin             Length             Attributes
FLASH            0x0000000000008000 0x0000000000008000 xr
RAM              0x0000000020000000 0x0000000000005000 xrw
*default*        0x0000000000000000 0xffffffffffffffff

Linker script and memory map

LOAD ./User/USB_Host/app_km.o
LOAD ./User/USB_Host/ch32v20x_usbfs_host.o
LOAD ./User/USB_Host/usb_gamepad.o
LOAD ./User/USB_Host/usb_hid_reportparser.o
LOAD ./User/USB_Host/usb_host_hid.o
LOAD ./User/USB_Host/usb_host_hub.o
LOAD ./User/USB_Host/usb_keyboard.o
LOAD ./User/USB_Host/usb_mouse.o
LOAD ./User/ch32v20x_it.o
LOAD ./User/gamepad.o
LOAD ./User/gpio.o
LOAD ./User/keyboard.o
LOAD ./User/main.o
LOAD ./User/mouse.o
LOAD ./User/system_ch32v20x.o
LOAD ./User/tim.o
LOAD ./User/utils.o
LOAD ./Startup/startup_ch32v20x_D6.o
LOAD ./Peripheral/src/ch32v20x_adc.o
LOAD ./Peripheral/src/ch32v20x_bkp.o
LOAD ./Peripheral/src/ch32v20x_can.o
LOAD ./Peripheral/src/ch32v20x_crc.o
LOAD ./Peripheral/src/ch32v20x_dbgmcu.o
LOAD ./Peripheral/src/ch32v20x_dma.o
LOAD ./Peripheral/src/ch32v20x_exti.o
LOAD ./Peripheral/src/ch32v20x_flash.o
LOAD ./Peripheral/src/ch32v20x_gpio.o
LOAD ./Peripheral/src/ch32v20x_i2c.o
LOAD ./Peripheral/src/ch32v20x_iwdg.o
LOAD ./Peripheral/src/ch32v20x_misc.o
LOAD ./Peripheral/src/ch32v20x_opa.o
LOAD ./Peripheral/src/ch32v20x_pwr.o
LOAD ./Peripheral/src/ch32v20x_rcc.o
LOAD ./Peripheral/src/ch32v20x_rtc.o
LOAD ./Peripheral/src/ch32v20x_spi.o
LOAD ./Peripheral/src/ch32v20x_tim.o
LOAD ./Peripheral/src/ch32v20x_usart.o
LOAD ./Peripheral/src/ch32v20x_wwdg.o
LOAD ./Debug/debug.o
LOAD ./Core/core_riscv.o
LOAD c:/mounriver/mounriver_studio/toolchain/risc-v embedded gcc/bin/../lib/gcc/riscv-none-embed/8.2.0/rv32imac/ilp32\libgcc.a
LOAD c:/mounriver/mounriver_studio/toolchain/risc-v embedded gcc/bin/../lib/gcc/riscv-none-embed/8.2.0/../../../../riscv-none-embed/lib/rv32imac/ilp32\libg_nano.a
LOAD c:/mounriver/mounriver_studio/toolchain/risc-v embedded gcc/bin/../lib/gcc/riscv-none-embed/8.2.0/../../../../riscv-none-embed/lib/rv32imac/ilp32\libc_nano.a
LOAD c:/mounriver/mounriver_studio/toolchain/risc-v embedded gcc/bin/../lib/gcc/riscv-none-embed/8.2.0/rv32imac/ilp32\libgcc.a
START GROUP
LOAD c:/mounriver/mounriver_studio/toolchain/risc-v embedded gcc/bin/../lib/gcc/riscv-none-embed/8.2.0/rv32imac/ilp32\libgcc.a
LOAD c:/mounriver/mounriver_studio/toolchain/risc-v embedded gcc/bin/../lib/gcc/riscv-none-embed/8.2.0/../../../../riscv-none-embed/lib/rv32imac/ilp32\libc_nano.a
LOAD c:/mounriver/mounriver_studio/toolchain/risc-v embedded gcc/bin/../lib/gcc/riscv-none-embed/8.2.0/../../../../riscv-none-embed/lib/rv32imac/ilp32\libnosys.a
END GROUP
START GROUP
LOAD c:/mounriver/mounriver_studio/toolchain/risc-v embedded gcc/bin/../lib/gcc/riscv-none-embed/8.2.0/rv32imac/ilp32\libgcc.a
LOAD c:/mounriver/mounriver_studio/toolchain/risc-v embedded gcc/bin/../lib/gcc/riscv-none-embed/8.2.0/../../../../riscv-none-embed/lib/rv32imac/ilp32\libc_nano.a
LOAD c:/mounriver/mounriver_studio/toolchain/risc-v embedded gcc/bin/../lib/gcc/riscv-none-embed/8.2.0/../../../../riscv-none-embed/lib/rv32imac/ilp32\libnosys.a
END GROUP
                0x0000000000000800                __stack_size = 0x800
                [!provide]                        PROVIDE (_stack_size = __stack_size)

.init           0x0000000000008000       0x38
                0x0000000000008000                _sinit = .
                0x0000000000008000                . = ALIGN (0x4)
 *(SORT_NONE(.init))
 .init          0x0000000000008000       0x38 ./Startup/startup_ch32v20x_D6.o
                0x0000000000008000                _start
                0x0000000000008038                . = ALIGN (0x4)
                0x0000000000008038                _einit = .

.vector         0x0000000000008038      0x108
 *(.vector)
 .vector        0x0000000000008038       0xfc ./Startup/startup_ch32v20x_D6.o
                0x0000000000008140                . = ALIGN (0x40)
 *fill*         0x0000000000008134        0xc 

.text           0x0000000000008140     0x58d8
                0x0000000000008140                . = ALIGN (0x4)
 *(.text)
 .text          0x0000000000008140       0xa8 c:/mounriver/mounriver_studio/toolchain/risc-v embedded gcc/bin/../lib/gcc/riscv-none-embed/8.2.0/../../../../riscv-none-embed/lib/rv32imac/ilp32\libg_nano.a(lib_a-memset.o)
                0x0000000000008140                memset
 *(.text.*)
 .text.TIM3_Init
                0x00000000000081e8       0x84 ./User/USB_Host/app_km.o
                0x00000000000081e8                TIM3_Init
 .text.TIM3_IRQHandler
                0x000000000000826c      0x304 ./User/USB_Host/app_km.o
                0x000000000000826c                TIM3_IRQHandler
 .text.USBH_EnumRootDevice
                0x0000000000008570      0x194 ./User/USB_Host/app_km.o
                0x0000000000008570                USBH_EnumRootDevice
 .text.KM_AnalyzeConfigDesc
                0x0000000000008704      0x292 ./User/USB_Host/app_km.o
                0x0000000000008704                KM_AnalyzeConfigDesc
 .text.KM_AnalyzeHidReportDesc
                0x0000000000008996      0x1c0 ./User/USB_Host/app_km.o
                0x0000000000008996                KM_AnalyzeHidReportDesc
 .text.USBH_EnumHidDevice
                0x0000000000008b56      0x210 ./User/USB_Host/app_km.o
                0x0000000000008b56                USBH_EnumHidDevice
 .text.HUB_AnalyzeConfigDesc
                0x0000000000008d66      0x156 ./User/USB_Host/app_km.o
                0x0000000000008d66                HUB_AnalyzeConfigDesc
 .text.USBH_EnumHubDevice
                0x0000000000008ebc      0x13c ./User/USB_Host/app_km.o
                0x0000000000008ebc                USBH_EnumHubDevice
 .text.HUB_Port_PreEnum2
                0x0000000000008ff8       0xc4 ./User/USB_Host/app_km.o
                0x0000000000008ff8                HUB_Port_PreEnum2
 .text.USBH_EnumHubPortDevice
                0x00000000000090bc      0x152 ./User/USB_Host/app_km.o
                0x00000000000090bc                USBH_EnumHubPortDevice
 .text.KB_AnalyzeKeyValue
                0x000000000000920e      0x100 ./User/USB_Host/app_km.o
                0x000000000000920e                KB_AnalyzeKeyValue
 .text.USBH_MainDeal
                0x000000000000930e      0x734 ./User/USB_Host/app_km.o
                0x000000000000930e                USBH_MainDeal
 .text.USBFS_RCC_Init
                0x0000000000009a42       0x72 ./User/USB_Host/ch32v20x_usbfs_host.o
                0x0000000000009a42                USBFS_RCC_Init
 .text.USBFS_Host_Init
                0x0000000000009ab4       0x64 ./User/USB_Host/ch32v20x_usbfs_host.o
                0x0000000000009ab4                USBFS_Host_Init
 .text.USBFSH_CheckRootHubPortStatus
                0x0000000000009b18       0x38 ./User/USB_Host/ch32v20x_usbfs_host.o
                0x0000000000009b18                USBFSH_CheckRootHubPortStatus
 .text.USBFSH_SetSelfAddr
                0x0000000000009b50       0x18 ./User/USB_Host/ch32v20x_usbfs_host.o
                0x0000000000009b50                USBFSH_SetSelfAddr
 .text.USBFSH_SetSelfSpeed
                0x0000000000009b68       0x62 ./User/USB_Host/ch32v20x_usbfs_host.o
                0x0000000000009b68                USBFSH_SetSelfSpeed
 .text.USBFSH_ResetRootHubPort
                0x0000000000009bca       0x92 ./User/USB_Host/ch32v20x_usbfs_host.o
                0x0000000000009bca                USBFSH_ResetRootHubPort
 .text.USBFSH_EnableRootHubPort
                0x0000000000009c5c       0x6c ./User/USB_Host/ch32v20x_usbfs_host.o
                0x0000000000009c5c                USBFSH_EnableRootHubPort
 .text.USBFSH_Transact
                0x0000000000009cc8      0x13c ./User/USB_Host/ch32v20x_usbfs_host.o
                0x0000000000009cc8                USBFSH_Transact
 .text.USBFSH_CtrlTransfer.part.1
                0x0000000000009e04      0x318 ./User/USB_Host/ch32v20x_usbfs_host.o
 .text.USBFSH_CtrlTransfer
                0x000000000000a11c       0x56 ./User/USB_Host/ch32v20x_usbfs_host.o
                0x000000000000a11c                USBFSH_CtrlTransfer
 .text.USBFSH_GetDeviceDescr
                0x000000000000a172       0x94 ./User/USB_Host/ch32v20x_usbfs_host.o
                0x000000000000a172                USBFSH_GetDeviceDescr
 .text.USBFSH_GetConfigDescr
                0x000000000000a206       0xf6 ./User/USB_Host/ch32v20x_usbfs_host.o
                0x000000000000a206                USBFSH_GetConfigDescr
 .text.USBFSH_GetStrDescr
                0x000000000000a2fc       0xd0 ./User/USB_Host/ch32v20x_usbfs_host.o
                0x000000000000a2fc                USBFSH_GetStrDescr
 .text.USBFSH_SetUsbAddress
                0x000000000000a3cc       0xd8 ./User/USB_Host/ch32v20x_usbfs_host.o
                0x000000000000a3cc                USBFSH_SetUsbAddress
 .text.USBFSH_SetUsbConfig
                0x000000000000a4a4       0x9a ./User/USB_Host/ch32v20x_usbfs_host.o
                0x000000000000a4a4                USBFSH_SetUsbConfig
 .text.USBFSH_ClearEndpStall
                0x000000000000a53e       0x9a ./User/USB_Host/ch32v20x_usbfs_host.o
                0x000000000000a53e                USBFSH_ClearEndpStall
 .text.USBFSH_GetEndpData
                0x000000000000a5d8       0x6e ./User/USB_Host/ch32v20x_usbfs_host.o
                0x000000000000a5d8                USBFSH_GetEndpData
 .text.USBFSH_SendEndpData
                0x000000000000a646       0x52 ./User/USB_Host/ch32v20x_usbfs_host.o
                0x000000000000a646                USBFSH_SendEndpData
 .text.GetGamepadInfo
                0x000000000000a698      0x34e ./User/USB_Host/usb_gamepad.o
                0x000000000000a698                GetGamepadInfo
 .text.parse_report_descriptor
                0x000000000000a9e6      0x5d2 ./User/USB_Host/usb_hid_reportparser.o
                0x000000000000a9e6                parse_report_descriptor
 .text.HID_GetHidDesr
                0x000000000000afb8       0x30 ./User/USB_Host/usb_host_hid.o
                0x000000000000afb8                HID_GetHidDesr
 .text.HID_SetReport
                0x000000000000afe8       0x28 ./User/USB_Host/usb_host_hid.o
                0x000000000000afe8                HID_SetReport
 .text.HID_SetIdle
                0x000000000000b010       0x30 ./User/USB_Host/usb_host_hid.o
                0x000000000000b010                HID_SetIdle
 .text.HUB_GetPortStatus
                0x000000000000b040       0x34 ./User/USB_Host/usb_host_hub.o
                0x000000000000b040                HUB_GetPortStatus
 .text.HUB_ClearPortFeature
                0x000000000000b074       0x28 ./User/USB_Host/usb_host_hub.o
                0x000000000000b074                HUB_ClearPortFeature
 .text.HUB_SetPortFeature
                0x000000000000b09c       0x28 ./User/USB_Host/usb_host_hub.o
                0x000000000000b09c                HUB_SetPortFeature
 .text.HUB_GetClassDevDescr
                0x000000000000b0c4       0x5e ./User/USB_Host/usb_host_hub.o
                0x000000000000b0c4                HUB_GetClassDevDescr
 .text.USBH_HID_GetKeyboardInfo
                0x000000000000b122       0xe2 ./User/USB_Host/usb_keyboard.o
                0x000000000000b122                USBH_HID_GetKeyboardInfo
 .text.USB_GetMouseInfo
                0x000000000000b204      0x1fa ./User/USB_Host/usb_mouse.o
                0x000000000000b204                USB_GetMouseInfo
 .text.NMI_Handler
                0x000000000000b3fe        0x4 ./User/ch32v20x_it.o
                0x000000000000b3fe                NMI_Handler
 .text.HardFault_Handler
                0x000000000000b402        0x2 ./User/ch32v20x_it.o
                0x000000000000b402                HardFault_Handler
 .text.EXTI15_10_IRQHandler
                0x000000000000b404       0x1e ./User/ch32v20x_it.o
                0x000000000000b404                EXTI15_10_IRQHandler
 .text.ProcessGamepad
                0x000000000000b422       0xa2 ./User/gamepad.o
                0x000000000000b422                ProcessGamepad
 .text.GPIO_Config
                0x000000000000b4c4      0x23a ./User/gpio.o
                0x000000000000b4c4                GPIO_Config
 .text.amikb_send
                0x000000000000b6fe      0x1c2 ./User/keyboard.o
 .text.amikb_process
                0x000000000000b8c0      0x66a ./User/keyboard.o
                0x000000000000b8c0                amikb_process
 .text.startup.main
                0x000000000000bf2a      0x38e ./User/main.o
                0x000000000000bf2a                main
 .text.InitMouse
                0x000000000000c2b8        0xc ./User/mouse.o
                0x000000000000c2b8                InitMouse
 .text.ProcessMouse
                0x000000000000c2c4      0x2da ./User/mouse.o
                0x000000000000c2c4                ProcessMouse
 .text.ProcessX_IRQ
                0x000000000000c59e      0x18a ./User/mouse.o
                0x000000000000c59e                ProcessX_IRQ
 .text.ProcessY_IRQ
                0x000000000000c728      0x18e ./User/mouse.o
                0x000000000000c728                ProcessY_IRQ
 .text.ProcessScrollIRQ
                0x000000000000c8b6      0x1d8 ./User/mouse.o
                0x000000000000c8b6                ProcessScrollIRQ
 .text.SystemInit
                0x000000000000ca8e       0xac ./User/system_ch32v20x.o
                0x000000000000ca8e                SystemInit
 .text.TIM2_Init
                0x000000000000cb3a       0x6e ./User/tim.o
                0x000000000000cb3a                TIM2_Init
 .text.TIM4_Init
                0x000000000000cba8       0x76 ./User/tim.o
                0x000000000000cba8                TIM4_Init
 .text.TIM2_IRQHandler
                0x000000000000cc1e       0x22 ./User/tim.o
                0x000000000000cc1e                TIM2_IRQHandler
 .text.TIM4_IRQHandler
                0x000000000000cc40       0x32 ./User/tim.o
                0x000000000000cc40                TIM4_IRQHandler
 .text.FifoInit
                0x000000000000cc72       0x18 ./User/utils.o
                0x000000000000cc72                FifoInit
 .text.FifoRead
                0x000000000000cc8a       0x6a ./User/utils.o
                0x000000000000cc8a                FifoRead
 .text.FifoWrite
                0x000000000000ccf4       0x86 ./User/utils.o
                0x000000000000ccf4                FifoWrite
 .text.collect_bits
                0x000000000000cd7a       0xd6 ./User/utils.o
                0x000000000000cd7a                collect_bits
 .text.vector_handler
                0x000000000000ce50       0x6c ./Startup/startup_ch32v20x_D6.o
                0x000000000000ce54                Ecall_M_Mode_Handler
                0x000000000000ce56                Ecall_U_Mode_Handler
                0x000000000000ce58                Break_Point_Handler
                0x000000000000ce5a                SysTick_Handler
                0x000000000000ce5c                SW_Handler
                0x000000000000ce5e                WWDG_IRQHandler
                0x000000000000ce60                PVD_IRQHandler
                0x000000000000ce62                TAMPER_IRQHandler
                0x000000000000ce64                RTC_IRQHandler
                0x000000000000ce66                FLASH_IRQHandler
                0x000000000000ce68                RCC_IRQHandler
                0x000000000000ce6a                EXTI0_IRQHandler
                0x000000000000ce6c                EXTI1_IRQHandler
                0x000000000000ce6e                EXTI2_IRQHandler
                0x000000000000ce70                EXTI3_IRQHandler
                0x000000000000ce72                EXTI4_IRQHandler
                0x000000000000ce74                DMA1_Channel1_IRQHandler
                0x000000000000ce76                DMA1_Channel2_IRQHandler
                0x000000000000ce78                DMA1_Channel3_IRQHandler
                0x000000000000ce7a                DMA1_Channel4_IRQHandler
                0x000000000000ce7c                DMA1_Channel5_IRQHandler
                0x000000000000ce7e                DMA1_Channel6_IRQHandler
                0x000000000000ce80                DMA1_Channel7_IRQHandler
                0x000000000000ce82                ADC1_2_IRQHandler
                0x000000000000ce84                USB_HP_CAN1_TX_IRQHandler
                0x000000000000ce86                USB_LP_CAN1_RX0_IRQHandler
                0x000000000000ce88                CAN1_RX1_IRQHandler
                0x000000000000ce8a                CAN1_SCE_IRQHandler
                0x000000000000ce8c                EXTI9_5_IRQHandler
                0x000000000000ce8e                TIM1_BRK_IRQHandler
                0x000000000000ce90                TIM1_UP_IRQHandler
                0x000000000000ce92                TIM1_TRG_COM_IRQHandler
                0x000000000000ce94                TIM1_CC_IRQHandler
                0x000000000000ce9c                I2C1_EV_IRQHandler
                0x000000000000ce9e                I2C1_ER_IRQHandler
                0x000000000000cea0                I2C2_EV_IRQHandler
                0x000000000000cea2                I2C2_ER_IRQHandler
                0x000000000000cea4                SPI1_IRQHandler
                0x000000000000cea6                SPI2_IRQHandler
                0x000000000000cea8                USART1_IRQHandler
                0x000000000000ceaa                USART2_IRQHandler
                0x000000000000ceac                USART3_IRQHandler
                0x000000000000ceb0                RTCAlarm_IRQHandler
                0x000000000000ceb2                USBWakeUp_IRQHandler
                0x000000000000ceb4                USBHD_IRQHandler
                0x000000000000ceb6                USBHDWakeUp_IRQHandler
                0x000000000000ceb8                UART4_IRQHandler
                0x000000000000ceba                DMA1_Channel8_IRQHandler
 .text.handle_reset
                0x000000000000cebc       0x8a ./Startup/startup_ch32v20x_D6.o
                0x000000000000cebc                handle_reset
 .text.EXTI_Init
                0x000000000000cf46       0x6e ./Peripheral/src/ch32v20x_exti.o
                0x000000000000cf46                EXTI_Init
 .text.EXTI_GetITStatus
                0x000000000000cfb4       0x1e ./Peripheral/src/ch32v20x_exti.o
                0x000000000000cfb4                EXTI_GetITStatus
 .text.EXTI_ClearITPendingBit
                0x000000000000cfd2        0xa ./Peripheral/src/ch32v20x_exti.o
                0x000000000000cfd2                EXTI_ClearITPendingBit
 .text.GPIO_Init
                0x000000000000cfdc      0x4ba ./Peripheral/src/ch32v20x_gpio.o
                0x000000000000cfdc                GPIO_Init
 .text.GPIO_ReadInputDataBit
                0x000000000000d496       0x24 ./Peripheral/src/ch32v20x_gpio.o
                0x000000000000d496                GPIO_ReadInputDataBit
 .text.GPIO_ReadOutputData
                0x000000000000d4ba       0x20 ./Peripheral/src/ch32v20x_gpio.o
                0x000000000000d4ba                GPIO_ReadOutputData
 .text.GPIO_WriteBit
                0x000000000000d4da       0x1c ./Peripheral/src/ch32v20x_gpio.o
                0x000000000000d4da                GPIO_WriteBit
 .text.GPIO_Write
                0x000000000000d4f6       0x18 ./Peripheral/src/ch32v20x_gpio.o
                0x000000000000d4f6                GPIO_Write
 .text.GPIO_EXTILineConfig
                0x000000000000d50e       0x2a ./Peripheral/src/ch32v20x_gpio.o
                0x000000000000d50e                GPIO_EXTILineConfig
 .text.NVIC_Init
                0x000000000000d538       0xe6 ./Peripheral/src/ch32v20x_misc.o
                0x000000000000d538                NVIC_Init
 .text.RCC_USBCLKConfig
                0x000000000000d61e       0x1a ./Peripheral/src/ch32v20x_rcc.o
                0x000000000000d61e                RCC_USBCLKConfig
 .text.RCC_AHBPeriphClockCmd
                0x000000000000d638       0x1e ./Peripheral/src/ch32v20x_rcc.o
                0x000000000000d638                RCC_AHBPeriphClockCmd
 .text.RCC_APB2PeriphClockCmd
                0x000000000000d656       0x1e ./Peripheral/src/ch32v20x_rcc.o
                0x000000000000d656                RCC_APB2PeriphClockCmd
 .text.RCC_APB1PeriphClockCmd
                0x000000000000d674       0x1e ./Peripheral/src/ch32v20x_rcc.o
                0x000000000000d674                RCC_APB1PeriphClockCmd
 .text.TIM_TimeBaseInit
                0x000000000000d692       0x94 ./Peripheral/src/ch32v20x_tim.o
                0x000000000000d692                TIM_TimeBaseInit
 .text.TIM_Cmd  0x000000000000d726       0x20 ./Peripheral/src/ch32v20x_tim.o
                0x000000000000d726                TIM_Cmd
 .text.TIM_ITConfig
                0x000000000000d746       0x1a ./Peripheral/src/ch32v20x_tim.o
                0x000000000000d746                TIM_ITConfig
 .text.TIM_GetITStatus
                0x000000000000d760       0x1c ./Peripheral/src/ch32v20x_tim.o
                0x000000000000d760                TIM_GetITStatus
 .text.TIM_ClearITPendingBit
                0x000000000000d77c        0xe ./Peripheral/src/ch32v20x_tim.o
                0x000000000000d77c                TIM_ClearITPendingBit
 .text.Delay_Init
                0x000000000000d78a       0x2a ./Debug/debug.o
                0x000000000000d78a                Delay_Init
 .text.Delay_Us
                0x000000000000d7b4       0x3a ./Debug/debug.o
                0x000000000000d7b4                Delay_Us
 .text.Delay_Ms
                0x000000000000d7ee       0x3a ./Debug/debug.o
                0x000000000000d7ee                Delay_Ms
 .text.memchr   0x000000000000d828       0x1a c:/mounriver/mounriver_studio/toolchain/risc-v embedded gcc/bin/../lib/gcc/riscv-none-embed/8.2.0/../../../../riscv-none-embed/lib/rv32imac/ilp32\libg_nano.a(lib_a-memchr.o)
                0x000000000000d828                memchr
 .text.memcpy   0x000000000000d842       0xb6 c:/mounriver/mounriver_studio/toolchain/risc-v embedded gcc/bin/../lib/gcc/riscv-none-embed/8.2.0/../../../../riscv-none-embed/lib/rv32imac/ilp32\libg_nano.a(lib_a-memcpy.o)
                0x000000000000d842                memcpy
 *(.rodata)
 *(.rodata*)
 *fill*         0x000000000000d8f8        0x0 
 .rodata.parse_report_descriptor
                0x000000000000d8f8       0x3c ./User/USB_Host/usb_hid_reportparser.o
 .rodata.scancodeamiga
                0x000000000000d934       0xe4 ./User/keyboard.o
 *(.gnu.linkonce.t.*)
                0x000000000000da18                . = ALIGN (0x4)

.rela.dyn       0x000000000000da18        0x0
 .rela.text.TIM3_IRQHandler
                0x000000000000da18        0x0 ./User/USB_Host/app_km.o
 .rela.text.USBH_EnumRootDevice
                0x000000000000da18        0x0 ./User/USB_Host/app_km.o
 .rela.text.KM_AnalyzeConfigDesc
                0x000000000000da18        0x0 ./User/USB_Host/app_km.o
 .rela.text.KM_AnalyzeHidReportDesc
                0x000000000000da18        0x0 ./User/USB_Host/app_km.o
 .rela.text.USBH_EnumHidDevice
                0x000000000000da18        0x0 ./User/USB_Host/app_km.o
 .rela.text.HUB_AnalyzeConfigDesc
                0x000000000000da18        0x0 ./User/USB_Host/app_km.o
 .rela.text.USBH_EnumHubDevice
                0x000000000000da18        0x0 ./User/USB_Host/app_km.o
 .rela.text.HUB_Port_PreEnum2
                0x000000000000da18        0x0 ./User/USB_Host/app_km.o
 .rela.text.USBH_EnumHubPortDevice
                0x000000000000da18        0x0 ./User/USB_Host/app_km.o
 .rela.text.KB_AnalyzeKeyValue
                0x000000000000da18        0x0 ./User/USB_Host/app_km.o
 .rela.text.USBH_MainDeal
                0x000000000000da18        0x0 ./User/USB_Host/app_km.o
 .rela.text.USBFS_Host_Init
                0x000000000000da18        0x0 ./User/USB_Host/app_km.o
 .rela.text.USBFSH_CtrlTransfer.part.1
                0x000000000000da18        0x0 ./User/USB_Host/app_km.o
 .rela.text.USBFSH_GetDeviceDescr
                0x000000000000da18        0x0 ./User/USB_Host/app_km.o
 .rela.text.USBFSH_GetConfigDescr
                0x000000000000da18        0x0 ./User/USB_Host/app_km.o
 .rela.text.USBFSH_GetStrDescr
                0x000000000000da18        0x0 ./User/USB_Host/app_km.o
 .rela.text.USBFSH_SetUsbAddress
                0x000000000000da18        0x0 ./User/USB_Host/app_km.o
 .rela.text.USBFSH_SetUsbConfig
                0x000000000000da18        0x0 ./User/USB_Host/app_km.o
 .rela.text.USBFSH_ClearEndpStall
                0x000000000000da18        0x0 ./User/USB_Host/app_km.o
 .rela.text.USBFSH_GetEndpData
                0x000000000000da18        0x0 ./User/USB_Host/app_km.o
 .rela.text.USBFSH_SendEndpData
                0x000000000000da18        0x0 ./User/USB_Host/app_km.o
 .rela.text.GetGamepadInfo
                0x000000000000da18        0x0 ./User/USB_Host/app_km.o
 .rela.text.HID_GetHidDesr
                0x000000000000da18        0x0 ./User/USB_Host/app_km.o
 .rela.text.HID_SetReport
                0x000000000000da18        0x0 ./User/USB_Host/app_km.o
 .rela.text.HID_SetIdle
                0x000000000000da18        0x0 ./User/USB_Host/app_km.o
 .rela.text.HUB_GetPortStatus
                0x000000000000da18        0x0 ./User/USB_Host/app_km.o
 .rela.text.HUB_ClearPortFeature
                0x000000000000da18        0x0 ./User/USB_Host/app_km.o
 .rela.text.HUB_SetPortFeature
                0x000000000000da18        0x0 ./User/USB_Host/app_km.o
 .rela.text.HUB_GetClassDevDescr
                0x000000000000da18        0x0 ./User/USB_Host/app_km.o
 .rela.text.USBH_HID_GetKeyboardInfo
                0x000000000000da18        0x0 ./User/USB_Host/app_km.o
 .rela.text.USB_GetMouseInfo
                0x000000000000da18        0x0 ./User/USB_Host/app_km.o
 .rela.text.startup.main
                0x000000000000da18        0x0 ./User/USB_Host/app_km.o
 .rela.text.InitMouse
                0x000000000000da18        0x0 ./User/USB_Host/app_km.o
 .rela.text.ProcessMouse
                0x000000000000da18        0x0 ./User/USB_Host/app_km.o
 .rela.text.ProcessScrollIRQ
                0x000000000000da18        0x0 ./User/USB_Host/app_km.o
 .rela.init     0x000000000000da18        0x0 ./User/USB_Host/app_km.o
 .rela.vector   0x000000000000da18        0x0 ./User/USB_Host/app_km.o
 .rela.text.handle_reset
                0x000000000000da18        0x0 ./User/USB_Host/app_km.o

.fini           0x000000000000da18        0x0
 *(SORT_NONE(.fini))
                0x000000000000da18                . = ALIGN (0x4)
                [!provide]                        PROVIDE (_etext = .)
                [!provide]                        PROVIDE (_eitcm = .)

.preinit_array  0x000000000000da18        0x0
                [!provide]                        PROVIDE (__preinit_array_start = .)
 *(.preinit_array)
                [!provide]                        PROVIDE (__preinit_array_end = .)

.init_array     0x000000000000da18        0x0
                [!provide]                        PROVIDE (__init_array_start = .)
 *(SORT_BY_INIT_PRIORITY(.init_array.*) SORT_BY_INIT_PRIORITY(.ctors.*))
 *(.init_array EXCLUDE_FILE(*crtend?.o *crtend.o *crtbegin?.o *crtbegin.o) .ctors)
                [!provide]                        PROVIDE (__init_array_end = .)

.fini_array     0x000000000000da18        0x0
                [!provide]                        PROVIDE (__fini_array_start = .)
 *(SORT_BY_INIT_PRIORITY(.fini_array.*) SORT_BY_INIT_PRIORITY(.dtors.*))
 *(.fini_array EXCLUDE_FILE(*crtend?.o *crtend.o *crtbegin?.o *crtbegin.o) .dtors)
                [!provide]                        PROVIDE (__fini_array_end = .)

.ctors
 *crtbegin.o(.ctors)
 *crtbegin?.o(.ctors)
 *(EXCLUDE_FILE(*crtend?.o *crtend.o) .ctors)
 *(SORT_BY_NAME(.ctors.*))
 *(.ctors)

.dtors
 *crtbegin.o(.dtors)
 *crtbegin?.o(.dtors)
 *(EXCLUDE_FILE(*crtend?.o *crtend.o) .dtors)
 *(SORT_BY_NAME(.dtors.*))
 *(.dtors)

.dalign         0x0000000020000000        0x0 load address 0x000000000000da18
                0x0000000020000000                . = ALIGN (0x4)
                0x0000000020000000                PROVIDE (_data_vma = .)

.dlalign        0x000000000000da18        0x0
                0x000000000000da18                . = ALIGN (0x4)
                0x000000000000da18                PROVIDE (_data_lma = .)

.data           0x0000000020000000       0x70 load address 0x000000000000da18
 *(.gnu.linkonce.r.*)
 *(.data .data.*)
 *(.gnu.linkonce.d.*)
                0x0000000020000000                . = ALIGN (0x8)
                0x0000000020000800                PROVIDE (__global_pointer$ = (. + 0x800))
 *(.sdata .sdata.*)
 .sdata.prev_keycode
                0x0000000020000000        0x1 ./User/keyboard.o
 .sdata.xTimerTop
                0x0000000020000001        0x1 ./User/mouse.o
                0x0000000020000001                xTimerTop
 .sdata.yTimerTop
                0x0000000020000002        0x1 ./User/mouse.o
                0x0000000020000002                yTimerTop
 *fill*         0x0000000020000003        0x1 
 .sdata.SystemCoreClock
                0x0000000020000004        0x4 ./User/system_ch32v20x.o
                0x0000000020000004                SystemCoreClock
 *(.sdata2.*)
 .sdata2.SetupClearEndpStall
                0x0000000020000008        0x8 ./User/USB_Host/ch32v20x_usbfs_host.o
 .sdata2.SetupGetCfgDesc
                0x0000000020000010        0x8 ./User/USB_Host/ch32v20x_usbfs_host.o
 .sdata2.SetupGetDevDesc
                0x0000000020000018        0x8 ./User/USB_Host/ch32v20x_usbfs_host.o
 .sdata2.SetupGetStrDesc
                0x0000000020000020        0x8 ./User/USB_Host/ch32v20x_usbfs_host.o
 .sdata2.SetupSetAddr
                0x0000000020000028        0x8 ./User/USB_Host/ch32v20x_usbfs_host.o
 .sdata2.SetupSetConfig
                0x0000000020000030        0x8 ./User/USB_Host/ch32v20x_usbfs_host.o
 .sdata2.SetupGetHidDes
                0x0000000020000038        0x8 ./User/USB_Host/usb_host_hid.o
 .sdata2.SetupSetReport
                0x0000000020000040        0x8 ./User/USB_Host/usb_host_hid.o
 .sdata2.SetupSetidle
                0x0000000020000048        0x8 ./User/USB_Host/usb_host_hid.o
 .sdata2.ClearPortFeature
                0x0000000020000050        0x8 ./User/USB_Host/usb_host_hub.o
 .sdata2.GetHubDescr
                0x0000000020000058        0x8 ./User/USB_Host/usb_host_hub.o
 .sdata2.GetPortStatus
                0x0000000020000060        0x8 ./User/USB_Host/usb_host_hub.o
 .sdata2.SetPortFeature
                0x0000000020000068        0x8 ./User/USB_Host/usb_host_hub.o
 *(.gnu.linkonce.s.*)
                0x0000000020000070                . = ALIGN (0x8)
 *(.srodata.cst16)
 *(.srodata.cst8)
 *(.srodata.cst4)
 *(.srodata.cst2)
 *(.srodata .srodata.*)
                0x0000000020000070                . = ALIGN (0x4)
                0x0000000020000070                PROVIDE (_edata = .)

.bss            0x0000000020000070     0x1b34 load address 0x000000000000da88
                0x0000000020000070                . = ALIGN (0x4)
                0x0000000020000070                PROVIDE (_sbss = .)
 *(.sbss*)
 .sbss.capslk   0x0000000020000070        0x1 ./User/keyboard.o
 .sbss.i        0x0000000020000071        0x1 ./User/keyboard.o
                0x0000000020000071                i
 .sbss.numlk    0x0000000020000072        0x1 ./User/keyboard.o
 .sbss.scrolllk
                0x0000000020000073        0x1 ./User/keyboard.o
 .sbss.mouseDirectionX
                0x0000000020000074        0x1 ./User/mouse.o
                0x0000000020000074                mouseDirectionX
 .sbss.mouseDirectionY
                0x0000000020000075        0x1 ./User/mouse.o
                0x0000000020000075                mouseDirectionY
 .sbss.mouseDistanceX
                0x0000000020000076        0x2 ./User/mouse.o
                0x0000000020000076                mouseDistanceX
 .sbss.mouseDistanceY
                0x0000000020000078        0x2 ./User/mouse.o
                0x0000000020000078                mouseDistanceY
 .sbss.mouseEncoderPhaseX
                0x000000002000007a        0x1 ./User/mouse.o
                0x000000002000007a                mouseEncoderPhaseX
 .sbss.mouseEncoderPhaseY
                0x000000002000007b        0x1 ./User/mouse.o
                0x000000002000007b                mouseEncoderPhaseY
 .sbss.previousMMB
                0x000000002000007c        0x1 ./User/mouse.o
                0x000000002000007c                previousMMB
 .sbss.MCU_Version
                0x000000002000007d        0x1 ./Peripheral/src/ch32v20x_gpio.o
                0x000000002000007d                MCU_Version
 *fill*         0x000000002000007e        0x2 
 .sbss.NVIC_Priority_Group
                0x0000000020000080        0x4 ./Peripheral/src/ch32v20x_misc.o
                0x0000000020000080                NVIC_Priority_Group
 .sbss.p_ms     0x0000000020000084        0x2 ./Debug/debug.o
 .sbss.p_us     0x0000000020000086        0x1 ./Debug/debug.o
 *(.gnu.linkonce.sb.*)
 *(.bss*)
 *fill*         0x0000000020000087        0x1 
 .bss.gamepad_report_data
                0x0000000020000088       0x40 ./User/USB_Host/usb_gamepad.o
 .bss.prevkeycode
                0x00000000200000c8        0xe ./User/keyboard.o
 *(.gnu.linkonce.b.*)
 *(COMMON*)
 *fill*         0x00000000200000d6        0x2 
 COMMON         0x00000000200000d8     0x1988 ./User/USB_Host/app_km.o
                0x00000000200000d8                HostCtl
                0x000000002000162c                DevDesc_Buf
                0x0000000020001640                RootHubDev
                0x0000000020001660                Com_Buf
 COMMON         0x0000000020001a60       0x80 ./User/USB_Host/ch32v20x_usbfs_host.o
                0x0000000020001a60                USBFS_RX_Buf
                0x0000000020001aa0                USBFS_TX_Buf
 COMMON         0x0000000020001ae0        0x2 ./User/USB_Host/usb_gamepad.o
                0x0000000020001ae0                gamepad_info
 *fill*         0x0000000020001ae2        0x2 
 COMMON         0x0000000020001ae4       0x1e ./User/USB_Host/usb_keyboard.o
                0x0000000020001ae4                keybd_report_data
                0x0000000020001af4                keybd_info
 *fill*         0x0000000020001b02        0x2 
 COMMON         0x0000000020001b04       0x14 ./User/USB_Host/usb_mouse.o
                0x0000000020001b04                mouse_info
                0x0000000020001b10                mouse_report_data
 COMMON         0x0000000020001b18       0x8c ./User/mouse.o
                0x0000000020001b18                ScrollBuffer
                0x0000000020001ba4                . = ALIGN (0x4)
                0x0000000020001ba4                PROVIDE (_ebss = .)
                0x0000000020001ba4                PROVIDE (_end = _ebss)
                [!provide]                        PROVIDE (end = .)

.stack          0x0000000020004800      0x800
                0x0000000020004800                PROVIDE (_heap_end = .)
                0x0000000020004800                . = ALIGN (0x4)
                [!provide]                        PROVIDE (_susrstack = .)
                0x0000000020005000                . = (. + __stack_size)
 *fill*         0x0000000020004800      0x800 
                0x0000000020005000                PROVIDE (_eusrstack = .)
OUTPUT(RISKYKVMBoot.elf elf32-littleriscv)

.debug_info     0x0000000000000000    0x1eb86
 .debug_info    0x0000000000000000     0x375b ./User/USB_Host/app_km.o
 .debug_info    0x000000000000375b     0x2418 ./User/USB_Host/ch32v20x_usbfs_host.o
 .debug_info    0x0000000000005b73     0x1451 ./User/USB_Host/usb_gamepad.o
 .debug_info    0x0000000000006fc4      0xe5c ./User/USB_Host/usb_hid_reportparser.o
 .debug_info    0x0000000000007e20     0x1207 ./User/USB_Host/usb_host_hid.o
 .debug_info    0x0000000000009027     0x126f ./User/USB_Host/usb_host_hub.o
 .debug_info    0x000000000000a296     0x11e5 ./User/USB_Host/usb_keyboard.o
 .debug_info    0x000000000000b47b     0x13ba ./User/USB_Host/usb_mouse.o
 .debug_info    0x000000000000c835     0x10ea ./User/ch32v20x_it.o
 .debug_info    0x000000000000d91f     0x11d3 ./User/gamepad.o
 .debug_info    0x000000000000eaf2     0x1165 ./User/gpio.o
 .debug_info    0x000000000000fc57     0x1ba6 ./User/keyboard.o
 .debug_info    0x00000000000117fd     0x1663 ./User/main.o
 .debug_info    0x0000000000012e60     0x1c75 ./User/mouse.o
 .debug_info    0x0000000000014ad5      0xb3b ./User/system_ch32v20x.o
 .debug_info    0x0000000000015610     0x19c4 ./User/tim.o
 .debug_info    0x0000000000016fd4      0x2c2 ./User/utils.o
 .debug_info    0x0000000000017296       0x22 ./Startup/startup_ch32v20x_D6.o
 .debug_info    0x00000000000172b8      0xc0d ./Peripheral/src/ch32v20x_exti.o
 .debug_info    0x0000000000017ec5     0x114a ./Peripheral/src/ch32v20x_gpio.o
 .debug_info    0x000000000001900f      0xebd ./Peripheral/src/ch32v20x_misc.o
 .debug_info    0x0000000000019ecc     0x12c4 ./Peripheral/src/ch32v20x_rcc.o
 .debug_info    0x000000000001b190     0x2d40 ./Peripheral/src/ch32v20x_tim.o
 .debug_info    0x000000000001ded0      0xcb6 ./Debug/debug.o

.debug_abbrev   0x0000000000000000     0x4933
 .debug_abbrev  0x0000000000000000      0x5b2 ./User/USB_Host/app_km.o
 .debug_abbrev  0x00000000000005b2      0x4f9 ./User/USB_Host/ch32v20x_usbfs_host.o
 .debug_abbrev  0x0000000000000aab      0x373 ./User/USB_Host/usb_gamepad.o
 .debug_abbrev  0x0000000000000e1e      0x2b0 ./User/USB_Host/usb_hid_reportparser.o
 .debug_abbrev  0x00000000000010ce      0x274 ./User/USB_Host/usb_host_hid.o
 .debug_abbrev  0x0000000000001342      0x2ae ./User/USB_Host/usb_host_hub.o
 .debug_abbrev  0x00000000000015f0      0x2e9 ./User/USB_Host/usb_keyboard.o
 .debug_abbrev  0x00000000000018d9      0x332 ./User/USB_Host/usb_mouse.o
 .debug_abbrev  0x0000000000001c0b      0x2a1 ./User/ch32v20x_it.o
 .debug_abbrev  0x0000000000001eac      0x283 ./User/gamepad.o
 .debug_abbrev  0x000000000000212f      0x260 ./User/gpio.o
 .debug_abbrev  0x000000000000238f      0x42f ./User/keyboard.o
 .debug_abbrev  0x00000000000027be      0x2b8 ./User/main.o
 .debug_abbrev  0x0000000000002a76      0x3b6 ./User/mouse.o
 .debug_abbrev  0x0000000000002e2c      0x2b0 ./User/system_ch32v20x.o
 .debug_abbrev  0x00000000000030dc      0x32e ./User/tim.o
 .debug_abbrev  0x000000000000340a      0x144 ./User/utils.o
 .debug_abbrev  0x000000000000354e       0x12 ./Startup/startup_ch32v20x_D6.o
 .debug_abbrev  0x0000000000003560      0x2da ./Peripheral/src/ch32v20x_exti.o
 .debug_abbrev  0x000000000000383a      0x342 ./Peripheral/src/ch32v20x_gpio.o
 .debug_abbrev  0x0000000000003b7c      0x2f2 ./Peripheral/src/ch32v20x_misc.o
 .debug_abbrev  0x0000000000003e6e      0x3dd ./Peripheral/src/ch32v20x_rcc.o
 .debug_abbrev  0x000000000000424b      0x422 ./Peripheral/src/ch32v20x_tim.o
 .debug_abbrev  0x000000000000466d      0x2c6 ./Debug/debug.o

.debug_loc      0x0000000000000000     0xa83f
 .debug_loc     0x0000000000000000     0x1aa8 ./User/USB_Host/app_km.o
 .debug_loc     0x0000000000001aa8      0xe74 ./User/USB_Host/ch32v20x_usbfs_host.o
 .debug_loc     0x000000000000291c      0xaec ./User/USB_Host/usb_gamepad.o
 .debug_loc     0x0000000000003408      0xd11 ./User/USB_Host/usb_hid_reportparser.o
 .debug_loc     0x0000000000004119      0x1a2 ./User/USB_Host/usb_host_hid.o
 .debug_loc     0x00000000000042bb      0x208 ./User/USB_Host/usb_host_hub.o
 .debug_loc     0x00000000000044c3       0x90 ./User/USB_Host/usb_keyboard.o
 .debug_loc     0x0000000000004553      0x497 ./User/USB_Host/usb_mouse.o
 .debug_loc     0x00000000000049ea       0x37 ./User/gamepad.o
 .debug_loc     0x0000000000004a21      0xcb9 ./User/keyboard.o
 .debug_loc     0x00000000000056da      0x27a ./User/main.o
 .debug_loc     0x0000000000005954      0x3c7 ./User/mouse.o
 .debug_loc     0x0000000000005d1b       0xdc ./User/system_ch32v20x.o
 .debug_loc     0x0000000000005df7       0x2a ./User/tim.o
 .debug_loc     0x0000000000005e21      0x397 ./User/utils.o
 .debug_loc     0x00000000000061b8      0x16d ./Peripheral/src/ch32v20x_exti.o
 .debug_loc     0x0000000000006325     0x190c ./Peripheral/src/ch32v20x_gpio.o
 .debug_loc     0x0000000000007c31      0x140 ./Peripheral/src/ch32v20x_misc.o
 .debug_loc     0x0000000000007d71      0x99e ./Peripheral/src/ch32v20x_rcc.o
 .debug_loc     0x000000000000870f     0x2097 ./Peripheral/src/ch32v20x_tim.o
 .debug_loc     0x000000000000a7a6       0x99 ./Debug/debug.o

.debug_aranges  0x0000000000000000      0x990
 .debug_aranges
                0x0000000000000000       0xa0 ./User/USB_Host/app_km.o
 .debug_aranges
                0x00000000000000a0       0xb8 ./User/USB_Host/ch32v20x_usbfs_host.o
 .debug_aranges
                0x0000000000000158       0x28 ./User/USB_Host/usb_gamepad.o
 .debug_aranges
                0x0000000000000180       0x28 ./User/USB_Host/usb_hid_reportparser.o
 .debug_aranges
                0x00000000000001a8       0x30 ./User/USB_Host/usb_host_hid.o
 .debug_aranges
                0x00000000000001d8       0x38 ./User/USB_Host/usb_host_hub.o
 .debug_aranges
                0x0000000000000210       0x20 ./User/USB_Host/usb_keyboard.o
 .debug_aranges
                0x0000000000000230       0x28 ./User/USB_Host/usb_mouse.o
 .debug_aranges
                0x0000000000000258       0x30 ./User/ch32v20x_it.o
 .debug_aranges
                0x0000000000000288       0x20 ./User/gamepad.o
 .debug_aranges
                0x00000000000002a8       0x20 ./User/gpio.o
 .debug_aranges
                0x00000000000002c8       0x48 ./User/keyboard.o
 .debug_aranges
                0x0000000000000310       0x20 ./User/main.o
 .debug_aranges
                0x0000000000000330       0x48 ./User/mouse.o
 .debug_aranges
                0x0000000000000378       0x28 ./User/system_ch32v20x.o
 .debug_aranges
                0x00000000000003a0       0x38 ./User/tim.o
 .debug_aranges
                0x00000000000003d8       0x38 ./User/utils.o
 .debug_aranges
                0x0000000000000410       0x30 ./Startup/startup_ch32v20x_D6.o
 .debug_aranges
                0x0000000000000440       0x50 ./Peripheral/src/ch32v20x_exti.o
 .debug_aranges
                0x0000000000000490       0xa8 ./Peripheral/src/ch32v20x_gpio.o
 .debug_aranges
                0x0000000000000538       0x28 ./Peripheral/src/ch32v20x_misc.o
 .debug_aranges
                0x0000000000000560      0x128 ./Peripheral/src/ch32v20x_rcc.o
 .debug_aranges
                0x0000000000000688      0x2c0 ./Peripheral/src/ch32v20x_tim.o
 .debug_aranges
                0x0000000000000948       0x48 ./Debug/debug.o

.debug_ranges   0x0000000000000000     0x1430
 .debug_ranges  0x0000000000000000      0x230 ./User/USB_Host/app_km.o
 .debug_ranges  0x0000000000000230      0x1c0 ./User/USB_Host/ch32v20x_usbfs_host.o
 .debug_ranges  0x00000000000003f0      0x138 ./User/USB_Host/usb_gamepad.o
 .debug_ranges  0x0000000000000528      0x220 ./User/USB_Host/usb_hid_reportparser.o
 .debug_ranges  0x0000000000000748       0x20 ./User/USB_Host/usb_host_hid.o
 .debug_ranges  0x0000000000000768       0x28 ./User/USB_Host/usb_host_hub.o
 .debug_ranges  0x0000000000000790       0x48 ./User/USB_Host/usb_keyboard.o
 .debug_ranges  0x00000000000007d8       0xe0 ./User/USB_Host/usb_mouse.o
 .debug_ranges  0x00000000000008b8       0x20 ./User/ch32v20x_it.o
 .debug_ranges  0x00000000000008d8       0x10 ./User/gamepad.o
 .debug_ranges  0x00000000000008e8       0x10 ./User/gpio.o
 .debug_ranges  0x00000000000008f8      0x1c8 ./User/keyboard.o
 .debug_ranges  0x0000000000000ac0      0x168 ./User/main.o
 .debug_ranges  0x0000000000000c28       0x90 ./User/mouse.o
 .debug_ranges  0x0000000000000cb8       0x30 ./User/system_ch32v20x.o
 .debug_ranges  0x0000000000000ce8       0x58 ./User/tim.o
 .debug_ranges  0x0000000000000d40       0x28 ./User/utils.o
 .debug_ranges  0x0000000000000d68       0x28 ./Startup/startup_ch32v20x_D6.o
 .debug_ranges  0x0000000000000d90       0x40 ./Peripheral/src/ch32v20x_exti.o
 .debug_ranges  0x0000000000000dd0       0x98 ./Peripheral/src/ch32v20x_gpio.o
 .debug_ranges  0x0000000000000e68       0x68 ./Peripheral/src/ch32v20x_misc.o
 .debug_ranges  0x0000000000000ed0      0x168 ./Peripheral/src/ch32v20x_rcc.o
 .debug_ranges  0x0000000000001038      0x3c0 ./Peripheral/src/ch32v20x_tim.o
 .debug_ranges  0x00000000000013f8       0x38 ./Debug/debug.o

.debug_line     0x0000000000000000    0x185ee
 .debug_line    0x0000000000000000     0x4500 ./User/USB_Host/app_km.o
 .debug_line    0x0000000000004500     0x1fce ./User/USB_Host/ch32v20x_usbfs_host.o
 .debug_line    0x00000000000064ce     0x137a ./User/USB_Host/usb_gamepad.o
 .debug_line    0x0000000000007848     0x138b ./User/USB_Host/usb_hid_reportparser.o
 .debug_line    0x0000000000008bd3      0x3cd ./User/USB_Host/usb_host_hid.o
 .debug_line    0x0000000000008fa0      0x49e ./User/USB_Host/usb_host_hub.o
 .debug_line    0x000000000000943e      0x3de ./User/USB_Host/usb_keyboard.o
 .debug_line    0x000000000000981c      0x92b ./User/USB_Host/usb_mouse.o
 .debug_line    0x000000000000a147      0x39d ./User/ch32v20x_it.o
 .debug_line    0x000000000000a4e4      0x41c ./User/gamepad.o
 .debug_line    0x000000000000a900      0x7e0 ./User/gpio.o
 .debug_line    0x000000000000b0e0     0x1924 ./User/keyboard.o
 .debug_line    0x000000000000ca04      0xa44 ./User/main.o
 .debug_line    0x000000000000d448     0x1451 ./User/mouse.o
 .debug_line    0x000000000000e899      0x586 ./User/system_ch32v20x.o
 .debug_line    0x000000000000ee1f      0x638 ./User/tim.o
 .debug_line    0x000000000000f457      0x73e ./User/utils.o
 .debug_line    0x000000000000fb95      0x280 ./Startup/startup_ch32v20x_D6.o
 .debug_line    0x000000000000fe15      0x5d5 ./Peripheral/src/ch32v20x_exti.o
 .debug_line    0x00000000000103ea     0x275e ./Peripheral/src/ch32v20x_gpio.o
 .debug_line    0x0000000000012b48      0x558 ./Peripheral/src/ch32v20x_misc.o
 .debug_line    0x00000000000130a0     0x12ea ./Peripheral/src/ch32v20x_rcc.o
 .debug_line    0x000000000001438a     0x3cbb ./Peripheral/src/ch32v20x_tim.o
 .debug_line    0x0000000000018045      0x5a9 ./Debug/debug.o

.debug_str      0x0000000000000000     0x3a94
 .debug_str     0x0000000000000000     0x17e3 ./User/USB_Host/app_km.o
                                       0x1955 (size before relaxing)
 .debug_str     0x00000000000017e3      0x1d5 ./User/USB_Host/ch32v20x_usbfs_host.o
                                        0xf56 (size before relaxing)
 .debug_str     0x00000000000019b8      0x136 ./User/USB_Host/usb_gamepad.o
                                        0xa92 (size before relaxing)
 .debug_str     0x0000000000001aee      0x133 ./User/USB_Host/usb_hid_reportparser.o
                                        0x76c (size before relaxing)
 .debug_str     0x0000000000001c21       0x53 ./User/USB_Host/usb_host_hid.o
                                        0xa32 (size before relaxing)
 .debug_str     0x0000000000001c74       0x57 ./User/USB_Host/usb_host_hub.o
                                        0xa53 (size before relaxing)
 .debug_str     0x0000000000001ccb       0xd4 ./User/USB_Host/usb_keyboard.o
                                        0xa34 (size before relaxing)
 .debug_str     0x0000000000001d9f       0xbc ./User/USB_Host/usb_mouse.o
                                        0xa5f (size before relaxing)
 .debug_str     0x0000000000001e5b       0xa3 ./User/ch32v20x_it.o
                                        0x9e5 (size before relaxing)
 .debug_str     0x0000000000001efe       0x49 ./User/gamepad.o
                                        0xa0a (size before relaxing)
 .debug_str     0x0000000000001f47      0x274 ./User/gpio.o
                                        0xbf9 (size before relaxing)
 .debug_str     0x00000000000021bb      0x1fd ./User/keyboard.o
                                        0xc05 (size before relaxing)
 .debug_str     0x00000000000023b8       0x83 ./User/main.o
                                        0xb56 (size before relaxing)
 .debug_str     0x000000000000243b      0x1aa ./User/mouse.o
                                        0xd20 (size before relaxing)
 .debug_str     0x00000000000025e5      0x114 ./User/system_ch32v20x.o
                                        0x6b4 (size before relaxing)
 .debug_str     0x00000000000026f9       0x4f ./User/tim.o
                                       0x100b (size before relaxing)
 .debug_str     0x0000000000002748       0x46 ./User/utils.o
                                        0x251 (size before relaxing)
 .debug_str     0x000000000000278e       0x4e ./Startup/startup_ch32v20x_D6.o
                                         0x85 (size before relaxing)
 .debug_str     0x00000000000027dc       0xe7 ./Peripheral/src/ch32v20x_exti.o
                                        0x7a1 (size before relaxing)
 .debug_str     0x00000000000028c3      0x21c ./Peripheral/src/ch32v20x_gpio.o
                                        0x991 (size before relaxing)
 .debug_str     0x0000000000002adf       0xc4 ./Peripheral/src/ch32v20x_misc.o
                                        0xa99 (size before relaxing)
 .debug_str     0x0000000000002ba3      0x3c1 ./Peripheral/src/ch32v20x_rcc.o
                                        0xad0 (size before relaxing)
 .debug_str     0x0000000000002f64      0xa14 ./Peripheral/src/ch32v20x_tim.o
                                       0x128f (size before relaxing)
 .debug_str     0x0000000000003978      0x11c ./Debug/debug.o
                                        0x805 (size before relaxing)

.comment        0x0000000000000000       0x33
 .comment       0x0000000000000000       0x33 ./User/USB_Host/app_km.o
                                         0x34 (size before relaxing)
 .comment       0x0000000000000033       0x34 ./User/USB_Host/ch32v20x_usbfs_host.o
 .comment       0x0000000000000033       0x34 ./User/USB_Host/usb_gamepad.o
 .comment       0x0000000000000033       0x34 ./User/USB_Host/usb_hid_reportparser.o
 .comment       0x0000000000000033       0x34 ./User/USB_Host/usb_host_hid.o
 .comment       0x0000000000000033       0x34 ./User/USB_Host/usb_host_hub.o
 .comment       0x0000000000000033       0x34 ./User/USB_Host/usb_keyboard.o
 .comment       0x0000000000000033       0x34 ./User/USB_Host/usb_mouse.o
 .comment       0x0000000000000033       0x34 ./User/ch32v20x_it.o
 .comment       0x0000000000000033       0x34 ./User/gamepad.o
 .comment       0x0000000000000033       0x34 ./User/gpio.o
 .comment       0x0000000000000033       0x34 ./User/keyboard.o
 .comment       0x0000000000000033       0x34 ./User/main.o
 .comment       0x0000000000000033       0x34 ./User/mouse.o
 .comment       0x0000000000000033       0x34 ./User/system_ch32v20x.o
 .comment       0x0000000000000033       0x34 ./User/tim.o
 .comment       0x0000000000000033       0x34 ./User/utils.o
 .comment       0x0000000000000033       0x34 ./Peripheral/src/ch32v20x_exti.o
 .comment       0x0000000000000033       0x34 ./Peripheral/src/ch32v20x_gpio.o
 .comment       0x0000000000000033       0x34 ./Peripheral/src/ch32v20x_misc.o
 .comment       0x0000000000000033       0x34 ./Peripheral/src/ch32v20x_rcc.o
 .comment       0x0000000000000033       0x34 ./Peripheral/src/ch32v20x_tim.o
 .comment       0x0000000000000033       0x34 ./Debug/debug.o

.debug_frame    0x0000000000000000     0x194c
 .debug_frame   0x0000000000000000      0x3f0 ./User/USB_Host/app_km.o
 .debug_frame   0x00000000000003f0      0x384 ./User/USB_Host/ch32v20x_usbfs_host.o
 .debug_frame   0x0000000000000774       0x80 ./User/USB_Host/usb_gamepad.o
 .debug_frame   0x00000000000007f4       0x98 ./User/USB_Host/usb_hid_reportparser.o
 .debug_frame   0x000000000000088c       0x40 ./User/USB_Host/usb_host_hid.o
 .debug_frame   0x00000000000008cc       0x88 ./User/USB_Host/usb_host_hub.o
 .debug_frame   0x0000000000000954       0x48 ./User/USB_Host/usb_keyboard.o
 .debug_frame   0x000000000000099c       0xa0 ./User/USB_Host/usb_mouse.o
 .debug_frame   0x0000000000000a3c       0x40 ./User/ch32v20x_it.o
 .debug_frame   0x0000000000000a7c       0x34 ./User/gamepad.o
 .debug_frame   0x0000000000000ab0       0x4c ./User/gpio.o
 .debug_frame   0x0000000000000afc      0x11c ./User/keyboard.o
 .debug_frame   0x0000000000000c18       0x40 ./User/main.o
 .debug_frame   0x0000000000000c58      0x11c ./User/mouse.o
 .debug_frame   0x0000000000000d74       0x30 ./User/system_ch32v20x.o
 .debug_frame   0x0000000000000da4       0x80 ./User/tim.o
 .debug_frame   0x0000000000000e24       0x50 ./User/utils.o
 .debug_frame   0x0000000000000e74       0x90 ./Peripheral/src/ch32v20x_exti.o
 .debug_frame   0x0000000000000f04      0x170 ./Peripheral/src/ch32v20x_gpio.o
 .debug_frame   0x0000000000001074       0x30 ./Peripheral/src/ch32v20x_misc.o
 .debug_frame   0x00000000000010a4      0x23c ./Peripheral/src/ch32v20x_rcc.o
 .debug_frame   0x00000000000012e0      0x5bc ./Peripheral/src/ch32v20x_tim.o
 .debug_frame   0x000000000000189c       0x70 ./Debug/debug.o
 .debug_frame   0x000000000000190c       0x20 c:/mounriver/mounriver_studio/toolchain/risc-v embedded gcc/bin/../lib/gcc/riscv-none-embed/8.2.0/../../../../riscv-none-embed/lib/rv32imac/ilp32\libg_nano.a(lib_a-memchr.o)
 .debug_frame   0x000000000000192c       0x20 c:/mounriver/mounriver_studio/toolchain/risc-v embedded gcc/bin/../lib/gcc/riscv-none-embed/8.2.0/../../../../riscv-none-embed/lib/rv32imac/ilp32\libg_nano.a(lib_a-memcpy.o)
