Archive member included to satisfy reference by file (symbol)

c:/mounriver/mounriver_studio/toolchain/risc-v embedded gcc/bin/../lib/gcc/riscv-none-embed/8.2.0/../../../../riscv-none-embed/lib/rv32imac/ilp32\libg_nano.a(lib_a-memchr.o)
                              ./User/USB_Host/app_km.o (memchr)
c:/mounriver/mounriver_studio/toolchain/risc-v embedded gcc/bin/../lib/gcc/riscv-none-embed/8.2.0/../../../../riscv-none-embed/lib/rv32imac/ilp32\libg_nano.a(lib_a-memcpy.o)
                              ./User/USB_Host/ch32v20x_usbfs_host.o (memcpy)
c:/mounriver/mounriver_studio/toolchain/risc-v embedded gcc/bin/../lib/gcc/riscv-none-embed/8.2.0/../../../../riscv-none-embed/lib/rv32imac/ilp32\libg_nano.a(lib_a-memset.o)
                              ./User/USB_Host/app_km.o (memset)

Allocating common symbols
Common symbol       size              file

keybd_report_data   0x10              ./User/USB_Host/usb_keyboard.o
keybd_info          0xe               ./User/USB_Host/usb_keyboard.o
charToSend          0x1               ./User/keyboard.o
USBFS_RX_Buf        0x40              ./User/USB_Host/ch32v20x_usbfs_host.o
HostCtl             0x1554            ./User/USB_Host/app_km.o
mouse_info          0xa               ./User/USB_Host/usb_mouse.o
gamepad_info        0x2               ./User/USB_Host/usb_gamepad.o
DevDesc_Buf         0x12              ./User/USB_Host/app_km.o
RootHubDev          0x1f              ./User/USB_Host/app_km.o
mouse_report_data   0x8               ./User/USB_Host/usb_mouse.o
Com_Buf             0x400             ./User/USB_Host/app_km.o
USBFS_TX_Buf        0x40              ./User/USB_Host/ch32v20x_usbfs_host.o
ScrollBuffer        0x8c              ./User/mouse.o

Discarded input sections

 .group         0x0000000000000000        0xc ./User/USB_Host/app_km.o
 .group         0x0000000000000000        0xc ./User/USB_Host/app_km.o
 .group         0x0000000000000000        0xc ./User/USB_Host/app_km.o
 .group         0x0000000000000000        0xc ./User/USB_Host/app_km.o
 .group         0x0000000000000000        0xc ./User/USB_Host/app_km.o
 .group         0x0000000000000000        0xc ./User/USB_Host/app_km.o
 .group         0x0000000000000000        0xc ./User/USB_Host/app_km.o
 .group         0x0000000000000000        0xc ./User/USB_Host/app_km.o
 .group         0x0000000000000000        0xc ./User/USB_Host/app_km.o
 .group         0x0000000000000000        0xc ./User/USB_Host/app_km.o
 .group         0x0000000000000000        0xc ./User/USB_Host/app_km.o
 .group         0x0000000000000000        0xc ./User/USB_Host/app_km.o
 .group         0x0000000000000000        0xc ./User/USB_Host/app_km.o
 .group         0x0000000000000000        0xc ./User/USB_Host/app_km.o
 .group         0x0000000000000000        0xc ./User/USB_Host/app_km.o
 .group         0x0000000000000000        0xc ./User/USB_Host/app_km.o
 .group         0x0000000000000000        0xc ./User/USB_Host/app_km.o
 .group         0x0000000000000000        0xc ./User/USB_Host/app_km.o
 .group         0x0000000000000000        0xc ./User/USB_Host/app_km.o
 .group         0x0000000000000000        0xc ./User/USB_Host/app_km.o
 .group         0x0000000000000000        0xc ./User/USB_Host/app_km.o
 .group         0x0000000000000000        0xc ./User/USB_Host/app_km.o
 .group         0x0000000000000000        0xc ./User/USB_Host/app_km.o
 .group         0x0000000000000000        0xc ./User/USB_Host/app_km.o
 .group         0x0000000000000000        0xc ./User/USB_Host/app_km.o
 .group         0x0000000000000000        0xc ./User/USB_Host/app_km.o
 .group         0x0000000000000000        0xc ./User/USB_Host/app_km.o
 .group         0x0000000000000000        0xc ./User/USB_Host/app_km.o
 .group         0x0000000000000000        0xc ./User/USB_Host/app_km.o
 .group         0x0000000000000000        0xc ./User/USB_Host/app_km.o
 .group         0x0000000000000000        0xc ./User/USB_Host/app_km.o
 .group         0x0000000000000000        0xc ./User/USB_Host/app_km.o
 .group         0x0000000000000000        0xc ./User/USB_Host/app_km.o
 .group         0x0000000000000000        0xc ./User/USB_Host/app_km.o
 .group         0x0000000000000000        0xc ./User/USB_Host/app_km.o
 .group         0x0000000000000000        0xc ./User/USB_Host/app_km.o
 .group         0x0000000000000000        0xc ./User/USB_Host/app_km.o
 .group         0x0000000000000000        0xc ./User/USB_Host/app_km.o
 .group         0x0000000000000000        0xc ./User/USB_Host/app_km.o
 .group         0x0000000000000000        0xc ./User/USB_Host/app_km.o
 .group         0x0000000000000000        0xc ./User/USB_Host/app_km.o
 .group         0x0000000000000000        0xc ./User/USB_Host/app_km.o
 .group         0x0000000000000000        0xc ./User/USB_Host/app_km.o
 .group         0x0000000000000000        0xc ./User/USB_Host/app_km.o
 .group         0x0000000000000000        0xc ./User/USB_Host/app_km.o
[...]
Memory Configuration

Name             Origin             Length             Attributes
FLASH            0x0000000000000000 0x0000000000010000 xr
RAM              0x0000000020000000 0x0000000000005000 xrw
*default*        0x0000000000000000 0xffffffffffffffff

Linker script and memory map

LOAD ./User/USB_Host/app_km.o
LOAD ./User/USB_Host/ch32v20x_usbfs_host.o
LOAD ./User/USB_Host/usb_gamepad.o
LOAD ./User/USB_Host/usb_hid_reportparser.o
LOAD ./User/USB_Host/usb_host_hid.o
LOAD ./User/USB_Host/usb_host_hub.o
LOAD ./User/USB_Host/usb_keyboard.o
LOAD ./User/USB_Host/usb_mouse.o
LOAD ./User/ch32v20x_it.o
LOAD ./User/gamepad.o
LOAD ./User/gpio.o
LOAD ./User/keyboard.o
LOAD ./User/main.o
LOAD ./User/mouse.o
LOAD ./User/system_ch32v20x.o
LOAD ./User/tim.o
LOAD ./User/utils.o
LOAD ./Startup/startup_ch32v20x_D6.o
LOAD ./Peripheral/src/ch32v20x_adc.o
LOAD ./Peripheral/src/ch32v20x_bkp.o
LOAD ./Peripheral/src/ch32v20x_can.o
LOAD ./Peripheral/src/ch32v20x_crc.o
LOAD ./Peripheral/src/ch32v20x_dbgmcu.o
LOAD ./Peripheral/src/ch32v20x_dma.o
LOAD ./Peripheral/src/ch32v20x_exti.o
LOAD ./Peripheral/src/ch32v20x_flash.o
LOAD ./Peripheral/src/ch32v20x_gpio.o
LOAD ./Peripheral/src/ch32v20x_i2c.o
LOAD ./Peripheral/src/ch32v20x_iwdg.o
LOAD ./Peripheral/src/ch32v20x_misc.o
LOAD ./Peripheral/src/ch32v20x_opa.o
LOAD ./Peripheral/src/ch32v20x_pwr.o
LOAD ./Peripheral/src/ch32v20x_rcc.o
LOAD ./Peripheral/src/ch32v20x_rtc.o
LOAD ./Peripheral/src/ch32v20x_spi.o
LOAD ./Peripheral/src/ch32v20x_tim.o
LOAD ./Peripheral/src/ch32v20x_usart.o
LOAD ./Peripheral/src/ch32v20x_wwdg.o
LOAD ./Debug/debug.o
LOAD ./Core/core_riscv.o
LOAD c:/mounriver/mounriver_studio/toolchain/risc-v embedded gcc/bin/../lib/gcc/riscv-none-embed/8.2.0/rv32imac/ilp32\libgcc.a
LOAD c:/mounriver/mounriver_studio/toolchain/risc-v embedded gcc/bin/../lib/gcc/riscv-none-embed/8.2.0/../../../../riscv-none-embed/lib/rv32imac/ilp32\libg_nano.a
LOAD c:/mounriver/mounriver_studio/toolchain/risc-v embedded gcc/bin/../lib/gcc/riscv-none-embed/8.2.0/../../../../riscv-none-embed/lib/rv32imac/ilp32\libc_nano.a
LOAD c:/mounriver/mounriver_studio/toolchain/risc-v embedded gcc/bin/../lib/gcc/riscv-none-embed/8.2.0/rv32imac/ilp32\libgcc.a
START GROUP
LOAD c:/mounriver/mounriver_studio/toolchain/risc-v embedded gcc/bin/../lib/gcc/riscv-none-embed/8.2.0/rv32imac/ilp32\libgcc.a
LOAD c:/mounriver/mounriver_studio/toolchain/risc-v embedded gcc/bin/../lib/gcc/riscv-none-embed/8.2.0/../../../../riscv-none-embed/lib/rv32imac/ilp32\libc_nano.a
LOAD c:/mounriver/mounriver_studio/toolchain/risc-v embedded gcc/bin/../lib/gcc/riscv-none-embed/8.2.0/../../../../riscv-none-embed/lib/rv32imac/ilp32\libnosys.a
END GROUP
START GROUP
LOAD c:/mounriver/mounriver_studio/toolchain/risc-v embedded gcc/bin/../lib/gcc/riscv-none-embed/8.2.0/rv32imac/ilp32\libgcc.a
LOAD c:/mounriver/mounriver_studio/toolchain/risc-v embedded gcc/bin/../lib/gcc/riscv-none-embed/8.2.0/../../../../riscv-none-embed/lib/rv32imac/ilp32\libc_nano.a
LOAD c:/mounriver/mounriver_studio/toolchain/risc-v embedded gcc/bin/../lib/gcc/riscv-none-embed/8.2.0/../../../../riscv-none-embed/lib/rv32imac/ilp32\libnosys.a
END GROUP
                0x0000000000000800                __stack_size = 0x800
                [!provide]                        PROVIDE (_stack_size = __stack_size)

.init           0x0000000000000000       0x38
                0x0000000000000000                _sinit = .
                0x0000000000000000                . = ALIGN (0x4)
 *(SORT_NONE(.init))
 .init          0x0000000000000000       0x38 ./Startup/startup_ch32v20x_D6.o
                0x0000000000000000                _start
                0x0000000000000038                . = ALIGN (0x4)
                0x0000000000000038                _einit = .

.vector         0x0000000000000038      0x108
 *(.vector)
 .vector        0x0000000000000038       0xfc ./Startup/startup_ch32v20x_D6.o
                0x0000000000000140                . = ALIGN (0x40)
 *fill*         0x0000000000000134        0xc 

.text           0x0000000000000140     0x41e0
                0x0000000000000140                . = ALIGN (0x4)
 *(.text)
 .text          0x0000000000000140       0xa8 c:/mounriver/mounriver_studio/toolchain/risc-v embedded gcc/bin/../lib/gcc/riscv-none-embed/8.2.0/../../../../riscv-none-embed/lib/rv32imac/ilp32\libg_nano.a(lib_a-memset.o)
                0x0000000000000140                memset
 *(.text.*)
 .text.TIM3_Init
                0x00000000000001e8       0x80 ./User/USB_Host/app_km.o
                0x00000000000001e8                TIM3_Init
 .text.TIM3_IRQHandler
                0x0000000000000268      0x124 ./User/USB_Host/app_km.o
                0x0000000000000268                TIM3_IRQHandler
 .text.USBH_AnalyseType
                0x000000000000038c       0x48 ./User/USB_Host/app_km.o
                0x000000000000038c                USBH_AnalyseType
 .text.USBH_EnumRootDevice
                0x00000000000003d4      0x13e ./User/USB_Host/app_km.o
                0x00000000000003d4                USBH_EnumRootDevice
 .text.KM_AnalyzeConfigDesc
                0x0000000000000512      0x252 ./User/USB_Host/app_km.o
                0x0000000000000512                KM_AnalyzeConfigDesc
 .text.KM_AnalyzeHidReportDesc
                0x0000000000000764      0x1aa ./User/USB_Host/app_km.o
                0x0000000000000764                KM_AnalyzeHidReportDesc
 .text.KM_DealHidReportDesc
                0x000000000000090e       0xe4 ./User/USB_Host/app_km.o
                0x000000000000090e                KM_DealHidReportDesc
 .text.HUB_AnalyzeConfigDesc
                0x00000000000009f2       0xd4 ./User/USB_Host/app_km.o
                0x00000000000009f2                HUB_AnalyzeConfigDesc
 .text.USBH_EnumHubDevice
                0x0000000000000ac6      0x10a ./User/USB_Host/app_km.o
                0x0000000000000ac6                USBH_EnumHubDevice
 .text.HUB_Port_PreEnum1
                0x0000000000000bd0       0x9c ./User/USB_Host/app_km.o
                0x0000000000000bd0                HUB_Port_PreEnum1
 .text.HUB_Port_PreEnum2
                0x0000000000000c6c       0xc2 ./User/USB_Host/app_km.o
                0x0000000000000c6c                HUB_Port_PreEnum2
 .text.HUB_CheckPortSpeed
                0x0000000000000d2e       0x36 ./User/USB_Host/app_km.o
                0x0000000000000d2e                HUB_CheckPortSpeed
 .text.USBH_EnumHubPortDevice
                0x0000000000000d64      0x10e ./User/USB_Host/app_km.o
                0x0000000000000d64                USBH_EnumHubPortDevice
 .text.KB_AnalyzeKeyValue
                0x0000000000000e72       0xd4 ./User/USB_Host/app_km.o
                0x0000000000000e72                KB_AnalyzeKeyValue
 .text.KB_SetReport
                0x0000000000000f46       0xa4 ./User/USB_Host/app_km.o
                0x0000000000000f46                KB_SetReport
 .text.USBH_EnumHidDevice
                0x0000000000000fea       0xde ./User/USB_Host/app_km.o
                0x0000000000000fea                USBH_EnumHidDevice
 .text.USBH_MainDeal
                0x00000000000010c8      0x57c ./User/USB_Host/app_km.o
                0x00000000000010c8                USBH_MainDeal
 .text.USBFSH_SetSelfSpeed.part.0
                0x0000000000001644       0x32 ./User/USB_Host/ch32v20x_usbfs_host.o
 .text.USBFS_RCC_Init
                0x0000000000001676       0x46 ./User/USB_Host/ch32v20x_usbfs_host.o
                0x0000000000001676                USBFS_RCC_Init
 .text.USBFS_Host_Init
                0x00000000000016bc       0x5e ./User/USB_Host/ch32v20x_usbfs_host.o
                0x00000000000016bc                USBFS_Host_Init
 .text.USBFSH_CheckRootHubPortStatus
                0x000000000000171a       0x36 ./User/USB_Host/ch32v20x_usbfs_host.o
                0x000000000000171a                USBFSH_CheckRootHubPortStatus
 .text.USBFSH_CheckRootHubPortSpeed
                0x0000000000001750       0x12 ./User/USB_Host/ch32v20x_usbfs_host.o
                0x0000000000001750                USBFSH_CheckRootHubPortSpeed
 .text.USBFSH_SetSelfAddr
                0x0000000000001762       0x18 ./User/USB_Host/ch32v20x_usbfs_host.o
                0x0000000000001762                USBFSH_SetSelfAddr
 .text.USBFSH_SetSelfSpeed
                0x000000000000177a       0x32 ./User/USB_Host/ch32v20x_usbfs_host.o
                0x000000000000177a                USBFSH_SetSelfSpeed
 .text.USBFSH_ResetRootHubPort
                0x00000000000017ac       0x64 ./User/USB_Host/ch32v20x_usbfs_host.o
                0x00000000000017ac                USBFSH_ResetRootHubPort
 .text.USBFSH_EnableRootHubPort
                0x0000000000001810       0x50 ./User/USB_Host/ch32v20x_usbfs_host.o
                0x0000000000001810                USBFSH_EnableRootHubPort
 .text.USBFSH_Transact
                0x0000000000001860      0x130 ./User/USB_Host/ch32v20x_usbfs_host.o
                0x0000000000001860                USBFSH_Transact
 .text.USBFSH_CtrlTransfer
                0x0000000000001990      0x1da ./User/USB_Host/ch32v20x_usbfs_host.o
                0x0000000000001990                USBFSH_CtrlTransfer
 .text.USBFSH_GetDeviceDescr
                0x0000000000001b6a       0x58 ./User/USB_Host/ch32v20x_usbfs_host.o
                0x0000000000001b6a                USBFSH_GetDeviceDescr
 .text.USBFSH_GetConfigDescr
                0x0000000000001bc2       0x9a ./User/USB_Host/ch32v20x_usbfs_host.o
                0x0000000000001bc2                USBFSH_GetConfigDescr
 .text.USBFSH_GetStrDescr
                0x0000000000001c5c       0x7a ./User/USB_Host/ch32v20x_usbfs_host.o
                0x0000000000001c5c                USBFSH_GetStrDescr
 .text.USBFSH_SetUsbAddress
                0x0000000000001cd6       0x44 ./User/USB_Host/ch32v20x_usbfs_host.o
                0x0000000000001cd6                USBFSH_SetUsbAddress
 .text.USBFSH_SetUsbConfig
                0x0000000000001d1a       0x20 ./User/USB_Host/ch32v20x_usbfs_host.o
                0x0000000000001d1a                USBFSH_SetUsbConfig
 .text.USBFSH_ClearEndpStall
                0x0000000000001d3a       0x20 ./User/USB_Host/ch32v20x_usbfs_host.o
                0x0000000000001d3a                USBFSH_ClearEndpStall
 .text.USBFSH_GetEndpData
                0x0000000000001d5a       0x5a ./User/USB_Host/ch32v20x_usbfs_host.o
                0x0000000000001d5a                USBFSH_GetEndpData
 .text.USBFSH_SendEndpData
                0x0000000000001db4       0x4c ./User/USB_Host/ch32v20x_usbfs_host.o
                0x0000000000001db4                USBFSH_SendEndpData
 .text.GamepadDecode
                0x0000000000001e00      0x1f8 ./User/USB_Host/usb_gamepad.o
                0x0000000000001e00                GamepadDecode
 .text.GetGamepadInfo
                0x0000000000001ff8       0x1a ./User/USB_Host/usb_gamepad.o
                0x0000000000001ff8                GetGamepadInfo
 .text.report_is_usable
                0x0000000000002012       0x30 ./User/USB_Host/usb_hid_reportparser.o
                0x0000000000002012                report_is_usable
 .text.parse_report_descriptor
                0x0000000000002042      0x3f6 ./User/USB_Host/usb_hid_reportparser.o
                0x0000000000002042                parse_report_descriptor
 .text.HID_GetHidDesr
                0x0000000000002438       0x2c ./User/USB_Host/usb_host_hid.o
                0x0000000000002438                HID_GetHidDesr
 .text.HID_SetReport
                0x0000000000002464       0x24 ./User/USB_Host/usb_host_hid.o
                0x0000000000002464                HID_SetReport
 .text.HID_SetIdle
                0x0000000000002488       0x2c ./User/USB_Host/usb_host_hid.o
                0x0000000000002488                HID_SetIdle
 .text.HUB_GetPortStatus
                0x00000000000024b4       0x30 ./User/USB_Host/usb_host_hub.o
                0x00000000000024b4                HUB_GetPortStatus
 .text.HUB_ClearPortFeature
                0x00000000000024e4       0x26 ./User/USB_Host/usb_host_hub.o
                0x00000000000024e4                HUB_ClearPortFeature
 .text.HUB_SetPortFeature
                0x000000000000250a       0x26 ./User/USB_Host/usb_host_hub.o
                0x000000000000250a                HUB_SetPortFeature
 .text.HUB_GetClassDevDescr
                0x0000000000002530       0x5e ./User/USB_Host/usb_host_hub.o
                0x0000000000002530                HUB_GetClassDevDescr
 .text.USBH_HID_GetKeyboardInfo
                0x000000000000258e       0xa0 ./User/USB_Host/usb_keyboard.o
                0x000000000000258e                USBH_HID_GetKeyboardInfo
 .text.USB_MouseDecode
                0x000000000000262e      0x192 ./User/USB_Host/usb_mouse.o
                0x000000000000262e                USB_MouseDecode
 .text.USB_GetMouseInfo
                0x00000000000027c0       0x1a ./User/USB_Host/usb_mouse.o
                0x00000000000027c0                USB_GetMouseInfo
 .text.NMI_Handler
                0x00000000000027da        0x4 ./User/ch32v20x_it.o
                0x00000000000027da                NMI_Handler
 .text.HardFault_Handler
                0x00000000000027de        0x2 ./User/ch32v20x_it.o
                0x00000000000027de                HardFault_Handler
 .text.EXTI15_10_IRQHandler
                0x00000000000027e0       0x1a ./User/ch32v20x_it.o
                0x00000000000027e0                EXTI15_10_IRQHandler
 .text.ProcessGamepad
                0x00000000000027fa       0xa2 ./User/gamepad.o
                0x00000000000027fa                ProcessGamepad
 .text.GPIO_Config
                0x000000000000289c      0x23a ./User/gpio.o
                0x000000000000289c                GPIO_Config
 .text.scancode_to_amiga
                0x0000000000002ad6       0x2c ./User/keyboard.o
 .text.amikb_send
                0x0000000000002b02      0x1aa ./User/keyboard.o
 .text.amikb_reset
                0x0000000000002cac       0x78 ./User/keyboard.o
                0x0000000000002cac                amikb_reset
 .text.amikb_irq
                0x0000000000002d24       0x46 ./User/keyboard.o
                0x0000000000002d24                amikb_irq
 .text.amikb_process
                0x0000000000002d6a      0x21a ./User/keyboard.o
                0x0000000000002d6a                amikb_process
 .text.startup.main
                0x0000000000002f84      0x194 ./User/main.o
                0x0000000000002f84                main
 .text.InitMouse
                0x0000000000003118        0xc ./User/mouse.o
                0x0000000000003118                InitMouse
 .text.processMouseMovement
                0x0000000000003124      0x102 ./User/mouse.o
                0x0000000000003124                processMouseMovement
 .text.ProcessMouse
                0x0000000000003226      0x1ce ./User/mouse.o
                0x0000000000003226                ProcessMouse
 .text.ProcessX_IRQ
                0x00000000000033f4      0x140 ./User/mouse.o
                0x00000000000033f4                ProcessX_IRQ
 .text.ProcessY_IRQ
                0x0000000000003534      0x140 ./User/mouse.o
                0x0000000000003534                ProcessY_IRQ
 .text.ProcessScrollIRQ
                0x0000000000003674      0x1a0 ./User/mouse.o
                0x0000000000003674                ProcessScrollIRQ
 .text.SystemInit
                0x0000000000003814       0xa8 ./User/system_ch32v20x.o
                0x0000000000003814                SystemInit
 .text.TIM2_Init
                0x00000000000038bc       0x64 ./User/tim.o
                0x00000000000038bc                TIM2_Init
 .text.TIM4_Init
                0x0000000000003920       0x6c ./User/tim.o
                0x0000000000003920                TIM4_Init
 .text.TIM2_IRQHandler
                0x000000000000398c       0x1a ./User/tim.o
                0x000000000000398c                TIM2_IRQHandler
 .text.TIM4_IRQHandler
                0x00000000000039a6       0x26 ./User/tim.o
                0x00000000000039a6                TIM4_IRQHandler
 .text.FifoInit
                0x00000000000039cc       0x18 ./User/utils.o
                0x00000000000039cc                FifoInit
 .text.FifoRead
                0x00000000000039e4       0x62 ./User/utils.o
                0x00000000000039e4                FifoRead
 .text.FifoWrite
                0x0000000000003a46       0x70 ./User/utils.o
                0x0000000000003a46                FifoWrite
 .text.collect_bits
                0x0000000000003ab6       0xcc ./User/utils.o
                0x0000000000003ab6                collect_bits
 .text.vector_handler
                0x0000000000003b82       0x6c ./Startup/startup_ch32v20x_D6.o
                0x0000000000003b86                Ecall_M_Mode_Handler
                0x0000000000003b88                Ecall_U_Mode_Handler
                0x0000000000003b8a                Break_Point_Handler
                0x0000000000003b8c                SysTick_Handler
                0x0000000000003b8e                SW_Handler
                0x0000000000003b90                WWDG_IRQHandler
                0x0000000000003b92                PVD_IRQHandler
                0x0000000000003b94                TAMPER_IRQHandler
                0x0000000000003b96                RTC_IRQHandler
                0x0000000000003b98                FLASH_IRQHandler
                0x0000000000003b9a                RCC_IRQHandler
                0x0000000000003b9c                EXTI0_IRQHandler
                0x0000000000003b9e                EXTI1_IRQHandler
                0x0000000000003ba0                EXTI2_IRQHandler
                0x0000000000003ba2                EXTI3_IRQHandler
                0x0000000000003ba4                EXTI4_IRQHandler
                0x0000000000003ba6                DMA1_Channel1_IRQHandler
                0x0000000000003ba8                DMA1_Channel2_IRQHandler
                0x0000000000003baa                DMA1_Channel3_IRQHandler
                0x0000000000003bac                DMA1_Channel4_IRQHandler
                0x0000000000003bae                DMA1_Channel5_IRQHandler
                0x0000000000003bb0                DMA1_Channel6_IRQHandler
                0x0000000000003bb2                DMA1_Channel7_IRQHandler
                0x0000000000003bb4                ADC1_2_IRQHandler
                0x0000000000003bb6                USB_HP_CAN1_TX_IRQHandler
                0x0000000000003bb8                USB_LP_CAN1_RX0_IRQHandler
                0x0000000000003bba                CAN1_RX1_IRQHandler
                0x0000000000003bbc                CAN1_SCE_IRQHandler
                0x0000000000003bbe                EXTI9_5_IRQHandler
                0x0000000000003bc0                TIM1_BRK_IRQHandler
                0x0000000000003bc2                TIM1_UP_IRQHandler
                0x0000000000003bc4                TIM1_TRG_COM_IRQHandler
                0x0000000000003bc6                TIM1_CC_IRQHandler
                0x0000000000003bce                I2C1_EV_IRQHandler
                0x0000000000003bd0                I2C1_ER_IRQHandler
                0x0000000000003bd2                I2C2_EV_IRQHandler
                0x0000000000003bd4                I2C2_ER_IRQHandler
                0x0000000000003bd6                SPI1_IRQHandler
                0x0000000000003bd8                SPI2_IRQHandler
                0x0000000000003bda                USART1_IRQHandler
                0x0000000000003bdc                USART2_IRQHandler
                0x0000000000003bde                USART3_IRQHandler
                0x0000000000003be2                RTCAlarm_IRQHandler
                0x0000000000003be4                USBWakeUp_IRQHandler
                0x0000000000003be6                USBHD_IRQHandler
                0x0000000000003be8                USBHDWakeUp_IRQHandler
                0x0000000000003bea                UART4_IRQHandler
                0x0000000000003bec                DMA1_Channel8_IRQHandler
 .text.handle_reset
                0x0000000000003bee       0x8a ./Startup/startup_ch32v20x_D6.o
                0x0000000000003bee                handle_reset
 .text.EXTI_Init
                0x0000000000003c78       0x6a ./Peripheral/src/ch32v20x_exti.o
                0x0000000000003c78                EXTI_Init
 .text.EXTI_GetITStatus
                0x0000000000003ce2       0x1e ./Peripheral/src/ch32v20x_exti.o
                0x0000000000003ce2                EXTI_GetITStatus
 .text.EXTI_ClearITPendingBit
                0x0000000000003d00        0xa ./Peripheral/src/ch32v20x_exti.o
                0x0000000000003d00                EXTI_ClearITPendingBit
 .text.GPIO_Init
                0x0000000000003d0a       0xf8 ./Peripheral/src/ch32v20x_gpio.o
                0x0000000000003d0a                GPIO_Init
 .text.GPIO_ReadInputDataBit
                0x0000000000003e02       0x1a ./Peripheral/src/ch32v20x_gpio.o
                0x0000000000003e02                GPIO_ReadInputDataBit
 .text.GPIO_ReadOutputData
                0x0000000000003e1c       0x1c ./Peripheral/src/ch32v20x_gpio.o
                0x0000000000003e1c                GPIO_ReadOutputData
 .text.GPIO_WriteBit
                0x0000000000003e38       0x1a ./Peripheral/src/ch32v20x_gpio.o
                0x0000000000003e38                GPIO_WriteBit
 .text.GPIO_Write
                0x0000000000003e52       0x14 ./Peripheral/src/ch32v20x_gpio.o
                0x0000000000003e52                GPIO_Write
 .text.GPIO_EXTILineConfig
                0x0000000000003e66       0x2c ./Peripheral/src/ch32v20x_gpio.o
                0x0000000000003e66                GPIO_EXTILineConfig
 .text.NVIC_Init
                0x0000000000003e92       0xb8 ./Peripheral/src/ch32v20x_misc.o
                0x0000000000003e92                NVIC_Init
 .text.RCC_USBCLKConfig
                0x0000000000003f4a       0x1a ./Peripheral/src/ch32v20x_rcc.o
                0x0000000000003f4a                RCC_USBCLKConfig
 .text.RCC_AHBPeriphClockCmd
                0x0000000000003f64       0x1e ./Peripheral/src/ch32v20x_rcc.o
                0x0000000000003f64                RCC_AHBPeriphClockCmd
 .text.RCC_APB2PeriphClockCmd
                0x0000000000003f82       0x1e ./Peripheral/src/ch32v20x_rcc.o
                0x0000000000003f82                RCC_APB2PeriphClockCmd
 .text.RCC_APB1PeriphClockCmd
                0x0000000000003fa0       0x1e ./Peripheral/src/ch32v20x_rcc.o
                0x0000000000003fa0                RCC_APB1PeriphClockCmd
 .text.TIM_TimeBaseInit
                0x0000000000003fbe       0x80 ./Peripheral/src/ch32v20x_tim.o
                0x0000000000003fbe                TIM_TimeBaseInit
 .text.TIM_Cmd  0x000000000000403e       0x1c ./Peripheral/src/ch32v20x_tim.o
                0x000000000000403e                TIM_Cmd
 .text.TIM_ITConfig
                0x000000000000405a       0x16 ./Peripheral/src/ch32v20x_tim.o
                0x000000000000405a                TIM_ITConfig
 .text.TIM_GetITStatus
                0x0000000000004070       0x1c ./Peripheral/src/ch32v20x_tim.o
                0x0000000000004070                TIM_GetITStatus
 .text.TIM_ClearITPendingBit
                0x000000000000408c        0xe ./Peripheral/src/ch32v20x_tim.o
                0x000000000000408c                TIM_ClearITPendingBit
 .text.Delay_Init
                0x000000000000409a       0x2a ./Debug/debug.o
                0x000000000000409a                Delay_Init
 .text.Delay_Us
                0x00000000000040c4       0x36 ./Debug/debug.o
                0x00000000000040c4                Delay_Us
 .text.Delay_Ms
                0x00000000000040fa       0x36 ./Debug/debug.o
                0x00000000000040fa                Delay_Ms
 .text.memchr   0x0000000000004130       0x1a c:/mounriver/mounriver_studio/toolchain/risc-v embedded gcc/bin/../lib/gcc/riscv-none-embed/8.2.0/../../../../riscv-none-embed/lib/rv32imac/ilp32\libg_nano.a(lib_a-memchr.o)
                0x0000000000004130                memchr
 .text.memcpy   0x000000000000414a       0xb6 c:/mounriver/mounriver_studio/toolchain/risc-v embedded gcc/bin/../lib/gcc/riscv-none-embed/8.2.0/../../../../riscv-none-embed/lib/rv32imac/ilp32\libg_nano.a(lib_a-memcpy.o)
                0x000000000000414a                memcpy
 *(.rodata)
 *(.rodata*)
 *fill*         0x0000000000004200        0x0 
 .rodata.parse_report_descriptor
                0x0000000000004200       0x3c ./User/USB_Host/usb_hid_reportparser.o
 .rodata.scancodeamiga
                0x000000000000423c       0xe4 ./User/keyboard.o
 *(.gnu.linkonce.t.*)
                0x0000000000004320                . = ALIGN (0x4)

.rela.dyn       0x0000000000004320        0x0
 .rela.text.TIM3_IRQHandler
                0x0000000000004320        0x0 ./User/USB_Host/app_km.o
 .rela.text.USBH_EnumRootDevice
                0x0000000000004320        0x0 ./User/USB_Host/app_km.o
 .rela.text.KM_AnalyzeConfigDesc
                0x0000000000004320        0x0 ./User/USB_Host/app_km.o
 .rela.text.KM_AnalyzeHidReportDesc
                0x0000000000004320        0x0 ./User/USB_Host/app_km.o
 .rela.text.KM_DealHidReportDesc
                0x0000000000004320        0x0 ./User/USB_Host/app_km.o
 .rela.text.HUB_AnalyzeConfigDesc
                0x0000000000004320        0x0 ./User/USB_Host/app_km.o
 .rela.text.USBH_EnumHubDevice
                0x0000000000004320        0x0 ./User/USB_Host/app_km.o
 .rela.text.HUB_Port_PreEnum1
                0x0000000000004320        0x0 ./User/USB_Host/app_km.o
 .rela.text.HUB_Port_PreEnum2
                0x0000000000004320        0x0 ./User/USB_Host/app_km.o
 .rela.text.HUB_CheckPortSpeed
                0x0000000000004320        0x0 ./User/USB_Host/app_km.o
 .rela.text.USBH_EnumHubPortDevice
                0x0000000000004320        0x0 ./User/USB_Host/app_km.o
 .rela.text.KB_AnalyzeKeyValue
                0x0000000000004320        0x0 ./User/USB_Host/app_km.o
 .rela.text.KB_SetReport
                0x0000000000004320        0x0 ./User/USB_Host/app_km.o
 .rela.text.USBH_EnumHidDevice
                0x0000000000004320        0x0 ./User/USB_Host/app_km.o
 .rela.text.USBH_MainDeal
                0x0000000000004320        0x0 ./User/USB_Host/app_km.o
 .rela.text.USBFS_Host_Init
                0x0000000000004320        0x0 ./User/USB_Host/app_km.o
 .rela.text.USBFSH_CtrlTransfer
                0x0000000000004320        0x0 ./User/USB_Host/app_km.o
 .rela.text.USBFSH_GetDeviceDescr
                0x0000000000004320        0x0 ./User/USB_Host/app_km.o
 .rela.text.USBFSH_GetConfigDescr
                0x0000000000004320        0x0 ./User/USB_Host/app_km.o
 .rela.text.USBFSH_GetStrDescr
                0x0000000000004320        0x0 ./User/USB_Host/app_km.o
 .rela.text.USBFSH_SetUsbAddress
                0x0000000000004320        0x0 ./User/USB_Host/app_km.o
 .rela.text.USBFSH_SetUsbConfig
                0x0000000000004320        0x0 ./User/USB_Host/app_km.o
 .rela.text.USBFSH_ClearEndpStall
                0x0000000000004320        0x0 ./User/USB_Host/app_km.o
 .rela.text.USBFSH_GetEndpData
                0x0000000000004320        0x0 ./User/USB_Host/app_km.o
 .rela.text.USBFSH_SendEndpData
                0x0000000000004320        0x0 ./User/USB_Host/app_km.o
 .rela.text.GamepadDecode
                0x0000000000004320        0x0 ./User/USB_Host/app_km.o
 .rela.text.GetGamepadInfo
                0x0000000000004320        0x0 ./User/USB_Host/app_km.o
 .rela.text.HID_GetHidDesr
                0x0000000000004320        0x0 ./User/USB_Host/app_km.o
 .rela.text.HID_SetReport
                0x0000000000004320        0x0 ./User/USB_Host/app_km.o
 .rela.text.HID_SetIdle
                0x0000000000004320        0x0 ./User/USB_Host/app_km.o
 .rela.text.HUB_GetPortStatus
                0x0000000000004320        0x0 ./User/USB_Host/app_km.o
 .rela.text.HUB_ClearPortFeature
                0x0000000000004320        0x0 ./User/USB_Host/app_km.o
 .rela.text.HUB_SetPortFeature
                0x0000000000004320        0x0 ./User/USB_Host/app_km.o
 .rela.text.HUB_GetClassDevDescr
                0x0000000000004320        0x0 ./User/USB_Host/app_km.o
 .rela.text.USBH_HID_GetKeyboardInfo
                0x0000000000004320        0x0 ./User/USB_Host/app_km.o
 .rela.text.USB_MouseDecode
                0x0000000000004320        0x0 ./User/USB_Host/app_km.o
 .rela.text.USB_GetMouseInfo
                0x0000000000004320        0x0 ./User/USB_Host/app_km.o
 .rela.text.startup.main
                0x0000000000004320        0x0 ./User/USB_Host/app_km.o
 .rela.text.InitMouse
                0x0000000000004320        0x0 ./User/USB_Host/app_km.o
 .rela.text.ProcessMouse
                0x0000000000004320        0x0 ./User/USB_Host/app_km.o
 .rela.text.ProcessScrollIRQ
                0x0000000000004320        0x0 ./User/USB_Host/app_km.o
 .rela.init     0x0000000000004320        0x0 ./User/USB_Host/app_km.o
 .rela.vector   0x0000000000004320        0x0 ./User/USB_Host/app_km.o
 .rela.text.handle_reset
                0x0000000000004320        0x0 ./User/USB_Host/app_km.o

.fini           0x0000000000004320        0x0
 *(SORT_NONE(.fini))
                0x0000000000004320                . = ALIGN (0x4)
                [!provide]                        PROVIDE (_etext = .)
                [!provide]                        PROVIDE (_eitcm = .)

.preinit_array  0x0000000000004320        0x0
                [!provide]                        PROVIDE (__preinit_array_start = .)
 *(.preinit_array)
                [!provide]                        PROVIDE (__preinit_array_end = .)

.init_array     0x0000000000004320        0x0
                [!provide]                        PROVIDE (__init_array_start = .)
 *(SORT_BY_INIT_PRIORITY(.init_array.*) SORT_BY_INIT_PRIORITY(.ctors.*))
 *(.init_array EXCLUDE_FILE(*crtend?.o *crtend.o *crtbegin?.o *crtbegin.o) .ctors)
                [!provide]                        PROVIDE (__init_array_end = .)

.fini_array     0x0000000000004320        0x0
                [!provide]                        PROVIDE (__fini_array_start = .)
 *(SORT_BY_INIT_PRIORITY(.fini_array.*) SORT_BY_INIT_PRIORITY(.dtors.*))
 *(.fini_array EXCLUDE_FILE(*crtend?.o *crtend.o *crtbegin?.o *crtbegin.o) .dtors)
                [!provide]                        PROVIDE (__fini_array_end = .)

.ctors
 *crtbegin.o(.ctors)
 *crtbegin?.o(.ctors)
 *(EXCLUDE_FILE(*crtend?.o *crtend.o) .ctors)
 *(SORT_BY_NAME(.ctors.*))
 *(.ctors)

.dtors
 *crtbegin.o(.dtors)
 *crtbegin?.o(.dtors)
 *(EXCLUDE_FILE(*crtend?.o *crtend.o) .dtors)
 *(SORT_BY_NAME(.dtors.*))
 *(.dtors)

.dalign         0x0000000020000000        0x0 load address 0x0000000000004320
                0x0000000020000000                . = ALIGN (0x4)
                0x0000000020000000                PROVIDE (_data_vma = .)

.dlalign        0x0000000000004320        0x0
                0x0000000000004320                . = ALIGN (0x4)
                0x0000000000004320                PROVIDE (_data_lma = .)

.data           0x0000000020000000       0x70 load address 0x0000000000004320
 *(.gnu.linkonce.r.*)
 *(.data .data.*)
 *(.gnu.linkonce.d.*)
                0x0000000020000000                . = ALIGN (0x8)
                0x0000000020000800                PROVIDE (__global_pointer$ = (. + 0x800))
 *(.sdata .sdata.*)
 .sdata.prev_keycode
                0x0000000020000000        0x1 ./User/keyboard.o
 .sdata.xTimerTop
                0x0000000020000001        0x1 ./User/mouse.o
                0x0000000020000001                xTimerTop
 .sdata.yTimerTop
                0x0000000020000002        0x1 ./User/mouse.o
                0x0000000020000002                yTimerTop
 *fill*         0x0000000020000003        0x1 
 .sdata.SystemCoreClock
                0x0000000020000004        0x4 ./User/system_ch32v20x.o
                0x0000000020000004                SystemCoreClock
 *(.sdata2.*)
 .sdata2.SetupClearEndpStall
                0x0000000020000008        0x8 ./User/USB_Host/ch32v20x_usbfs_host.o
 .sdata2.SetupGetCfgDesc
                0x0000000020000010        0x8 ./User/USB_Host/ch32v20x_usbfs_host.o
 .sdata2.SetupGetDevDesc
                0x0000000020000018        0x8 ./User/USB_Host/ch32v20x_usbfs_host.o
 .sdata2.SetupGetStrDesc
                0x0000000020000020        0x8 ./User/USB_Host/ch32v20x_usbfs_host.o
 .sdata2.SetupSetAddr
                0x0000000020000028        0x8 ./User/USB_Host/ch32v20x_usbfs_host.o
 .sdata2.SetupSetConfig
                0x0000000020000030        0x8 ./User/USB_Host/ch32v20x_usbfs_host.o
 .sdata2.SetupGetHidDes
                0x0000000020000038        0x8 ./User/USB_Host/usb_host_hid.o
 .sdata2.SetupSetReport
                0x0000000020000040        0x8 ./User/USB_Host/usb_host_hid.o
 .sdata2.SetupSetidle
                0x0000000020000048        0x8 ./User/USB_Host/usb_host_hid.o
 .sdata2.ClearPortFeature
                0x0000000020000050        0x8 ./User/USB_Host/usb_host_hub.o
 .sdata2.GetHubDescr
                0x0000000020000058        0x8 ./User/USB_Host/usb_host_hub.o
 .sdata2.GetPortStatus
                0x0000000020000060        0x8 ./User/USB_Host/usb_host_hub.o
 .sdata2.SetPortFeature
                0x0000000020000068        0x8 ./User/USB_Host/usb_host_hub.o
 *(.gnu.linkonce.s.*)
                0x0000000020000070                . = ALIGN (0x8)
 *(.srodata.cst16)
 *(.srodata.cst8)
 *(.srodata.cst4)
 *(.srodata.cst2)
 *(.srodata .srodata.*)
                0x0000000020000070                . = ALIGN (0x4)
                0x0000000020000070                PROVIDE (_edata = .)

.bss            0x0000000020000070     0x1b34 load address 0x0000000000004390
                0x0000000020000070                . = ALIGN (0x4)
                0x0000000020000070                PROVIDE (_sbss = .)
 *(.sbss*)
 .sbss.capslk   0x0000000020000070        0x1 ./User/keyboard.o
 .sbss.i        0x0000000020000071        0x1 ./User/keyboard.o
                0x0000000020000071                i
 .sbss.numlk    0x0000000020000072        0x1 ./User/keyboard.o
 .sbss.scrolllk
                0x0000000020000073        0x1 ./User/keyboard.o
 .sbss.mouseDirectionX
                0x0000000020000074        0x1 ./User/mouse.o
                0x0000000020000074                mouseDirectionX
 .sbss.mouseDirectionY
                0x0000000020000075        0x1 ./User/mouse.o
                0x0000000020000075                mouseDirectionY
 .sbss.mouseDistanceX
                0x0000000020000076        0x2 ./User/mouse.o
                0x0000000020000076                mouseDistanceX
 .sbss.mouseDistanceY
                0x0000000020000078        0x2 ./User/mouse.o
                0x0000000020000078                mouseDistanceY
 .sbss.mouseEncoderPhaseX
                0x000000002000007a        0x1 ./User/mouse.o
                0x000000002000007a                mouseEncoderPhaseX
 .sbss.mouseEncoderPhaseY
                0x000000002000007b        0x1 ./User/mouse.o
                0x000000002000007b                mouseEncoderPhaseY
 .sbss.previousMMB
                0x000000002000007c        0x1 ./User/mouse.o
                0x000000002000007c                previousMMB
 .sbss.MCU_Version
                0x000000002000007d        0x1 ./Peripheral/src/ch32v20x_gpio.o
                0x000000002000007d                MCU_Version
 *fill*         0x000000002000007e        0x2 
 .sbss.NVIC_Priority_Group
                0x0000000020000080        0x4 ./Peripheral/src/ch32v20x_misc.o
                0x0000000020000080                NVIC_Priority_Group
 .sbss.p_ms     0x0000000020000084        0x2 ./Debug/debug.o
 .sbss.p_us     0x0000000020000086        0x1 ./Debug/debug.o
 *(.gnu.linkonce.sb.*)
 *(.bss*)
 *fill*         0x0000000020000087        0x1 
 .bss.gamepad_report_data
                0x0000000020000088       0x40 ./User/USB_Host/usb_gamepad.o
 .bss.prevkeycode
                0x00000000200000c8        0xe ./User/keyboard.o
 *(.gnu.linkonce.b.*)
 *(COMMON*)
 *fill*         0x00000000200000d6        0x2 
 COMMON         0x00000000200000d8     0x1988 ./User/USB_Host/app_km.o
                0x00000000200000d8                HostCtl
                0x000000002000162c                DevDesc_Buf
                0x0000000020001640                RootHubDev
                0x0000000020001660                Com_Buf
 COMMON         0x0000000020001a60       0x80 ./User/USB_Host/ch32v20x_usbfs_host.o
                0x0000000020001a60                USBFS_RX_Buf
                0x0000000020001aa0                USBFS_TX_Buf
 COMMON         0x0000000020001ae0        0x2 ./User/USB_Host/usb_gamepad.o
                0x0000000020001ae0                gamepad_info
 *fill*         0x0000000020001ae2        0x2 
 COMMON         0x0000000020001ae4       0x1e ./User/USB_Host/usb_keyboard.o
                0x0000000020001ae4                keybd_report_data
                0x0000000020001af4                keybd_info
 *fill*         0x0000000020001b02        0x2 
 COMMON         0x0000000020001b04       0x14 ./User/USB_Host/usb_mouse.o
                0x0000000020001b04                mouse_info
                0x0000000020001b10                mouse_report_data
 COMMON         0x0000000020001b18       0x8c ./User/mouse.o
                0x0000000020001b18                ScrollBuffer
                0x0000000020001ba4                . = ALIGN (0x4)
                0x0000000020001ba4                PROVIDE (_ebss = .)
                0x0000000020001ba4                PROVIDE (_end = _ebss)
                [!provide]                        PROVIDE (end = .)

.stack          0x0000000020004800      0x800
                0x0000000020004800                PROVIDE (_heap_end = .)
                0x0000000020004800                . = ALIGN (0x4)
                [!provide]                        PROVIDE (_susrstack = .)
                0x0000000020005000                . = (. + __stack_size)
 *fill*         0x0000000020004800      0x800 
                0x0000000020005000                PROVIDE (_eusrstack = .)
OUTPUT(RISKYKVM.elf elf32-littleriscv)

.debug_info     0x0000000000000000    0x1d683
 .debug_info    0x0000000000000000     0x32e7 ./User/USB_Host/app_km.o
 .debug_info    0x00000000000032e7     0x1df5 ./User/USB_Host/ch32v20x_usbfs_host.o
 .debug_info    0x00000000000050dc     0x1325 ./User/USB_Host/usb_gamepad.o
 .debug_info    0x0000000000006401      0xe33 ./User/USB_Host/usb_hid_reportparser.o
 .debug_info    0x0000000000007234     0x120b ./User/USB_Host/usb_host_hid.o
 .debug_info    0x000000000000843f     0x1273 ./User/USB_Host/usb_host_hub.o
 .debug_info    0x00000000000096b2     0x11ec ./User/USB_Host/usb_keyboard.o
 .debug_info    0x000000000000a89e     0x1335 ./User/USB_Host/usb_mouse.o
 .debug_info    0x000000000000bbd3     0x10ee ./User/ch32v20x_it.o
 .debug_info    0x000000000000ccc1     0x11d7 ./User/gamepad.o
 .debug_info    0x000000000000de98     0x1169 ./User/gpio.o
 .debug_info    0x000000000000f001     0x1971 ./User/keyboard.o
 .debug_info    0x0000000000010972     0x14f5 ./User/main.o
 .debug_info    0x0000000000011e67     0x1bfc ./User/mouse.o
 .debug_info    0x0000000000013a63      0xb3f ./User/system_ch32v20x.o
 .debug_info    0x00000000000145a2     0x19c8 ./User/tim.o
 .debug_info    0x0000000000015f6a      0x2c4 ./User/utils.o
 .debug_info    0x000000000001622e       0x22 ./Startup/startup_ch32v20x_D6.o
 .debug_info    0x0000000000016250      0xc11 ./Peripheral/src/ch32v20x_exti.o
 .debug_info    0x0000000000016e61     0x10dd ./Peripheral/src/ch32v20x_gpio.o
 .debug_info    0x0000000000017f3e      0xe80 ./Peripheral/src/ch32v20x_misc.o
 .debug_info    0x0000000000018dbe     0x1260 ./Peripheral/src/ch32v20x_rcc.o
 .debug_info    0x000000000001a01e     0x29ab ./Peripheral/src/ch32v20x_tim.o
 .debug_info    0x000000000001c9c9      0xcba ./Debug/debug.o

.debug_abbrev   0x0000000000000000     0x4743
 .debug_abbrev  0x0000000000000000      0x55f ./User/USB_Host/app_km.o
 .debug_abbrev  0x000000000000055f      0x4be ./User/USB_Host/ch32v20x_usbfs_host.o
 .debug_abbrev  0x0000000000000a1d      0x35e ./User/USB_Host/usb_gamepad.o
 .debug_abbrev  0x0000000000000d7b      0x28f ./User/USB_Host/usb_hid_reportparser.o
 .debug_abbrev  0x000000000000100a      0x277 ./User/USB_Host/usb_host_hid.o
 .debug_abbrev  0x0000000000001281      0x2b1 ./User/USB_Host/usb_host_hub.o
 .debug_abbrev  0x0000000000001532      0x2ec ./User/USB_Host/usb_keyboard.o
 .debug_abbrev  0x000000000000181e      0x33b ./User/USB_Host/usb_mouse.o
 .debug_abbrev  0x0000000000001b59      0x2a4 ./User/ch32v20x_it.o
 .debug_abbrev  0x0000000000001dfd      0x286 ./User/gamepad.o
 .debug_abbrev  0x0000000000002083      0x263 ./User/gpio.o
 .debug_abbrev  0x00000000000022e6      0x388 ./User/keyboard.o
 .debug_abbrev  0x000000000000266e      0x2cf ./User/main.o
 .debug_abbrev  0x000000000000293d      0x370 ./User/mouse.o
 .debug_abbrev  0x0000000000002cad      0x2b3 ./User/system_ch32v20x.o
 .debug_abbrev  0x0000000000002f60      0x331 ./User/tim.o
 .debug_abbrev  0x0000000000003291      0x136 ./User/utils.o
 .debug_abbrev  0x00000000000033c7       0x12 ./Startup/startup_ch32v20x_D6.o
 .debug_abbrev  0x00000000000033d9      0x2dd ./Peripheral/src/ch32v20x_exti.o
 .debug_abbrev  0x00000000000036b6      0x34e ./Peripheral/src/ch32v20x_gpio.o
 .debug_abbrev  0x0000000000003a04      0x2fe ./Peripheral/src/ch32v20x_misc.o
 .debug_abbrev  0x0000000000003d02      0x354 ./Peripheral/src/ch32v20x_rcc.o
 .debug_abbrev  0x0000000000004056      0x424 ./Peripheral/src/ch32v20x_tim.o
 .debug_abbrev  0x000000000000447a      0x2c9 ./Debug/debug.o

.debug_loc      0x0000000000000000     0x6354
 .debug_loc     0x0000000000000000     0x105d ./User/USB_Host/app_km.o
 .debug_loc     0x000000000000105d      0x895 ./User/USB_Host/ch32v20x_usbfs_host.o
 .debug_loc     0x00000000000018f2      0x2a1 ./User/USB_Host/usb_gamepad.o
 .debug_loc     0x0000000000001b93      0x87a ./User/USB_Host/usb_hid_reportparser.o
 .debug_loc     0x000000000000240d      0x1a2 ./User/USB_Host/usb_host_hid.o
 .debug_loc     0x00000000000025af      0x213 ./User/USB_Host/usb_host_hub.o
 .debug_loc     0x00000000000027c2       0xca ./User/USB_Host/usb_keyboard.o
 .debug_loc     0x000000000000288c      0x1d6 ./User/USB_Host/usb_mouse.o
 .debug_loc     0x0000000000002a62       0x37 ./User/gamepad.o
 .debug_loc     0x0000000000002a99      0x3f7 ./User/keyboard.o
 .debug_loc     0x0000000000002e90       0xcf ./User/main.o
 .debug_loc     0x0000000000002f5f      0x214 ./User/mouse.o
 .debug_loc     0x0000000000003173       0xac ./User/system_ch32v20x.o
 .debug_loc     0x000000000000321f       0x2a ./User/tim.o
 .debug_loc     0x0000000000003249      0x3b2 ./User/utils.o
 .debug_loc     0x00000000000035fb      0x181 ./Peripheral/src/ch32v20x_exti.o
 .debug_loc     0x000000000000377c      0x805 ./Peripheral/src/ch32v20x_gpio.o
 .debug_loc     0x0000000000003f81       0xce ./Peripheral/src/ch32v20x_misc.o
 .debug_loc     0x000000000000404f      0x797 ./Peripheral/src/ch32v20x_rcc.o
 .debug_loc     0x00000000000047e6     0x1ad5 ./Peripheral/src/ch32v20x_tim.o
 .debug_loc     0x00000000000062bb       0x99 ./Debug/debug.o

.debug_aranges  0x0000000000000000      0x9a8
 .debug_aranges
                0x0000000000000000       0xa0 ./User/USB_Host/app_km.o
 .debug_aranges
                0x00000000000000a0       0xb8 ./User/USB_Host/ch32v20x_usbfs_host.o
 .debug_aranges
                0x0000000000000158       0x28 ./User/USB_Host/usb_gamepad.o
 .debug_aranges
                0x0000000000000180       0x28 ./User/USB_Host/usb_hid_reportparser.o
 .debug_aranges
                0x00000000000001a8       0x30 ./User/USB_Host/usb_host_hid.o
 .debug_aranges
                0x00000000000001d8       0x38 ./User/USB_Host/usb_host_hub.o
 .debug_aranges
                0x0000000000000210       0x20 ./User/USB_Host/usb_keyboard.o
 .debug_aranges
                0x0000000000000230       0x28 ./User/USB_Host/usb_mouse.o
 .debug_aranges
                0x0000000000000258       0x30 ./User/ch32v20x_it.o
 .debug_aranges
                0x0000000000000288       0x20 ./User/gamepad.o
 .debug_aranges
                0x00000000000002a8       0x20 ./User/gpio.o
 .debug_aranges
                0x00000000000002c8       0x50 ./User/keyboard.o
 .debug_aranges
                0x0000000000000318       0x20 ./User/main.o
 .debug_aranges
                0x0000000000000338       0x48 ./User/mouse.o
 .debug_aranges
                0x0000000000000380       0x28 ./User/system_ch32v20x.o
 .debug_aranges
                0x00000000000003a8       0x38 ./User/tim.o
 .debug_aranges
                0x00000000000003e0       0x38 ./User/utils.o
 .debug_aranges
                0x0000000000000418       0x30 ./Startup/startup_ch32v20x_D6.o
 .debug_aranges
                0x0000000000000448       0x50 ./Peripheral/src/ch32v20x_exti.o
 .debug_aranges
                0x0000000000000498       0xa8 ./Peripheral/src/ch32v20x_gpio.o
 .debug_aranges
                0x0000000000000540       0x28 ./Peripheral/src/ch32v20x_misc.o
 .debug_aranges
                0x0000000000000568      0x128 ./Peripheral/src/ch32v20x_rcc.o
 .debug_aranges
                0x0000000000000690      0x2d0 ./Peripheral/src/ch32v20x_tim.o
 .debug_aranges
                0x0000000000000960       0x48 ./Debug/debug.o

.debug_ranges   0x0000000000000000      0xac8
 .debug_ranges  0x0000000000000000      0x148 ./User/USB_Host/app_km.o
 .debug_ranges  0x0000000000000148       0xd8 ./User/USB_Host/ch32v20x_usbfs_host.o
 .debug_ranges  0x0000000000000220       0x30 ./User/USB_Host/usb_gamepad.o
 .debug_ranges  0x0000000000000250       0x90 ./User/USB_Host/usb_hid_reportparser.o
 .debug_ranges  0x00000000000002e0       0x20 ./User/USB_Host/usb_host_hid.o
 .debug_ranges  0x0000000000000300       0x28 ./User/USB_Host/usb_host_hub.o
 .debug_ranges  0x0000000000000328       0x30 ./User/USB_Host/usb_keyboard.o
 .debug_ranges  0x0000000000000358       0x18 ./User/USB_Host/usb_mouse.o
 .debug_ranges  0x0000000000000370       0x20 ./User/ch32v20x_it.o
 .debug_ranges  0x0000000000000390       0x10 ./User/gamepad.o
 .debug_ranges  0x00000000000003a0       0x10 ./User/gpio.o
 .debug_ranges  0x00000000000003b0       0x40 ./User/keyboard.o
 .debug_ranges  0x00000000000003f0       0x68 ./User/main.o
 .debug_ranges  0x0000000000000458       0x38 ./User/mouse.o
 .debug_ranges  0x0000000000000490       0x18 ./User/system_ch32v20x.o
 .debug_ranges  0x00000000000004a8       0x58 ./User/tim.o
 .debug_ranges  0x0000000000000500       0x28 ./User/utils.o
 .debug_ranges  0x0000000000000528       0x28 ./Startup/startup_ch32v20x_D6.o
 .debug_ranges  0x0000000000000550       0x40 ./Peripheral/src/ch32v20x_exti.o
 .debug_ranges  0x0000000000000590       0x98 ./Peripheral/src/ch32v20x_gpio.o
 .debug_ranges  0x0000000000000628       0x48 ./Peripheral/src/ch32v20x_misc.o
 .debug_ranges  0x0000000000000670      0x118 ./Peripheral/src/ch32v20x_rcc.o
 .debug_ranges  0x0000000000000788      0x308 ./Peripheral/src/ch32v20x_tim.o
 .debug_ranges  0x0000000000000a90       0x38 ./Debug/debug.o

.debug_macro    0x0000000000000000     0xf573
 .debug_macro   0x0000000000000000      0x339 ./User/USB_Host/app_km.o
 .debug_macro   0x0000000000000339      0x75a ./User/USB_Host/app_km.o
 .debug_macro   0x0000000000000a93       0x22 ./User/USB_Host/app_km.o
 .debug_macro   0x0000000000000ab5       0x52 ./User/USB_Host/app_km.o
 .debug_macro   0x0000000000000b07       0x19 ./User/USB_Host/app_km.o
 .debug_macro   0x0000000000000b20       0x94 ./User/USB_Host/app_km.o
 .debug_macro   0x0000000000000bb4       0x34 ./User/USB_Host/app_km.o
 .debug_macro   0x0000000000000be8       0x34 ./User/USB_Host/app_km.o
 .debug_macro   0x0000000000000c1c      0x16d ./User/USB_Host/app_km.o
 .debug_macro   0x0000000000000d89       0x57 ./User/USB_Host/app_km.o
 .debug_macro   0x0000000000000de0       0x58 ./User/USB_Host/app_km.o
 .debug_macro   0x0000000000000e38       0x1f ./User/USB_Host/app_km.o
 .debug_macro   0x0000000000000e57       0x43 ./User/USB_Host/app_km.o
 .debug_macro   0x0000000000000e9a       0x20 ./User/USB_Host/app_km.o
 .debug_macro   0x0000000000000eba      0x18e ./User/USB_Host/app_km.o
 .debug_macro   0x0000000000001048      0x353 ./User/USB_Host/app_km.o
 .debug_macro   0x000000000000139b       0x10 ./User/USB_Host/app_km.o
 .debug_macro   0x00000000000013ab       0x35 ./User/USB_Host/app_km.o
 .debug_macro   0x00000000000013e0       0x1c ./User/USB_Host/app_km.o
 .debug_macro   0x00000000000013fc       0x10 ./User/USB_Host/app_km.o
 .debug_macro   0x000000000000140c       0x10 ./User/USB_Host/app_km.o
 .debug_macro   0x000000000000141c       0x6a ./User/USB_Host/app_km.o
 .debug_macro   0x0000000000001486       0x1c ./User/USB_Host/app_km.o
 .debug_macro   0x00000000000014a2       0x52 ./User/USB_Host/app_km.o
 .debug_macro   0x00000000000014f4       0x40 ./User/USB_Host/app_km.o
 .debug_macro   0x0000000000001534       0x10 ./User/USB_Host/app_km.o
 .debug_macro   0x0000000000001544       0x40 ./User/USB_Host/app_km.o
 .debug_macro   0x0000000000001584       0xd7 ./User/USB_Host/app_km.o
 .debug_macro   0x000000000000165b       0x1c ./User/USB_Host/app_km.o
 .debug_macro   0x0000000000001677       0x3d ./User/USB_Host/app_km.o
 .debug_macro   0x00000000000016b4       0x16 ./User/USB_Host/app_km.o
 .debug_macro   0x00000000000016ca      0x16f ./User/USB_Host/app_km.o
 .debug_macro   0x0000000000001839       0x3a ./User/USB_Host/app_km.o
 .debug_macro   0x0000000000001873       0xef ./User/USB_Host/app_km.o
 .debug_macro   0x0000000000001962      0x1df ./User/USB_Host/app_km.o
 .debug_macro   0x0000000000001b41       0x46 ./User/USB_Host/app_km.o
 .debug_macro   0x0000000000001b87     0x5603 ./User/USB_Host/app_km.o
 .debug_macro   0x000000000000718a      0x24f ./User/USB_Host/app_km.o
 .debug_macro   0x00000000000073d9      0x12a ./User/USB_Host/app_km.o
 .debug_macro   0x0000000000007503      0x32f ./User/USB_Host/app_km.o
 .debug_macro   0x0000000000007832       0x7c ./User/USB_Host/app_km.o
 .debug_macro   0x00000000000078ae      0x239 ./User/USB_Host/app_km.o
 .debug_macro   0x0000000000007ae7       0x88 ./User/USB_Host/app_km.o
 .debug_macro   0x0000000000007b6f      0x142 ./User/USB_Host/app_km.o
 .debug_macro   0x0000000000007cb1      0x239 ./User/USB_Host/app_km.o
 .debug_macro   0x0000000000007eea      0x206 ./User/USB_Host/app_km.o
 .debug_macro   0x00000000000080f0       0x4c ./User/USB_Host/app_km.o
 .debug_macro   0x000000000000813c       0x64 ./User/USB_Host/app_km.o
 .debug_macro   0x00000000000081a0      0x35c ./User/USB_Host/app_km.o
 .debug_macro   0x00000000000084fc       0x3a ./User/USB_Host/app_km.o
 .debug_macro   0x0000000000008536      0x1f1 ./User/USB_Host/app_km.o
 .debug_macro   0x0000000000008727      0x564 ./User/USB_Host/app_km.o
 .debug_macro   0x0000000000008c8b      0x15e ./User/USB_Host/app_km.o
 .debug_macro   0x0000000000008de9       0x22 ./User/USB_Host/app_km.o
 .debug_macro   0x0000000000008e0b       0x28 ./User/USB_Host/app_km.o
 .debug_macro   0x0000000000008e33       0x22 ./User/USB_Host/app_km.o
 .debug_macro   0x0000000000008e55      0x643 ./User/USB_Host/app_km.o
 .debug_macro   0x0000000000009498       0x1c ./User/USB_Host/app_km.o
 .debug_macro   0x00000000000094b4       0x10 ./User/USB_Host/app_km.o
 .debug_macro   0x00000000000094c4       0x10 ./User/USB_Host/app_km.o
 .debug_macro   0x00000000000094d4       0x34 ./User/USB_Host/app_km.o
 .debug_macro   0x0000000000009508       0x22 ./User/USB_Host/app_km.o
 .debug_macro   0x000000000000952a       0xf4 ./User/USB_Host/app_km.o
 .debug_macro   0x000000000000961e       0x8e ./User/USB_Host/app_km.o
 .debug_macro   0x00000000000096ac      0x330 ./User/USB_Host/ch32v20x_usbfs_host.o
 .debug_macro   0x00000000000099dc      0x3cd ./User/USB_Host/usb_gamepad.o
 .debug_macro   0x0000000000009da9       0x8e ./User/USB_Host/usb_gamepad.o
 .debug_macro   0x0000000000009e37       0x51 ./User/USB_Host/usb_gamepad.o
 .debug_macro   0x0000000000009e88       0x58 ./User/USB_Host/usb_gamepad.o
 .debug_macro   0x0000000000009ee0       0x16 ./User/USB_Host/usb_gamepad.o
 .debug_macro   0x0000000000009ef6       0x16 ./User/USB_Host/usb_gamepad.o
 .debug_macro   0x0000000000009f0c       0x29 ./User/USB_Host/usb_gamepad.o
 .debug_macro   0x0000000000009f35      0x290 ./User/USB_Host/usb_hid_reportparser.o
 .debug_macro   0x000000000000a1c5       0x3a ./User/USB_Host/usb_hid_reportparser.o
 .debug_macro   0x000000000000a1ff       0x82 ./User/USB_Host/usb_hid_reportparser.o
 .debug_macro   0x000000000000a281      0x4cc ./User/USB_Host/usb_hid_reportparser.o
 .debug_macro   0x000000000000a74d       0x22 ./User/USB_Host/usb_hid_reportparser.o
 .debug_macro   0x000000000000a76f       0x97 ./User/USB_Host/usb_hid_reportparser.o
 .debug_macro   0x000000000000a806       0x86 ./User/USB_Host/usb_hid_reportparser.o
 .debug_macro   0x000000000000a88c      0x330 ./User/USB_Host/usb_host_hid.o
 .debug_macro   0x000000000000abbc      0x330 ./User/USB_Host/usb_host_hub.o
 .debug_macro   0x000000000000aeec      0x33a ./User/USB_Host/usb_keyboard.o
 .debug_macro   0x000000000000b226      0x33f ./User/USB_Host/usb_mouse.o
 .debug_macro   0x000000000000b565      0x34d ./User/ch32v20x_it.o
 .debug_macro   0x000000000000b8b2       0x16 ./User/ch32v20x_it.o
 .debug_macro   0x000000000000b8c8       0xf6 ./User/ch32v20x_it.o
 .debug_macro   0x000000000000b9be       0x16 ./User/ch32v20x_it.o
 .debug_macro   0x000000000000b9d4       0x5e ./User/ch32v20x_it.o
 .debug_macro   0x000000000000ba32      0x352 ./User/gamepad.o
 .debug_macro   0x000000000000bd84      0x2cf ./User/gpio.o
 .debug_macro   0x000000000000c053      0x233 ./User/gpio.o
 .debug_macro   0x000000000000c286       0x88 ./User/gpio.o
 .debug_macro   0x000000000000c30e      0x96d ./User/keyboard.o
 .debug_macro   0x000000000000cc7b       0x10 ./User/keyboard.o
 .debug_macro   0x000000000000cc8b      0x3b1 ./User/main.o
 .debug_macro   0x000000000000d03c       0x64 ./User/main.o
 .debug_macro   0x000000000000d0a0      0x38f ./User/mouse.o
 .debug_macro   0x000000000000d42f      0x2bc ./User/system_ch32v20x.o
 .debug_macro   0x000000000000d6eb      0x35b ./User/tim.o
 .debug_macro   0x000000000000da46       0x63 ./User/utils.o
 .debug_macro   0x000000000000daa9      0x2c6 ./Peripheral/src/ch32v20x_exti.o
 .debug_macro   0x000000000000dd6f       0x82 ./Peripheral/src/ch32v20x_exti.o
 .debug_macro   0x000000000000ddf1      0x2e4 ./Peripheral/src/ch32v20x_gpio.o
 .debug_macro   0x000000000000e0d5      0x2c0 ./Peripheral/src/ch32v20x_misc.o
 .debug_macro   0x000000000000e395       0x22 ./Peripheral/src/ch32v20x_misc.o
 .debug_macro   0x000000000000e3b7      0x380 ./Peripheral/src/ch32v20x_rcc.o
 .debug_macro   0x000000000000e737      0x356 ./Peripheral/src/ch32v20x_rcc.o
 .debug_macro   0x000000000000ea8d      0x2d8 ./Peripheral/src/ch32v20x_tim.o
 .debug_macro   0x000000000000ed65      0x55e ./Peripheral/src/ch32v20x_tim.o
 .debug_macro   0x000000000000f2c3      0x2b0 ./Debug/debug.o

.debug_line     0x0000000000000000    0x16c42
 .debug_line    0x0000000000000000     0x38bd ./User/USB_Host/app_km.o
 .debug_line    0x00000000000038bd     0x18eb ./User/USB_Host/ch32v20x_usbfs_host.o
 .debug_line    0x00000000000051a8      0xbf0 ./User/USB_Host/usb_gamepad.o
 .debug_line    0x0000000000005d98      0xf5e ./User/USB_Host/usb_hid_reportparser.o
 .debug_line    0x0000000000006cf6      0x7b4 ./User/USB_Host/usb_host_hid.o
 .debug_line    0x00000000000074aa      0x87f ./User/USB_Host/usb_host_hub.o
 .debug_line    0x0000000000007d29      0x7d5 ./User/USB_Host/usb_keyboard.o
 .debug_line    0x00000000000084fe      0x9a7 ./User/USB_Host/usb_mouse.o
 .debug_line    0x0000000000008ea5      0x744 ./User/ch32v20x_it.o
 .debug_line    0x00000000000095e9      0x7de ./User/gamepad.o
 .debug_line    0x0000000000009dc7      0xae4 ./User/gpio.o
 .debug_line    0x000000000000a8ab     0x1338 ./User/keyboard.o
 .debug_line    0x000000000000bbe3      0x9d2 ./User/main.o
 .debug_line    0x000000000000c5b5     0x13c0 ./User/mouse.o
 .debug_line    0x000000000000d975      0x8bd ./User/system_ch32v20x.o
 .debug_line    0x000000000000e232      0x997 ./User/tim.o
 .debug_line    0x000000000000ebc9      0x759 ./User/utils.o
 .debug_line    0x000000000000f322      0x280 ./Startup/startup_ch32v20x_D6.o
 .debug_line    0x000000000000f5a2      0x8f7 ./Peripheral/src/ch32v20x_exti.o
 .debug_line    0x000000000000fe99     0x1375 ./Peripheral/src/ch32v20x_gpio.o
 .debug_line    0x000000000001120e      0x7f2 ./Peripheral/src/ch32v20x_misc.o
 .debug_line    0x0000000000011a00     0x1491 ./Peripheral/src/ch32v20x_rcc.o
 .debug_line    0x0000000000012e91     0x3525 ./Peripheral/src/ch32v20x_tim.o
 .debug_line    0x00000000000163b6      0x88c ./Debug/debug.o

.debug_str      0x0000000000000000    0x3573d
 .debug_str     0x0000000000000000    0x3045f ./User/USB_Host/app_km.o
                                      0x307af (size before relaxing)
 .debug_str     0x000000000003045f      0x1d5 ./User/USB_Host/ch32v20x_usbfs_host.o
                                      0x2fbd4 (size before relaxing)
 .debug_str     0x0000000000030634      0x34f ./User/USB_Host/usb_gamepad.o
                                      0x2f929 (size before relaxing)
 .debug_str     0x0000000000030983     0x1644 ./User/USB_Host/usb_hid_reportparser.o
                                       0x8ce4 (size before relaxing)
 .debug_str     0x0000000000031fc7       0x53 ./User/USB_Host/usb_host_hid.o
                                      0x2f6b0 (size before relaxing)
 .debug_str     0x000000000003201a       0x57 ./User/USB_Host/usb_host_hub.o
                                      0x2f6d1 (size before relaxing)
 .debug_str     0x0000000000032071       0xe3 ./User/USB_Host/usb_keyboard.o
                                      0x2f6c1 (size before relaxing)
 .debug_str     0x0000000000032154       0xcb ./User/USB_Host/usb_mouse.o
                                      0x2f704 (size before relaxing)
 .debug_str     0x000000000003221f      0x1c3 ./User/ch32v20x_it.o
                                      0x2f792 (size before relaxing)
 .debug_str     0x00000000000323e2       0x56 ./User/gamepad.o
                                      0x2f880 (size before relaxing)
 .debug_str     0x0000000000032438      0x274 ./User/gpio.o
                                      0x2dee4 (size before relaxing)
 .debug_str     0x00000000000326ac     0x12ed ./User/keyboard.o
                                      0x31e75 (size before relaxing)
 .debug_str     0x0000000000033999       0x8c ./User/main.o
                                      0x30d7e (size before relaxing)
 .debug_str     0x0000000000033a25      0x1aa ./User/mouse.o
                                      0x2fd8b (size before relaxing)
 .debug_str     0x0000000000033bcf      0x135 ./User/system_ch32v20x.o
                                      0x2d7e4 (size before relaxing)
 .debug_str     0x0000000000033d04       0x4f ./User/tim.o
                                      0x2fdc1 (size before relaxing)
 .debug_str     0x0000000000033d53       0x46 ./User/utils.o
                                       0x34af (size before relaxing)
 .debug_str     0x0000000000033d99       0x4e ./Startup/startup_ch32v20x_D6.o
                                         0x7b (size before relaxing)
 .debug_str     0x0000000000033de7      0x109 ./Peripheral/src/ch32v20x_exti.o
                                      0x2d8d2 (size before relaxing)
 .debug_str     0x0000000000033ef0      0x30f ./Peripheral/src/ch32v20x_gpio.o
                                      0x2db93 (size before relaxing)
 .debug_str     0x00000000000341ff       0xc4 ./Peripheral/src/ch32v20x_misc.o
                                      0x2dba8 (size before relaxing)
 .debug_str     0x00000000000342c3      0x8cf ./Peripheral/src/ch32v20x_rcc.o
                                      0x2e0ed (size before relaxing)
 .debug_str     0x0000000000034b92      0xa99 ./Peripheral/src/ch32v20x_tim.o
                                      0x2e423 (size before relaxing)
 .debug_str     0x000000000003562b      0x112 ./Debug/debug.o
                                      0x2d914 (size before relaxing)

.comment        0x0000000000000000       0x33
 .comment       0x0000000000000000       0x33 ./User/USB_Host/app_km.o
                                         0x34 (size before relaxing)
 .comment       0x0000000000000033       0x34 ./User/USB_Host/ch32v20x_usbfs_host.o
 .comment       0x0000000000000033       0x34 ./User/USB_Host/usb_gamepad.o
 .comment       0x0000000000000033       0x34 ./User/USB_Host/usb_hid_reportparser.o
 .comment       0x0000000000000033       0x34 ./User/USB_Host/usb_host_hid.o
 .comment       0x0000000000000033       0x34 ./User/USB_Host/usb_host_hub.o
 .comment       0x0000000000000033       0x34 ./User/USB_Host/usb_keyboard.o
 .comment       0x0000000000000033       0x34 ./User/USB_Host/usb_mouse.o
 .comment       0x0000000000000033       0x34 ./User/ch32v20x_it.o
 .comment       0x0000000000000033       0x34 ./User/gamepad.o
 .comment       0x0000000000000033       0x34 ./User/gpio.o
 .comment       0x0000000000000033       0x34 ./User/keyboard.o
 .comment       0x0000000000000033       0x34 ./User/main.o
 .comment       0x0000000000000033       0x34 ./User/mouse.o
 .comment       0x0000000000000033       0x34 ./User/system_ch32v20x.o
 .comment       0x0000000000000033       0x34 ./User/tim.o
 .comment       0x0000000000000033       0x34 ./User/utils.o
 .comment       0x0000000000000033       0x34 ./Peripheral/src/ch32v20x_exti.o
 .comment       0x0000000000000033       0x34 ./Peripheral/src/ch32v20x_gpio.o
 .comment       0x0000000000000033       0x34 ./Peripheral/src/ch32v20x_misc.o
 .comment       0x0000000000000033       0x34 ./Peripheral/src/ch32v20x_rcc.o
 .comment       0x0000000000000033       0x34 ./Peripheral/src/ch32v20x_tim.o
 .comment       0x0000000000000033       0x34 ./Debug/debug.o

.debug_frame    0x0000000000000000     0x1804
 .debug_frame   0x0000000000000000      0x3a0 ./User/USB_Host/app_km.o
 .debug_frame   0x00000000000003a0      0x2c4 ./User/USB_Host/ch32v20x_usbfs_host.o
 .debug_frame   0x0000000000000664       0x6c ./User/USB_Host/usb_gamepad.o
 .debug_frame   0x00000000000006d0       0x70 ./User/USB_Host/usb_hid_reportparser.o
 .debug_frame   0x0000000000000740       0x40 ./User/USB_Host/usb_host_hid.o
 .debug_frame   0x0000000000000780       0x88 ./User/USB_Host/usb_host_hub.o
 .debug_frame   0x0000000000000808       0x3c ./User/USB_Host/usb_keyboard.o
 .debug_frame   0x0000000000000844       0x64 ./User/USB_Host/usb_mouse.o
 .debug_frame   0x00000000000008a8       0x40 ./User/ch32v20x_it.o
 .debug_frame   0x00000000000008e8       0x34 ./User/gamepad.o
 .debug_frame   0x000000000000091c       0x4c ./User/gpio.o
 .debug_frame   0x0000000000000968      0x104 ./User/keyboard.o
 .debug_frame   0x0000000000000a6c       0x40 ./User/main.o
 .debug_frame   0x0000000000000aac       0xf8 ./User/mouse.o
 .debug_frame   0x0000000000000ba4       0x30 ./User/system_ch32v20x.o
 .debug_frame   0x0000000000000bd4       0x78 ./User/tim.o
 .debug_frame   0x0000000000000c4c       0x50 ./User/utils.o
 .debug_frame   0x0000000000000c9c       0x90 ./Peripheral/src/ch32v20x_exti.o
 .debug_frame   0x0000000000000d2c      0x150 ./Peripheral/src/ch32v20x_gpio.o
 .debug_frame   0x0000000000000e7c       0x30 ./Peripheral/src/ch32v20x_misc.o
 .debug_frame   0x0000000000000eac      0x240 ./Peripheral/src/ch32v20x_rcc.o
 .debug_frame   0x00000000000010ec      0x668 ./Peripheral/src/ch32v20x_tim.o
 .debug_frame   0x0000000000001754       0x70 ./Debug/debug.o
 .debug_frame   0x00000000000017c4       0x20 c:/mounriver/mounriver_studio/toolchain/risc-v embedded gcc/bin/../lib/gcc/riscv-none-embed/8.2.0/../../../../riscv-none-embed/lib/rv32imac/ilp32\libg_nano.a(lib_a-memchr.o)
 .debug_frame   0x00000000000017e4       0x20 c:/mounriver/mounriver_studio/toolchain/risc-v embedded gcc/bin/../lib/gcc/riscv-none-embed/8.2.0/../../../../riscv-none-embed/lib/rv32imac/ilp32\libg_nano.a(lib_a-memcpy.o)
